{
  "daemon_logs": "-- Logs begin at Fri 2021-07-16 09:15:47 UTC, end at Mon 2021-07-19 06:12:34 UTC. --\nJul 19 06:12:18 r740-alpha magiceraser-daemon[107931]: [2021-07-19 02:12:18,994|magiceraser.daemon/__init__] INFO: Listing available devices\nJul 19 06:12:20 r740-alpha magiceraser-daemon[107931]: [2021-07-19 02:12:20,055|magiceraser.daemon/__init__] INFO: Listing available devices\nJul 19 06:12:21 r740-alpha magiceraser-daemon[107931]: [2021-07-19 02:12:21,104|magiceraser.daemon/__init__] INFO: Listing available devices\nJul 19 06:12:22 r740-alpha magiceraser-daemon[107931]: [2021-07-19 02:12:22,151|magiceraser.daemon/__init__] INFO: Listing available devices\nJul 19 06:12:23 r740-alpha magiceraser-daemon[107931]: [2021-07-19 02:12:23,202|magiceraser.daemon/__init__] INFO: Listing available devices\nJul 19 06:12:24 r740-alpha magiceraser-daemon[107931]: [2021-07-19 02:12:24,250|magiceraser.daemon/__init__] INFO: Listing available devices\nJul 19 06:12:25 r740-alpha magiceraser-daemon[107931]: [2021-07-19 02:12:25,298|magiceraser.daemon/__init__] INFO: Listing available devices\nJul 19 06:12:26 r740-alpha magiceraser-daemon[107931]: [2021-07-19 02:12:26,346|magiceraser.daemon/__init__] INFO: Listing available devices\nJul 19 06:12:27 r740-alpha magiceraser-daemon[107931]: [2021-07-19 02:12:27,394|magiceraser.daemon/__init__] INFO: Listing available devices\nJul 19 06:12:28 r740-alpha magiceraser-daemon[107931]: [2021-07-19 02:12:28,442|magiceraser.daemon/__init__] INFO: Listing available devices\nJul 19 06:12:29 r740-alpha magiceraser-daemon[107931]: [2021-07-19 02:12:29,490|magiceraser.daemon/__init__] INFO: Listing available devices\nJul 19 06:12:30 r740-alpha magiceraser-daemon[107931]: [2021-07-19 02:12:30,538|magiceraser.daemon/__init__] INFO: Listing available devices\nJul 19 06:12:31 r740-alpha magiceraser-daemon[107931]: [2021-07-19 02:12:31,586|magiceraser.daemon/__init__] INFO: Listing available devices\nJul 19 06:12:32 r740-alpha magiceraser-daemon[107931]: [2021-07-19 02:12:32,635|magiceraser.daemon/__init__] INFO: Listing available devices\nJul 19 06:12:33 r740-alpha magiceraser-daemon[107931]: [2021-07-19 02:12:33,682|magiceraser.daemon/__init__] INFO: Listing available devices\nJul 19 06:12:34 r740-alpha magiceraser-daemon[107931]: [2021-07-19 02:12:34,729|magiceraser.daemon/__init__] INFO: Listing available devices\n",
  "dmesg": "[    0.000000] Linux version 4.18.0-193.el8.x86_64 (mockbuild@kbuilder.bsys.centos.org) (gcc version 8.3.1 20191121 (Red Hat 8.3.1-5) (GCC)) #1 SMP Fri May 8 10:59:10 UTC 2020\n[    0.000000] Command line: BOOT_IMAGE=(hd4,gpt2)/vmlinuz-4.18.0-193.el8.x86_64 root=/dev/mapper/cs-root ro crashkernel=auto resume=/dev/mapper/cs-swap rd.lvm.lv=cs/root rd.lvm.lv=cs/swap rhgb quiet intel_iommu=on\n[    0.000000] x86/fpu: Supporting XSAVE feature 0x001: 'x87 floating point registers'\n[    0.000000] x86/fpu: Supporting XSAVE feature 0x002: 'SSE registers'\n[    0.000000] x86/fpu: Supporting XSAVE feature 0x004: 'AVX registers'\n[    0.000000] x86/fpu: Supporting XSAVE feature 0x008: 'MPX bounds registers'\n[    0.000000] x86/fpu: Supporting XSAVE feature 0x010: 'MPX CSR'\n[    0.000000] x86/fpu: Supporting XSAVE feature 0x020: 'AVX-512 opmask'\n[    0.000000] x86/fpu: Supporting XSAVE feature 0x040: 'AVX-512 Hi256'\n[    0.000000] x86/fpu: Supporting XSAVE feature 0x080: 'AVX-512 ZMM_Hi256'\n[    0.000000] x86/fpu: Supporting XSAVE feature 0x200: 'Protection Keys User registers'\n[    0.000000] x86/fpu: xstate_offset[2]:  576, xstate_sizes[2]:  256\n[    0.000000] x86/fpu: xstate_offset[3]:  832, xstate_sizes[3]:   64\n[    0.000000] x86/fpu: xstate_offset[4]:  896, xstate_sizes[4]:   64\n[    0.000000] x86/fpu: xstate_offset[5]:  960, xstate_sizes[5]:   64\n[    0.000000] x86/fpu: xstate_offset[6]: 1024, xstate_sizes[6]:  512\n[    0.000000] x86/fpu: xstate_offset[7]: 1536, xstate_sizes[7]: 1024\n[    0.000000] x86/fpu: xstate_offset[9]: 2560, xstate_sizes[9]:    8\n[    0.000000] x86/fpu: Enabled xstate features 0x2ff, context size is 2568 bytes, using 'compacted' format.\n[    0.000000] BIOS-provided physical RAM map:\n[    0.000000] BIOS-e820: [mem 0x0000000000000000-0x000000000009ffff] usable\n[    0.000000] BIOS-e820: [mem 0x00000000000a0000-0x00000000000fffff] reserved\n[    0.000000] BIOS-e820: [mem 0x0000000000100000-0x00000000682fefff] usable\n[    0.000000] BIOS-e820: [mem 0x00000000682ff000-0x000000006ebfefff] reserved\n[    0.000000] BIOS-e820: [mem 0x000000006ebff000-0x000000006f9fefff] ACPI NVS\n[    0.000000] BIOS-e820: [mem 0x000000006f9ff000-0x000000006fffefff] ACPI data\n[    0.000000] BIOS-e820: [mem 0x000000006ffff000-0x000000006fffffff] usable\n[    0.000000] BIOS-e820: [mem 0x0000000070000000-0x000000008fffffff] reserved\n[    0.000000] BIOS-e820: [mem 0x00000000fe000000-0x00000000fe010fff] reserved\n[    0.000000] BIOS-e820: [mem 0x0000000100000000-0x000000107fffffff] usable\n[    0.000000] NX (Execute Disable) protection: active\n[    0.000000] e820: update [mem 0x4fffe020-0x5003005f] usable ==> usable\n[    0.000000] e820: update [mem 0x4fffe020-0x5003005f] usable ==> usable\n[    0.000000] e820: update [mem 0x4ffcb020-0x4fffd05f] usable ==> usable\n[    0.000000] e820: update [mem 0x4ffcb020-0x4fffd05f] usable ==> usable\n[    0.000000] e820: update [mem 0x4ffc2020-0x4ffca05f] usable ==> usable\n[    0.000000] e820: update [mem 0x4ffc2020-0x4ffca05f] usable ==> usable\n[    0.000000] e820: update [mem 0x4ff7c020-0x4ffc1e5f] usable ==> usable\n[    0.000000] e820: update [mem 0x4ff7c020-0x4ffc1e5f] usable ==> usable\n[    0.000000] e820: update [mem 0x4ff4c020-0x4ff7b45f] usable ==> usable\n[    0.000000] e820: update [mem 0x4ff4c020-0x4ff7b45f] usable ==> usable\n[    0.000000] e820: update [mem 0x4ff1c020-0x4ff4b45f] usable ==> usable\n[    0.000000] e820: update [mem 0x4ff1c020-0x4ff4b45f] usable ==> usable\n[    0.000000] extended physical RAM map:\n[    0.000000] reserve setup_data: [mem 0x0000000000000000-0x000000000009ffff] usable\n[    0.000000] reserve setup_data: [mem 0x00000000000a0000-0x00000000000fffff] reserved\n[    0.000000] reserve setup_data: [mem 0x0000000000100000-0x000000004ff1c01f] usable\n[    0.000000] reserve setup_data: [mem 0x000000004ff1c020-0x000000004ff4b45f] usable\n[    0.000000] reserve setup_data: [mem 0x000000004ff4b460-0x000000004ff4c01f] usable\n[    0.000000] reserve setup_data: [mem 0x000000004ff4c020-0x000000004ff7b45f] usable\n[    0.000000] reserve setup_data: [mem 0x000000004ff7b460-0x000000004ff7c01f] usable\n[    0.000000] reserve setup_data: [mem 0x000000004ff7c020-0x000000004ffc1e5f] usable\n[    0.000000] reserve setup_data: [mem 0x000000004ffc1e60-0x000000004ffc201f] usable\n[    0.000000] reserve setup_data: [mem 0x000000004ffc2020-0x000000004ffca05f] usable\n[    0.000000] reserve setup_data: [mem 0x000000004ffca060-0x000000004ffcb01f] usable\n[    0.000000] reserve setup_data: [mem 0x000000004ffcb020-0x000000004fffd05f] usable\n[    0.000000] reserve setup_data: [mem 0x000000004fffd060-0x000000004fffe01f] usable\n[    0.000000] reserve setup_data: [mem 0x000000004fffe020-0x000000005003005f] usable\n[    0.000000] reserve setup_data: [mem 0x0000000050030060-0x00000000682fefff] usable\n[    0.000000] reserve setup_data: [mem 0x00000000682ff000-0x000000006ebfefff] reserved\n[    0.000000] reserve setup_data: [mem 0x000000006ebff000-0x000000006f9fefff] ACPI NVS\n[    0.000000] reserve setup_data: [mem 0x000000006f9ff000-0x000000006fffefff] ACPI data\n[    0.000000] reserve setup_data: [mem 0x000000006ffff000-0x000000006fffffff] usable\n[    0.000000] reserve setup_data: [mem 0x0000000070000000-0x000000008fffffff] reserved\n[    0.000000] reserve setup_data: [mem 0x00000000fe000000-0x00000000fe010fff] reserved\n[    0.000000] reserve setup_data: [mem 0x0000000100000000-0x000000107fffffff] usable\n[    0.000000] efi: EFI v2.70 by Dell Inc.\n[    0.000000] efi:  ACPI=0x6fffe000  ACPI 2.0=0x6fffe014  SMBIOS=0x68e3b000  SMBIOS 3.0=0x68e39000  MEMATTR=0x6521a020 \n[    0.000000] secureboot: Secure boot disabled\n[    0.000000] SMBIOS 3.2.0 present.\n[    0.000000] DMI: Dell Inc. PowerEdge R740xd/0WRPXK, BIOS 2.9.4 11/06/2020\n[    0.000000] tsc: Detected 2200.000 MHz processor\n[    0.000000] e820: update [mem 0x00000000-0x00000fff] usable ==> reserved\n[    0.000000] e820: remove [mem 0x000a0000-0x000fffff] usable\n[    0.000000] last_pfn = 0x1080000 max_arch_pfn = 0x400000000\n[    0.000000] MTRR default type: uncachable\n[    0.000000] MTRR fixed ranges enabled:\n[    0.000000]   00000-9FFFF write-back\n[    0.000000]   A0000-BFFFF uncachable\n[    0.000000]   C0000-FFFFF write-protect\n[    0.000000] MTRR variable ranges enabled:\n[    0.000000]   0 base 000000000000 mask 3FF000000000 write-back\n[    0.000000]   1 base 001000000000 mask 3FFF80000000 write-back\n[    0.000000]   2 base 000080000000 mask 3FFF80000000 uncachable\n[    0.000000]   3 base 000070000000 mask 3FFFFC000000 uncachable\n[    0.000000]   4 disabled\n[    0.000000]   5 disabled\n[    0.000000]   6 disabled\n[    0.000000]   7 disabled\n[    0.000000]   8 disabled\n[    0.000000]   9 disabled\n[    0.000000] x86/PAT: Configuration [0-7]: WB  WC  UC- UC  WB  WP  UC- WT  \n[    0.000000] total RAM covered: 65472M\n[    0.000000] Found optimal setting for mtrr clean up\n[    0.000000]  gran_size: 64K \tchunk_size: 512M \tnum_reg: 7  \tlose cover RAM: 0G\n[    0.000000] e820: update [mem 0x70000000-0x73ffffff] usable ==> reserved\n[    0.000000] e820: update [mem 0x80000000-0xffffffff] usable ==> reserved\n[    0.000000] x2apic: enabled by BIOS, switching to x2apic ops\n[    0.000000] last_pfn = 0x70000 max_arch_pfn = 0x400000000\n[    0.000000] kexec: Reserving the low 1M of memory for crashkernel\n[    0.000000] Using GB pages for direct mapping\n[    0.000000] BRK [0xc98e01000, 0xc98e01fff] PGTABLE\n[    0.000000] BRK [0xc98e02000, 0xc98e02fff] PGTABLE\n[    0.000000] BRK [0xc98e03000, 0xc98e03fff] PGTABLE\n[    0.000000] BRK [0xc98e04000, 0xc98e04fff] PGTABLE\n[    0.000000] BRK [0xc98e05000, 0xc98e05fff] PGTABLE\n[    0.000000] BRK [0xc98e06000, 0xc98e06fff] PGTABLE\n[    0.000000] BRK [0xc98e07000, 0xc98e07fff] PGTABLE\n[    0.000000] RAMDISK: [mem 0x2bc1d000-0x2eedafff]\n[    0.000000] ACPI: Early table checksum verification disabled\n[    0.000000] ACPI: RSDP 0x000000006FFFE014 000024 (v02 DELL  )\n[    0.000000] ACPI: XSDT 0x000000006FC0F188 0000EC (v01 DELL   PE_SC3   00000000      01000013)\n[    0.000000] ACPI: FACP 0x000000006FFF9000 000114 (v06 DELL   PE_SC3   00000000 DELL 00000001)\n[    0.000000] ACPI: DSDT 0x000000006FCFB000 2EE3DC (v02 DELL   PE_SC3   00000003 DELL 00000001)\n[    0.000000] ACPI: FACS 0x000000006F46E000 000040\n[    0.000000] ACPI: SSDT 0x000000006FFFC000 00046C (v02 INTEL  ADDRXLAT 00000001 INTL 20180508)\n[    0.000000] ACPI: WD__ 0x000000006FFFB000 000134 (v01 DELL   PE_SC3   00000001 DELL 00000001)\n[    0.000000] ACPI: SLIC 0x000000006FFFA000 000024 (v01 DELL   PE_SC3   00000001 DELL 00000001)\n[    0.000000] ACPI: HPET 0x000000006FFF8000 000038 (v01 DELL   PE_SC3   00000001 DELL 00000001)\n[    0.000000] ACPI: APIC 0x000000006FFF6000 0016DE (v04 DELL   PE_SC3   00000000 DELL 00000001)\n[    0.000000] ACPI: MCFG 0x000000006FFF5000 00003C (v01 DELL   PE_SC3   00000001 DELL 00000001)\n[    0.000000] ACPI: MIGT 0x000000006FFF4000 000040 (v01 DELL   PE_SC3   00000000 DELL 00000001)\n[    0.000000] ACPI: MSCT 0x000000006FFF3000 000090 (v01 DELL   PE_SC3   00000001 DELL 00000001)\n[    0.000000] ACPI: PCAT 0x000000006FFF2000 000088 (v02 DELL   PE_SC3   00000002 DELL 00000001)\n[    0.000000] ACPI: PCCT 0x000000006FFF1000 00006E (v01 DELL   PE_SC3   00000002 DELL 00000001)\n[    0.000000] ACPI: RASF 0x000000006FFF0000 000030 (v01 DELL   PE_SC3   00000001 DELL 00000001)\n[    0.000000] ACPI: SLIT 0x000000006FFEF000 00042C (v01 DELL   PE_SC3   00000001 DELL 00000001)\n[    0.000000] ACPI: SRAT 0x000000006FFEC000 002D30 (v03 DELL   PE_SC3   00000002 DELL 00000001)\n[    0.000000] ACPI: SVOS 0x000000006FFEB000 000032 (v01 DELL   PE_SC3   00000000 DELL 00000001)\n[    0.000000] ACPI: WSMT 0x000000006FFEA000 000028 (v01 DELL   PE_SC3   00000000 DELL 00000001)\n[    0.000000] ACPI: OEM4 0x000000006FC4D000 0AD1C1 (v02 INTEL  CPU  CST 00003000 INTL 20180508)\n[    0.000000] ACPI: SSDT 0x000000006FC15000 037465 (v02 INTEL  SSDT  PM 00004000 INTL 20180508)\n[    0.000000] ACPI: SSDT 0x000000006FBFB000 000A1F (v02 DELL   PE_SC3   00000000 DELL 00000001)\n[    0.000000] ACPI: SSDT 0x000000006FC11000 00357F (v02 INTEL  SpsNm    00000002 INTL 20180508)\n[    0.000000] ACPI: DMAR 0x000000006FC10000 0001B0 (v01 DELL   PE_SC3   00000001 DELL 00000001)\n[    0.000000] ACPI: HEST 0x000000006FFFD000 00017C (v01 DELL   PE_SC3   00000002 DELL 00000001)\n[    0.000000] ACPI: BERT 0x000000006FC0E000 000030 (v01 DELL   PE_SC3   00000002 DELL 00000001)\n[    0.000000] ACPI: ERST 0x000000006FC0D000 000230 (v01 DELL   PE_SC3   00000002 DELL 00000001)\n[    0.000000] ACPI: EINJ 0x000000006FC0C000 000150 (v01 DELL   PE_SC3   00000002 DELL 00000001)\n[    0.000000] ACPI: Local APIC address 0xfee00000\n[    0.000000] Setting APIC routing to cluster x2apic.\n[    0.000000] SRAT: PXM 0 -> APIC 0x0000 -> Node 0\n[    0.000000] SRAT: PXM 1 -> APIC 0x0020 -> Node 1\n[    0.000000] SRAT: PXM 0 -> APIC 0x0008 -> Node 0\n[    0.000000] SRAT: PXM 1 -> APIC 0x0028 -> Node 1\n[    0.000000] SRAT: PXM 0 -> APIC 0x0002 -> Node 0\n[    0.000000] SRAT: PXM 1 -> APIC 0x0022 -> Node 1\n[    0.000000] SRAT: PXM 0 -> APIC 0x0006 -> Node 0\n[    0.000000] SRAT: PXM 1 -> APIC 0x0026 -> Node 1\n[    0.000000] SRAT: PXM 0 -> APIC 0x0004 -> Node 0\n[    0.000000] SRAT: PXM 1 -> APIC 0x0024 -> Node 1\n[    0.000000] SRAT: PXM 0 -> APIC 0x0018 -> Node 0\n[    0.000000] SRAT: PXM 1 -> APIC 0x0038 -> Node 1\n[    0.000000] SRAT: PXM 0 -> APIC 0x0010 -> Node 0\n[    0.000000] SRAT: PXM 1 -> APIC 0x0030 -> Node 1\n[    0.000000] SRAT: PXM 0 -> APIC 0x0016 -> Node 0\n[    0.000000] SRAT: PXM 1 -> APIC 0x0036 -> Node 1\n[    0.000000] SRAT: PXM 0 -> APIC 0x0012 -> Node 0\n[    0.000000] SRAT: PXM 1 -> APIC 0x0032 -> Node 1\n[    0.000000] SRAT: PXM 0 -> APIC 0x0014 -> Node 0\n[    0.000000] SRAT: PXM 1 -> APIC 0x0034 -> Node 1\n[    0.000000] SRAT: PXM 0 -> APIC 0x0001 -> Node 0\n[    0.000000] SRAT: PXM 1 -> APIC 0x0021 -> Node 1\n[    0.000000] SRAT: PXM 0 -> APIC 0x0009 -> Node 0\n[    0.000000] SRAT: PXM 1 -> APIC 0x0029 -> Node 1\n[    0.000000] SRAT: PXM 0 -> APIC 0x0003 -> Node 0\n[    0.000000] SRAT: PXM 1 -> APIC 0x0023 -> Node 1\n[    0.000000] SRAT: PXM 0 -> APIC 0x0007 -> Node 0\n[    0.000000] SRAT: PXM 1 -> APIC 0x0027 -> Node 1\n[    0.000000] SRAT: PXM 0 -> APIC 0x0005 -> Node 0\n[    0.000000] SRAT: PXM 1 -> APIC 0x0025 -> Node 1\n[    0.000000] SRAT: PXM 0 -> APIC 0x0019 -> Node 0\n[    0.000000] SRAT: PXM 1 -> APIC 0x0039 -> Node 1\n[    0.000000] SRAT: PXM 0 -> APIC 0x0011 -> Node 0\n[    0.000000] SRAT: PXM 1 -> APIC 0x0031 -> Node 1\n[    0.000000] SRAT: PXM 0 -> APIC 0x0017 -> Node 0\n[    0.000000] SRAT: PXM 1 -> APIC 0x0037 -> Node 1\n[    0.000000] SRAT: PXM 0 -> APIC 0x0013 -> Node 0\n[    0.000000] SRAT: PXM 1 -> APIC 0x0033 -> Node 1\n[    0.000000] SRAT: PXM 0 -> APIC 0x0015 -> Node 0\n[    0.000000] SRAT: PXM 1 -> APIC 0x0035 -> Node 1\n[    0.000000] ACPI: SRAT: Node 0 PXM 0 [mem 0x00000000-0x7fffffff]\n[    0.000000] ACPI: SRAT: Node 0 PXM 0 [mem 0x100000000-0x87fffffff]\n[    0.000000] ACPI: SRAT: Node 1 PXM 1 [mem 0x880000000-0x107fffffff]\n[    0.000000] NUMA: Initialized distance table, cnt=2\n[    0.000000] NUMA: Node 0 [mem 0x00000000-0x7fffffff] + [mem 0x100000000-0x87fffffff] -> [mem 0x00000000-0x87fffffff]\n[    0.000000] NODE_DATA(0) allocated [mem 0x87ffd6000-0x87fffffff]\n[    0.000000] NODE_DATA(1) allocated [mem 0x107ffd5000-0x107fffefff]\n[    0.000000] Using crashkernel=auto, the size chosen is a best effort estimation.\n[    0.000000] Reserving 160MB of memory at 1456MB for crashkernel (System RAM: 65154MB)\n[    0.000000] Zone ranges:\n[    0.000000]   DMA      [mem 0x0000000000001000-0x0000000000ffffff]\n[    0.000000]   DMA32    [mem 0x0000000001000000-0x00000000ffffffff]\n[    0.000000]   Normal   [mem 0x0000000100000000-0x000000107fffffff]\n[    0.000000]   Device   empty\n[    0.000000] Movable zone start for each node\n[    0.000000] Early memory node ranges\n[    0.000000]   node   0: [mem 0x0000000000001000-0x000000000009ffff]\n[    0.000000]   node   0: [mem 0x0000000000100000-0x00000000682fefff]\n[    0.000000]   node   0: [mem 0x000000006ffff000-0x000000006fffffff]\n[    0.000000]   node   0: [mem 0x0000000100000000-0x000000087fffffff]\n[    0.000000]   node   1: [mem 0x0000000880000000-0x000000107fffffff]\n[    0.000000] Zeroed struct page in unavailable ranges: 32097 pages\n[    0.000000] Initmem setup node 0 [mem 0x0000000000001000-0x000000087fffffff]\n[    0.000000] On node 0 totalpages: 8290975\n[    0.000000]   DMA zone: 64 pages used for memmap\n[    0.000000]   DMA zone: 1183 pages reserved\n[    0.000000]   DMA zone: 3999 pages, LIFO batch:0\n[    0.000000]   DMA32 zone: 6604 pages used for memmap\n[    0.000000]   DMA32 zone: 422656 pages, LIFO batch:31\n[    0.000000]   Normal zone: 122880 pages used for memmap\n[    0.000000]   Normal zone: 7864320 pages, LIFO batch:31\n[    0.000000] Initmem setup node 1 [mem 0x0000000880000000-0x000000107fffffff]\n[    0.000000] On node 1 totalpages: 8388608\n[    0.000000]   Normal zone: 131072 pages used for memmap\n[    0.000000]   Normal zone: 8388608 pages, LIFO batch:31\n[    0.000000] ACPI: PM-Timer IO Port: 0x508\n[    0.000000] ACPI: Local APIC address 0xfee00000\n[    0.000000] ACPI: X2APIC_NMI (uid[0xffffffff] high level lint[0x1])\n[    0.000000] ACPI: LAPIC_NMI (acpi_id[0xff] high level lint[0x1])\n[    0.000000] IOAPIC[0]: apic_id 8, version 32, address 0xfec00000, GSI 0-23\n[    0.000000] IOAPIC[1]: apic_id 9, version 32, address 0xfec01000, GSI 24-31\n[    0.000000] IOAPIC[2]: apic_id 10, version 32, address 0xfec08000, GSI 32-39\n[    0.000000] IOAPIC[3]: apic_id 11, version 32, address 0xfec10000, GSI 40-47\n[    0.000000] IOAPIC[4]: apic_id 12, version 32, address 0xfec18000, GSI 48-55\n[    0.000000] IOAPIC[5]: apic_id 15, version 32, address 0xfec20000, GSI 72-79\n[    0.000000] IOAPIC[6]: apic_id 16, version 32, address 0xfec28000, GSI 80-87\n[    0.000000] IOAPIC[7]: apic_id 17, version 32, address 0xfec30000, GSI 88-95\n[    0.000000] IOAPIC[8]: apic_id 18, version 32, address 0xfec38000, GSI 96-103\n[    0.000000] ACPI: INT_SRC_OVR (bus 0 bus_irq 0 global_irq 2 dfl dfl)\n[    0.000000] ACPI: INT_SRC_OVR (bus 0 bus_irq 9 global_irq 9 high level)\n[    0.000000] ACPI: IRQ0 used by override.\n[    0.000000] ACPI: IRQ9 used by override.\n[    0.000000] Using ACPI (MADT) for SMP configuration information\n[    0.000000] ACPI: HPET id: 0x8086a701 base: 0xfed00000\n[    0.000000] smpboot: Allowing 40 CPUs, 0 hotplug CPUs\n[    0.000000] PM: Registered nosave memory: [mem 0x00000000-0x00000fff]\n[    0.000000] PM: Registered nosave memory: [mem 0x000a0000-0x000fffff]\n[    0.000000] PM: Registered nosave memory: [mem 0x4ff1c000-0x4ff1cfff]\n[    0.000000] PM: Registered nosave memory: [mem 0x4ff4b000-0x4ff4bfff]\n[    0.000000] PM: Registered nosave memory: [mem 0x4ff4c000-0x4ff4cfff]\n[    0.000000] PM: Registered nosave memory: [mem 0x4ff7b000-0x4ff7bfff]\n[    0.000000] PM: Registered nosave memory: [mem 0x4ff7c000-0x4ff7cfff]\n[    0.000000] PM: Registered nosave memory: [mem 0x4ffc1000-0x4ffc1fff]\n[    0.000000] PM: Registered nosave memory: [mem 0x4ffc2000-0x4ffc2fff]\n[    0.000000] PM: Registered nosave memory: [mem 0x4ffca000-0x4ffcafff]\n[    0.000000] PM: Registered nosave memory: [mem 0x4ffcb000-0x4ffcbfff]\n[    0.000000] PM: Registered nosave memory: [mem 0x4fffd000-0x4fffdfff]\n[    0.000000] PM: Registered nosave memory: [mem 0x4fffe000-0x4fffefff]\n[    0.000000] PM: Registered nosave memory: [mem 0x50030000-0x50030fff]\n[    0.000000] PM: Registered nosave memory: [mem 0x682ff000-0x6ebfefff]\n[    0.000000] PM: Registered nosave memory: [mem 0x6ebff000-0x6f9fefff]\n[    0.000000] PM: Registered nosave memory: [mem 0x6f9ff000-0x6fffefff]\n[    0.000000] PM: Registered nosave memory: [mem 0x70000000-0x8fffffff]\n[    0.000000] PM: Registered nosave memory: [mem 0x90000000-0xfdffffff]\n[    0.000000] PM: Registered nosave memory: [mem 0xfe000000-0xfe010fff]\n[    0.000000] PM: Registered nosave memory: [mem 0xfe011000-0xffffffff]\n[    0.000000] [mem 0x90000000-0xfdffffff] available for PCI devices\n[    0.000000] Booting paravirtualized kernel on bare hardware\n[    0.000000] clocksource: refined-jiffies: mask: 0xffffffff max_cycles: 0xffffffff, max_idle_ns: 1910969940391419 ns\n[    0.000000] setup_percpu: NR_CPUS:8192 nr_cpumask_bits:40 nr_cpu_ids:40 nr_node_ids:2\n[    0.000000] percpu: Embedded 53 pages/cpu s180224 r8192 d28672 u262144\n[    0.000000] pcpu-alloc: s180224 r8192 d28672 u262144 alloc=1*2097152\n[    0.000000] pcpu-alloc: [0] 00 02 04 06 08 10 12 14 [0] 16 18 20 22 24 26 28 30 \n[    0.000000] pcpu-alloc: [0] 32 34 36 38 -- -- -- -- [1] 01 03 05 07 09 11 13 15 \n[    0.000000] pcpu-alloc: [1] 17 19 21 23 25 27 29 31 [1] 33 35 37 39 -- -- -- -- \n[    0.000000] Built 2 zonelists, mobility grouping on.  Total pages: 16417780\n[    0.000000] Policy zone: Normal\n[    0.000000] Kernel command line: BOOT_IMAGE=(hd4,gpt2)/vmlinuz-4.18.0-193.el8.x86_64 root=/dev/mapper/cs-root ro crashkernel=auto resume=/dev/mapper/cs-swap rd.lvm.lv=cs/root rd.lvm.lv=cs/swap rhgb quiet intel_iommu=on\n[    0.000000] Specific versions of hardware are certified with Red Hat Enterprise Linux 8. Please see the list of hardware certified with Red Hat Enterprise Linux 8 at https://access.redhat.com/ecosystem.\n[    0.000000] DMAR: IOMMU enabled\n[    0.000000] Memory: 1584144K/66718332K available (12292K kernel code, 2151K rwdata, 3848K rodata, 2404K init, 6476K bss, 1473660K reserved, 0K cma-reserved)\n[    0.000000] SLUB: HWalign=64, Order=0-3, MinObjects=0, CPUs=40, Nodes=2\n[    0.000000] ftrace: allocating 36334 entries in 142 pages\n[    0.001000] rcu: Hierarchical RCU implementation.\n[    0.001000] rcu: \tRCU restricting CPUs from NR_CPUS=8192 to nr_cpu_ids=40.\n[    0.001000] rcu: RCU calculated value of scheduler-enlistment delay is 100 jiffies.\n[    0.001000] rcu: Adjusting geometry for rcu_fanout_leaf=16, nr_cpu_ids=40\n[    0.001000] NR_IRQS: 524544, nr_irqs: 2104, preallocated irqs: 16\n[    0.001000] random: get_random_bytes called from start_kernel+0x36b/0x55b with crng_init=0\n[    0.001000] Console: colour dummy device 80x25\n[    0.001000] printk: console [tty0] enabled\n[    0.001000] mempolicy: Enabling automatic NUMA balancing. Configure with numa_balancing= or the kernel.numa_balancing sysctl\n[    0.001000] ACPI: Core revision 20190703\n[    0.001000] clocksource: hpet: mask: 0xffffffff max_cycles: 0xffffffff, max_idle_ns: 79635855245 ns\n[    0.001000] hpet clockevent registered\n[    0.001008] APIC: Switch to symmetric I/O mode setup\n[    0.001011] DMAR: Host address width 46\n[    0.001012] DMAR: DRHD base: 0x000000d37fc000 flags: 0x0\n[    0.001017] DMAR: dmar0: reg_base_addr d37fc000 ver 1:0 cap 8d2078c106f0466 ecap f020df\n[    0.001019] DMAR: DRHD base: 0x000000e0ffc000 flags: 0x0\n[    0.001022] DMAR: dmar1: reg_base_addr e0ffc000 ver 1:0 cap 8d2078c106f0466 ecap f020df\n[    0.001023] DMAR: DRHD base: 0x000000ee7fc000 flags: 0x0\n[    0.001026] DMAR: dmar2: reg_base_addr ee7fc000 ver 1:0 cap 8d2078c106f0466 ecap f020df\n[    0.001027] DMAR: DRHD base: 0x000000fbffc000 flags: 0x0\n[    0.001031] DMAR: dmar3: reg_base_addr fbffc000 ver 1:0 cap 8d2078c106f0466 ecap f020df\n[    0.001031] DMAR: DRHD base: 0x000000aaffc000 flags: 0x0\n[    0.001036] DMAR: dmar4: reg_base_addr aaffc000 ver 1:0 cap 8d2078c106f0466 ecap f020df\n[    0.001037] DMAR: DRHD base: 0x000000b87fc000 flags: 0x0\n[    0.001040] DMAR: dmar5: reg_base_addr b87fc000 ver 1:0 cap 8d2078c106f0466 ecap f020df\n[    0.001041] DMAR: DRHD base: 0x000000c5ffc000 flags: 0x0\n[    0.001044] DMAR: dmar6: reg_base_addr c5ffc000 ver 1:0 cap 8d2078c106f0466 ecap f020df\n[    0.001044] DMAR: DRHD base: 0x0000009d7fc000 flags: 0x1\n[    0.001047] DMAR: dmar7: reg_base_addr 9d7fc000 ver 1:0 cap 8d2078c106f0466 ecap f020df\n[    0.001048] DMAR: RMRR base: 0x0000006f460000 end: 0x0000006f462fff\n[    0.001049] DMAR: ATSR flags: 0x0\n[    0.001050] DMAR: ATSR flags: 0x0\n[    0.001052] DMAR-IR: IOAPIC id 12 under DRHD base  0xc5ffc000 IOMMU 6\n[    0.001053] DMAR-IR: IOAPIC id 11 under DRHD base  0xb87fc000 IOMMU 5\n[    0.001054] DMAR-IR: IOAPIC id 10 under DRHD base  0xaaffc000 IOMMU 4\n[    0.001055] DMAR-IR: IOAPIC id 18 under DRHD base  0xfbffc000 IOMMU 3\n[    0.001055] DMAR-IR: IOAPIC id 17 under DRHD base  0xee7fc000 IOMMU 2\n[    0.001056] DMAR-IR: IOAPIC id 16 under DRHD base  0xe0ffc000 IOMMU 1\n[    0.001057] DMAR-IR: IOAPIC id 15 under DRHD base  0xd37fc000 IOMMU 0\n[    0.001058] DMAR-IR: IOAPIC id 8 under DRHD base  0x9d7fc000 IOMMU 7\n[    0.001059] DMAR-IR: IOAPIC id 9 under DRHD base  0x9d7fc000 IOMMU 7\n[    0.001060] DMAR-IR: HPET id 0 under DRHD base 0x9d7fc000\n[    0.001061] DMAR-IR: Queued invalidation will be enabled to support x2apic and Intr-remapping.\n[    0.002741] DMAR-IR: Enabled IRQ remapping in x2apic mode\n[    0.003836] ..TIMER: vector=0x30 apic1=0 pin1=2 apic2=-1 pin2=-1\n[    0.008007] clocksource: tsc-early: mask: 0xffffffffffffffff max_cycles: 0x1fb633008a4, max_idle_ns: 440795292230 ns\n[    0.008011] Calibrating delay loop (skipped), value calculated using timer frequency.. 4400.00 BogoMIPS (lpj=2200000)\n[    0.008013] pid_max: default: 40960 minimum: 320\n[    0.009056] Security Framework initialized\n[    0.009058] Yama: becoming mindful.\n[    0.009063] SELinux:  Initializing.\n[    0.019764] Dentry cache hash table entries: 8388608 (order: 14, 67108864 bytes)\n[    0.025026] Inode-cache hash table entries: 4194304 (order: 13, 33554432 bytes)\n[    0.025243] Mount-cache hash table entries: 131072 (order: 8, 1048576 bytes)\n[    0.025406] Mountpoint-cache hash table entries: 131072 (order: 8, 1048576 bytes)\n[    0.025873] ENERGY_PERF_BIAS: Set to 'normal', was 'performance'\n[    0.025873] ENERGY_PERF_BIAS: View and update with x86_energy_perf_policy(8)\n[    0.025970] CPU0: Thermal monitoring enabled (TM1)\n[    0.026024] process: using mwait in idle threads\n[    0.026027] Last level iTLB entries: 4KB 64, 2MB 8, 4MB 8\n[    0.026028] Last level dTLB entries: 4KB 64, 2MB 0, 4MB 0, 1GB 4\n[    0.026030] FEATURE SPEC_CTRL Present\n[    0.026031] FEATURE IBPB_SUPPORT Present\n[    0.026032] Spectre V1 : Mitigation: usercopy/swapgs barriers and __user pointer sanitization\n[    0.026033] Spectre V2 : Mitigation: Enhanced IBRS\n[    0.026034] Spectre V2 : Spectre v2 / SpectreRSB mitigation: Filling RSB on context switch\n[    0.026036] Spectre V2 : mitigation: Enabling conditional Indirect Branch Prediction Barrier\n[    0.026038] Speculative Store Bypass: Mitigation: Speculative Store Bypass disabled via prctl and seccomp\n[    0.026041] TAA: Mitigation: Clear CPU buffers\n[    0.026437] Freeing SMP alternatives memory: 32K\n[    0.032568] TSC deadline timer enabled\n[    0.032575] smpboot: CPU0: Intel(R) Xeon(R) Silver 4210 CPU @ 2.20GHz (family: 0x6, model: 0x55, stepping: 0x7)\n[    0.032739] Performance Events: PEBS fmt3+, Skylake events, 32-deep LBR, full-width counters, Intel PMU driver.\n[    0.032746] ... version:                4\n[    0.032746] ... bit width:              48\n[    0.032747] ... generic registers:      4\n[    0.032747] ... value mask:             0000ffffffffffff\n[    0.032748] ... max period:             00007fffffffffff\n[    0.032749] ... fixed-purpose events:   3\n[    0.032749] ... event mask:             000000070000000f\n[    0.032827] rcu: Hierarchical SRCU implementation.\n[    0.036323] NMI watchdog: Enabled. Permanently consumes one hw-PMU counter.\n[    0.036339] smp: Bringing up secondary CPUs ...\n[    0.036456] x86: Booting SMP configuration:\n[    0.036457] .... node  #1, CPUs:        #1\n[    0.001000] smpboot: CPU 1 Converting physical 0 to logical die 1\n[    0.098117] .... node  #0, CPUs:    #2\n[    0.099717] .... node  #1, CPUs:    #3\n[    0.101318] .... node  #0, CPUs:    #4\n[    0.103057] .... node  #1, CPUs:    #5\n[    0.104382] .... node  #0, CPUs:    #6\n[    0.106108] .... node  #1, CPUs:    #7\n[    0.107429] .... node  #0, CPUs:    #8\n[    0.109183] .... node  #1, CPUs:    #9\n[    0.110536] .... node  #0, CPUs:   #10\n[    0.112166] .... node  #1, CPUs:   #11\n[    0.113731] .... node  #0, CPUs:   #12\n[    0.115293] .... node  #1, CPUs:   #13\n[    0.117091] .... node  #0, CPUs:   #14\n[    0.118428] .... node  #1, CPUs:   #15\n[    0.120124] .... node  #0, CPUs:   #16\n[    0.121521] .... node  #1, CPUs:   #17\n[    0.123122] .... node  #0, CPUs:   #18\n[    0.124596] .... node  #1, CPUs:   #19\n[    0.126154] .... node  #0, CPUs:   #20\n[    0.127216] TAA CPU bug present and SMT on, data leak possible. See https://www.kernel.org/doc/html/latest/admin-guide/hw-vuln/tsx_async_abort.html for more details.\n[    0.127216] .... node  #1, CPUs:   #21\n[    0.129070] .... node  #0, CPUs:   #22\n[    0.130461] .... node  #1, CPUs:   #23\n[    0.132123] .... node  #0, CPUs:   #24\n[    0.133608] .... node  #1, CPUs:   #25\n[    0.135170] .... node  #0, CPUs:   #26\n[    0.136699] .... node  #1, CPUs:   #27\n[    0.138257] .... node  #0, CPUs:   #28\n[    0.140050] .... node  #1, CPUs:   #29\n[    0.141392] .... node  #0, CPUs:   #30\n[    0.143179] .... node  #1, CPUs:   #31\n[    0.144648] .... node  #0, CPUs:   #32\n[    0.146233] .... node  #1, CPUs:   #33\n[    0.148058] .... node  #0, CPUs:   #34\n[    0.149403] .... node  #1, CPUs:   #35\n[    0.151123] .... node  #0, CPUs:   #36\n[    0.152533] .... node  #1, CPUs:   #37\n[    0.154121] .... node  #0, CPUs:   #38\n[    0.155646] .... node  #1, CPUs:   #39\n[    0.157222] smp: Brought up 2 nodes, 40 CPUs\n[    0.157222] smpboot: Max logical packages: 2\n[    0.157222] smpboot: Total of 40 processors activated (176098.72 BogoMIPS)\n[    0.432011] node 0 initialised, 7700348 pages in 273ms\n[    0.451012] node 1 initialised, 8214784 pages in 292ms\n[    0.453084] devtmpfs: initialized\n[    0.453084] x86/mm: Memory block size: 2048MB\n[    0.453482] PM: Registering ACPI NVS region [mem 0x6ebff000-0x6f9fefff] (14680064 bytes)\n[    0.454012] clocksource: jiffies: mask: 0xffffffff max_cycles: 0xffffffff, max_idle_ns: 1911260446275000 ns\n[    0.454012] futex hash table entries: 16384 (order: 8, 1048576 bytes)\n[    0.454012] pinctrl core: initialized pinctrl subsystem\n[    0.454012] NET: Registered protocol family 16\n[    0.454080] audit: initializing netlink subsys (disabled)\n[    0.455012] audit: type=2000 audit(1626426945.455:1): state=initialized audit_enabled=0 res=1\n[    0.455099] cpuidle: using governor menu\n[    0.455099] Detected 1 PCC Subspaces\n[    0.455099] Registering PCC driver as Mailbox controller\n[    0.455117] ACPI FADT declares the system doesn't support PCIe ASPM, so disable it\n[    0.455117] ACPI: bus type PCI registered\n[    0.455117] acpiphp: ACPI Hot Plug PCI Controller Driver version: 0.5\n[    0.455199] PCI: MMCONFIG for domain 0000 [bus 00-ff] at [mem 0x80000000-0x8fffffff] (base 0x80000000)\n[    0.455208] PCI: MMCONFIG at [mem 0x80000000-0x8fffffff] reserved in E820\n[    0.455208] PCI: Using configuration type 1 for base access\n[    0.455208] PCI: Dell System detected, enabling pci=bfsort.\n[    0.458091] HugeTLB registered 1.00 GiB page size, pre-allocated 0 pages\n[    0.458091] HugeTLB registered 2.00 MiB page size, pre-allocated 0 pages\n[    0.458145] cryptd: max_cpu_qlen set to 1000\n[    0.458200] ACPI: Added _OSI(Module Device)\n[    0.458200] ACPI: Added _OSI(Processor Device)\n[    0.458200] ACPI: Added _OSI(3.0 _SCP Extensions)\n[    0.458200] ACPI: Added _OSI(Processor Aggregator Device)\n[    0.458200] ACPI: Added _OSI(Linux-Dell-Video)\n[    0.458200] ACPI: Added _OSI(Linux-Lenovo-NV-HDMI-Audio)\n[    0.458200] ACPI: Added _OSI(Linux-HPI-Hybrid-Graphics)\n[    0.528237] ACPI: 5 ACPI AML tables successfully acquired and loaded\n[    0.535551] ACPI: [Firmware Bug]: BIOS _OSI(Linux) query ignored\n[    0.541728] ACPI: Dynamic OEM Table Load:\n[    0.649988] ACPI: Interpreter enabled\n[    0.650012] ACPI: (supports S0 S5)\n[    0.650013] ACPI: Using IOAPIC for interrupt routing\n[    0.650082] HEST: Table parsing has been initialized.\n[    0.650084] PCI: Using host bridge windows from ACPI; if necessary, use \"pci=nocrs\" and report a bug\n[    0.658064] ACPI: Enabled 5 GPEs in block 00 to 7F\n[    0.706008] ACPI: PCI Root Bridge [PC00] (domain 0000 [bus 00-16])\n[    0.706013] acpi PNP0A08:00: _OSC: OS supports [ExtendedConfig ASPM ClockPM Segments MSI HPX-Type3]\n[    0.706047] acpi PNP0A08:00: PCIe AER handled by firmware\n[    0.706078] acpi PNP0A08:00: _OSC: platform does not support [SHPCHotplug LTR]\n[    0.706131] acpi PNP0A08:00: _OSC: OS now controls [PCIeHotplug PME PCIeCapability]\n[    0.706132] acpi PNP0A08:00: FADT indicates ASPM is unsupported, using BIOS configuration\n[    0.707619] PCI host bridge to bus 0000:00\n[    0.707621] pci_bus 0000:00: root bus resource [io  0x0000-0x0cf7 window]\n[    0.707622] pci_bus 0000:00: root bus resource [io  0x1000-0x3fff window]\n[    0.707623] pci_bus 0000:00: root bus resource [mem 0x000a0000-0x000bffff window]\n[    0.707624] pci_bus 0000:00: root bus resource [mem 0x000c4000-0x000c7fff window]\n[    0.707625] pci_bus 0000:00: root bus resource [mem 0xfe010000-0xfe010fff window]\n[    0.707625] pci_bus 0000:00: root bus resource [mem 0x90000000-0x9d7fffff window]\n[    0.707626] pci_bus 0000:00: root bus resource [mem 0x380000000000-0x380fffffffff window]\n[    0.707628] pci_bus 0000:00: root bus resource [bus 00-16]\n[    0.707637] pci 0000:00:00.0: [8086:2020] type 00 class 0x060000\n[    0.708320] pci 0000:00:05.0: [8086:2024] type 00 class 0x088000\n[    0.708965] pci 0000:00:05.2: [8086:2025] type 00 class 0x088000\n[    0.709609] pci 0000:00:05.4: [8086:2026] type 00 class 0x080020\n[    0.709617] pci 0000:00:05.4: reg 0x10: [mem 0x92b20000-0x92b20fff]\n[    0.710261] pci 0000:00:08.0: [8086:2014] type 00 class 0x088000\n[    0.710889] pci 0000:00:08.1: [8086:2015] type 00 class 0x110100\n[    0.711508] pci 0000:00:08.2: [8086:2016] type 00 class 0x088000\n[    0.712146] pci 0000:00:11.0: [8086:a1ec] type 00 class 0xff0000\n[    0.712850] pci 0000:00:11.5: [8086:a1d2] type 00 class 0x010601\n[    0.712866] pci 0000:00:11.5: reg 0x10: [mem 0x92b16000-0x92b17fff]\n[    0.712872] pci 0000:00:11.5: reg 0x14: [mem 0x92b1f000-0x92b1f0ff]\n[    0.712878] pci 0000:00:11.5: reg 0x18: [io  0x2068-0x206f]\n[    0.712885] pci 0000:00:11.5: reg 0x1c: [io  0x2074-0x2077]\n[    0.712891] pci 0000:00:11.5: reg 0x20: [io  0x2040-0x205f]\n[    0.712897] pci 0000:00:11.5: reg 0x24: [mem 0x92a80000-0x92afffff]\n[    0.712932] pci 0000:00:11.5: PME# supported from D3hot\n[    0.713586] pci 0000:00:14.0: [8086:a1af] type 00 class 0x0c0330\n[    0.713606] pci 0000:00:14.0: reg 0x10: [mem 0x92b00000-0x92b0ffff 64bit]\n[    0.713664] pci 0000:00:14.0: PME# supported from D3hot D3cold\n[    0.714317] pci 0000:00:14.2: [8086:a1b1] type 00 class 0x118000\n[    0.714336] pci 0000:00:14.2: reg 0x10: [mem 0x92b1c000-0x92b1cfff 64bit]\n[    0.715016] pci 0000:00:16.0: [8086:a1ba] type 00 class 0x078000\n[    0.715043] pci 0000:00:16.0: reg 0x10: [mem 0x92b1b000-0x92b1bfff 64bit]\n[    0.715122] pci 0000:00:16.0: PME# supported from D3hot\n[    0.715749] pci 0000:00:16.1: [8086:a1bb] type 00 class 0x078000\n[    0.715775] pci 0000:00:16.1: reg 0x10: [mem 0x92b1a000-0x92b1afff 64bit]\n[    0.715854] pci 0000:00:16.1: PME# supported from D3hot\n[    0.716490] pci 0000:00:16.4: [8086:a1be] type 00 class 0x078000\n[    0.716516] pci 0000:00:16.4: reg 0x10: [mem 0x92b19000-0x92b19fff 64bit]\n[    0.716594] pci 0000:00:16.4: PME# supported from D3hot\n[    0.717224] pci 0000:00:17.0: [8086:a182] type 00 class 0x010601\n[    0.717240] pci 0000:00:17.0: reg 0x10: [mem 0x92b14000-0x92b15fff]\n[    0.717246] pci 0000:00:17.0: reg 0x14: [mem 0x92b1e000-0x92b1e0ff]\n[    0.717252] pci 0000:00:17.0: reg 0x18: [io  0x2060-0x2067]\n[    0.717259] pci 0000:00:17.0: reg 0x1c: [io  0x2070-0x2073]\n[    0.717265] pci 0000:00:17.0: reg 0x20: [io  0x2020-0x203f]\n[    0.717271] pci 0000:00:17.0: reg 0x24: [mem 0x92a00000-0x92a7ffff]\n[    0.717305] pci 0000:00:17.0: PME# supported from D3hot\n[    0.717957] pci 0000:00:1c.0: [8086:a190] type 01 class 0x060400\n[    0.718025] pci 0000:00:1c.0: PME# supported from D0 D3hot D3cold\n[    0.718703] pci 0000:00:1c.4: [8086:a194] type 01 class 0x060400\n[    0.718767] pci 0000:00:1c.4: PME# supported from D0 D3hot D3cold\n[    0.719447] pci 0000:00:1f.0: [8086:a1c1] type 00 class 0x060100\n[    0.720186] pci 0000:00:1f.2: [8086:a1a1] type 00 class 0x058000\n[    0.720201] pci 0000:00:1f.2: reg 0x10: [mem 0x92b10000-0x92b13fff]\n[    0.720886] pci 0000:00:1f.4: [8086:a1a3] type 00 class 0x0c0500\n[    0.720904] pci 0000:00:1f.4: reg 0x10: [mem 0x92b18000-0x92b180ff 64bit]\n[    0.720925] pci 0000:00:1f.4: reg 0x20: [io  0x2000-0x201f]\n[    0.721558] pci 0000:00:1f.5: [8086:a1a4] type 00 class 0x0c8000\n[    0.721573] pci 0000:00:1f.5: reg 0x10: [mem 0xfe010000-0xfe010fff]\n[    0.722290] pci 0000:01:00.0: [14e4:165f] type 00 class 0x020000\n[    0.722319] pci 0000:01:00.0: reg 0x10: [mem 0x92930000-0x9293ffff 64bit pref]\n[    0.722333] pci 0000:01:00.0: reg 0x18: [mem 0x92940000-0x9294ffff 64bit pref]\n[    0.722346] pci 0000:01:00.0: reg 0x20: [mem 0x92950000-0x9295ffff 64bit pref]\n[    0.722356] pci 0000:01:00.0: reg 0x30: [mem 0xfffc0000-0xffffffff pref]\n[    0.722439] pci 0000:01:00.0: PME# supported from D0 D3hot D3cold\n[    0.722534] pci 0000:01:00.1: [14e4:165f] type 00 class 0x020000\n[    0.722562] pci 0000:01:00.1: reg 0x10: [mem 0x92900000-0x9290ffff 64bit pref]\n[    0.722576] pci 0000:01:00.1: reg 0x18: [mem 0x92910000-0x9291ffff 64bit pref]\n[    0.722590] pci 0000:01:00.1: reg 0x20: [mem 0x92920000-0x9292ffff 64bit pref]\n[    0.722599] pci 0000:01:00.1: reg 0x30: [mem 0xfffc0000-0xffffffff pref]\n[    0.722682] pci 0000:01:00.1: PME# supported from D0 D3hot D3cold\n[    0.722769] pci 0000:00:1c.0: PCI bridge to [bus 01]\n[    0.722775] pci 0000:00:1c.0:   bridge window [mem 0x92900000-0x929fffff 64bit pref]\n[    0.722819] pci 0000:02:00.0: [1556:be00] type 01 class 0x060400\n[    0.726013] pci 0000:00:1c.4: PCI bridge to [bus 02-03]\n[    0.726017] pci 0000:00:1c.4:   bridge window [mem 0x92000000-0x928fffff]\n[    0.726020] pci 0000:00:1c.4:   bridge window [mem 0x91000000-0x91ffffff 64bit pref]\n[    0.726051] pci_bus 0000:03: extended config space not accessible\n[    0.726068] pci 0000:03:00.0: [102b:0536] type 00 class 0x030000\n[    0.726087] pci 0000:03:00.0: reg 0x10: [mem 0x91000000-0x91ffffff pref]\n[    0.726097] pci 0000:03:00.0: reg 0x14: [mem 0x92808000-0x9280bfff]\n[    0.726107] pci 0000:03:00.0: reg 0x18: [mem 0x92000000-0x927fffff]\n[    0.726152] pci 0000:03:00.0: BAR 0: assigned to efifb\n[    0.726246] pci 0000:02:00.0: PCI bridge to [bus 03]\n[    0.726254] pci 0000:02:00.0:   bridge window [mem 0x92000000-0x928fffff]\n[    0.726259] pci 0000:02:00.0:   bridge window [mem 0x91000000-0x91ffffff 64bit pref]\n[    0.726274] pci_bus 0000:00: on NUMA node 0\n[    0.726531] ACPI: PCI Interrupt Link [LNKA] (IRQs 3 4 5 6 10 *11 12 14 15)\n[    0.726605] ACPI: PCI Interrupt Link [LNKB] (IRQs 3 4 5 *6 10 11 12 14 15)\n[    0.726677] ACPI: PCI Interrupt Link [LNKC] (IRQs 3 4 *5 6 10 11 12 14 15)\n[    0.726748] ACPI: PCI Interrupt Link [LNKD] (IRQs 3 4 5 6 10 *11 12 14 15)\n[    0.726819] ACPI: PCI Interrupt Link [LNKE] (IRQs 3 4 5 6 10 *11 12 14 15)\n[    0.726890] ACPI: PCI Interrupt Link [LNKF] (IRQs 3 4 5 *6 10 11 12 14 15)\n[    0.726961] ACPI: PCI Interrupt Link [LNKG] (IRQs 3 4 *5 6 10 11 12 14 15)\n[    0.727034] ACPI: PCI Interrupt Link [LNKH] (IRQs 3 4 5 6 10 *11 12 14 15)\n[    0.727339] ACPI: PCI Root Bridge [PC01] (domain 0000 [bus 17-39])\n[    0.727342] acpi PNP0A08:01: _OSC: OS supports [ExtendedConfig ASPM ClockPM Segments MSI HPX-Type3]\n[    0.727382] acpi PNP0A08:01: PCIe AER handled by firmware\n[    0.727441] acpi PNP0A08:01: _OSC: platform does not support [SHPCHotplug LTR]\n[    0.727549] acpi PNP0A08:01: _OSC: OS now controls [PCIeHotplug PME PCIeCapability]\n[    0.727549] acpi PNP0A08:01: FADT indicates ASPM is unsupported, using BIOS configuration\n[    0.727727] PCI host bridge to bus 0000:17\n[    0.727729] pci_bus 0000:17: root bus resource [io  0x4000-0x5fff window]\n[    0.727730] pci_bus 0000:17: root bus resource [mem 0x9d800000-0xaaffffff window]\n[    0.727730] pci_bus 0000:17: root bus resource [mem 0x381000000000-0x381fffffffff window]\n[    0.727732] pci_bus 0000:17: root bus resource [bus 17-39]\n[    0.727740] pci 0000:17:00.0: [8086:2030] type 01 class 0x060400\n[    0.727793] pci 0000:17:00.0: PME# supported from D0 D3hot D3cold\n[    0.727905] pci 0000:17:02.0: [8086:2032] type 01 class 0x060400\n[    0.727955] pci 0000:17:02.0: PME# supported from D0 D3hot D3cold\n[    0.728019] pci 0000:17:05.0: [8086:2034] type 00 class 0x088000\n[    0.728099] pci 0000:17:05.2: [8086:2035] type 00 class 0x088000\n[    0.728173] pci 0000:17:05.4: [8086:2036] type 00 class 0x080020\n[    0.728180] pci 0000:17:05.4: reg 0x10: [mem 0x9dd00000-0x9dd00fff]\n[    0.728257] pci 0000:17:08.0: [8086:208d] type 00 class 0x088000\n[    0.728314] pci 0000:17:08.1: [8086:208d] type 00 class 0x088000\n[    0.728367] pci 0000:17:08.2: [8086:208d] type 00 class 0x088000\n[    0.728418] pci 0000:17:08.3: [8086:208d] type 00 class 0x088000\n[    0.728468] pci 0000:17:08.4: [8086:208d] type 00 class 0x088000\n[    0.728519] pci 0000:17:08.5: [8086:208d] type 00 class 0x088000\n[    0.728571] pci 0000:17:08.6: [8086:208d] type 00 class 0x088000\n[    0.728623] pci 0000:17:08.7: [8086:208d] type 00 class 0x088000\n[    0.728675] pci 0000:17:09.0: [8086:208d] type 00 class 0x088000\n[    0.728730] pci 0000:17:09.1: [8086:208d] type 00 class 0x088000\n[    0.728785] pci 0000:17:0e.0: [8086:208e] type 00 class 0x088000\n[    0.728842] pci 0000:17:0e.1: [8086:208e] type 00 class 0x088000\n[    0.728892] pci 0000:17:0e.2: [8086:208e] type 00 class 0x088000\n[    0.728942] pci 0000:17:0e.3: [8086:208e] type 00 class 0x088000\n[    0.728992] pci 0000:17:0e.4: [8086:208e] type 00 class 0x088000\n[    0.729044] pci 0000:17:0e.5: [8086:208e] type 00 class 0x088000\n[    0.729096] pci 0000:17:0e.6: [8086:208e] type 00 class 0x088000\n[    0.729149] pci 0000:17:0e.7: [8086:208e] type 00 class 0x088000\n[    0.729201] pci 0000:17:0f.0: [8086:208e] type 00 class 0x088000\n[    0.729255] pci 0000:17:0f.1: [8086:208e] type 00 class 0x088000\n[    0.729315] pci 0000:17:1d.0: [8086:2054] type 00 class 0x088000\n[    0.729370] pci 0000:17:1d.1: [8086:2055] type 00 class 0x088000\n[    0.729420] pci 0000:17:1d.2: [8086:2056] type 00 class 0x088000\n[    0.729473] pci 0000:17:1d.3: [8086:2057] type 00 class 0x088000\n[    0.729526] pci 0000:17:1e.0: [8086:2080] type 00 class 0x088000\n[    0.729580] pci 0000:17:1e.1: [8086:2081] type 00 class 0x088000\n[    0.729638] pci 0000:17:1e.2: [8086:2082] type 00 class 0x088000\n[    0.729689] pci 0000:17:1e.3: [8086:2083] type 00 class 0x088000\n[    0.729741] pci 0000:17:1e.4: [8086:2084] type 00 class 0x088000\n[    0.729793] pci 0000:17:1e.5: [8086:2085] type 00 class 0x088000\n[    0.729844] pci 0000:17:1e.6: [8086:2086] type 00 class 0x088000\n[    0.729924] pci 0000:18:00.0: [1000:0097] type 00 class 0x010700\n[    0.729935] pci 0000:18:00.0: reg 0x10: [io  0x4000-0x40ff]\n[    0.729942] pci 0000:18:00.0: reg 0x14: [mem 0x9dc00000-0x9dc0ffff 64bit]\n[    0.729948] pci 0000:18:00.0: reg 0x1c: [mem 0x9db00000-0x9dbfffff 64bit]\n[    0.729956] pci 0000:18:00.0: reg 0x30: [mem 0xfff00000-0xffffffff pref]\n[    0.729960] pci 0000:18:00.0: enabling Extended Tags\n[    0.730021] pci 0000:18:00.0: supports D1 D2\n[    0.730042] pci 0000:18:00.0: reg 0x174: [mem 0x00000000-0x0000ffff 64bit]\n[    0.730044] pci 0000:18:00.0: VF(n) BAR0 space: [mem 0x00000000-0x000fffff 64bit] (contains BAR0 for 16 VFs)\n[    0.730049] pci 0000:18:00.0: reg 0x17c: [mem 0x00000000-0x000fffff 64bit]\n[    0.730050] pci 0000:18:00.0: VF(n) BAR2 space: [mem 0x00000000-0x00ffffff 64bit] (contains BAR2 for 16 VFs)\n[    0.730113] pci 0000:17:00.0: PCI bridge to [bus 18]\n[    0.730114] pci 0000:17:00.0:   bridge window [io  0x4000-0x4fff]\n[    0.730116] pci 0000:17:00.0:   bridge window [mem 0x9db00000-0x9dcfffff]\n[    0.730216] pci 0000:19:00.0: [14e4:16d8] type 00 class 0x020000\n[    0.730239] pci 0000:19:00.0: reg 0x10: [mem 0x9da10000-0x9da1ffff 64bit pref]\n[    0.730248] pci 0000:19:00.0: reg 0x18: [mem 0x9d900000-0x9d9fffff 64bit pref]\n[    0.730257] pci 0000:19:00.0: reg 0x20: [mem 0x9da22000-0x9da23fff 64bit pref]\n[    0.730263] pci 0000:19:00.0: reg 0x30: [mem 0xfff80000-0xffffffff pref]\n[    0.730324] pci 0000:19:00.0: PME# supported from D0 D3hot D3cold\n[    0.730456] pci 0000:19:00.1: [14e4:16d8] type 00 class 0x020000\n[    0.730476] pci 0000:19:00.1: reg 0x10: [mem 0x9da00000-0x9da0ffff 64bit pref]\n[    0.730485] pci 0000:19:00.1: reg 0x18: [mem 0x9d800000-0x9d8fffff 64bit pref]\n[    0.730494] pci 0000:19:00.1: reg 0x20: [mem 0x9da20000-0x9da21fff 64bit pref]\n[    0.730500] pci 0000:19:00.1: reg 0x30: [mem 0xfff80000-0xffffffff pref]\n[    0.730554] pci 0000:19:00.1: PME# supported from D0 D3hot D3cold\n[    0.730660] pci 0000:17:02.0: PCI bridge to [bus 19]\n[    0.730664] pci 0000:17:02.0:   bridge window [mem 0x9d800000-0x9dafffff 64bit pref]\n[    0.730674] pci_bus 0000:17: on NUMA node 0\n[    0.730770] ACPI: PCI Root Bridge [PC02] (domain 0000 [bus 3a-5c])\n[    0.730772] acpi PNP0A08:02: _OSC: OS supports [ExtendedConfig ASPM ClockPM Segments MSI HPX-Type3]\n[    0.730810] acpi PNP0A08:02: PCIe AER handled by firmware\n[    0.730858] acpi PNP0A08:02: _OSC: platform does not support [SHPCHotplug LTR]\n[    0.730944] acpi PNP0A08:02: _OSC: OS now controls [PCIeHotplug PME PCIeCapability]\n[    0.730945] acpi PNP0A08:02: FADT indicates ASPM is unsupported, using BIOS configuration\n[    0.731077] PCI host bridge to bus 0000:3a\n[    0.731078] pci_bus 0000:3a: root bus resource [io  0x6000-0x7fff window]\n[    0.731079] pci_bus 0000:3a: root bus resource [mem 0xab000000-0xb87fffff window]\n[    0.731080] pci_bus 0000:3a: root bus resource [mem 0x382000000000-0x382fffffffff window]\n[    0.731081] pci_bus 0000:3a: root bus resource [bus 3a-5c]\n[    0.731089] pci 0000:3a:05.0: [8086:2034] type 00 class 0x088000\n[    0.731162] pci 0000:3a:05.2: [8086:2035] type 00 class 0x088000\n[    0.731228] pci 0000:3a:05.4: [8086:2036] type 00 class 0x080020\n[    0.731235] pci 0000:3a:05.4: reg 0x10: [mem 0xab000000-0xab000fff]\n[    0.731306] pci 0000:3a:08.0: [8086:2066] type 00 class 0x088000\n[    0.731368] pci 0000:3a:09.0: [8086:2066] type 00 class 0x088000\n[    0.731431] pci 0000:3a:0a.0: [8086:2040] type 00 class 0x088000\n[    0.731491] pci 0000:3a:0a.1: [8086:2041] type 00 class 0x088000\n[    0.731549] pci 0000:3a:0a.2: [8086:2042] type 00 class 0x088000\n[    0.731608] pci 0000:3a:0a.3: [8086:2043] type 00 class 0x088000\n[    0.731665] pci 0000:3a:0a.4: [8086:2044] type 00 class 0x088000\n[    0.731723] pci 0000:3a:0a.5: [8086:2045] type 00 class 0x088000\n[    0.731780] pci 0000:3a:0a.6: [8086:2046] type 00 class 0x088000\n[    0.731838] pci 0000:3a:0a.7: [8086:2047] type 00 class 0x088000\n[    0.731894] pci 0000:3a:0b.0: [8086:2048] type 00 class 0x088000\n[    0.731954] pci 0000:3a:0b.1: [8086:2049] type 00 class 0x088000\n[    0.732014] pci 0000:3a:0b.2: [8086:204a] type 00 class 0x088000\n[    0.732073] pci 0000:3a:0b.3: [8086:204b] type 00 class 0x088000\n[    0.732131] pci 0000:3a:0c.0: [8086:2040] type 00 class 0x088000\n[    0.732192] pci 0000:3a:0c.1: [8086:2041] type 00 class 0x088000\n[    0.732250] pci 0000:3a:0c.2: [8086:2042] type 00 class 0x088000\n[    0.732308] pci 0000:3a:0c.3: [8086:2043] type 00 class 0x088000\n[    0.732366] pci 0000:3a:0c.4: [8086:2044] type 00 class 0x088000\n[    0.732423] pci 0000:3a:0c.5: [8086:2045] type 00 class 0x088000\n[    0.732480] pci 0000:3a:0c.6: [8086:2046] type 00 class 0x088000\n[    0.732540] pci 0000:3a:0c.7: [8086:2047] type 00 class 0x088000\n[    0.732598] pci 0000:3a:0d.0: [8086:2048] type 00 class 0x088000\n[    0.732660] pci 0000:3a:0d.1: [8086:2049] type 00 class 0x088000\n[    0.732718] pci 0000:3a:0d.2: [8086:204a] type 00 class 0x088000\n[    0.732776] pci 0000:3a:0d.3: [8086:204b] type 00 class 0x088000\n[    0.732846] pci_bus 0000:3a: on NUMA node 0\n[    0.732924] ACPI: PCI Root Bridge [PC03] (domain 0000 [bus 5d-7f])\n[    0.732926] acpi PNP0A08:03: _OSC: OS supports [ExtendedConfig ASPM ClockPM Segments MSI HPX-Type3]\n[    0.732963] acpi PNP0A08:03: PCIe AER handled by firmware\n[    0.733012] acpi PNP0A08:03: _OSC: platform does not support [SHPCHotplug LTR]\n[    0.733101] acpi PNP0A08:03: _OSC: OS now controls [PCIeHotplug PME PCIeCapability]\n[    0.733102] acpi PNP0A08:03: FADT indicates ASPM is unsupported, using BIOS configuration\n[    0.733266] PCI host bridge to bus 0000:5d\n[    0.733267] pci_bus 0000:5d: root bus resource [io  0x8000-0x9fff window]\n[    0.733268] pci_bus 0000:5d: root bus resource [mem 0xb8800000-0xc5ffffff window]\n[    0.733269] pci_bus 0000:5d: root bus resource [mem 0x383000000000-0x383fffffffff window]\n[    0.733270] pci_bus 0000:5d: root bus resource [bus 5d-7f]\n[    0.733278] pci 0000:5d:05.0: [8086:2034] type 00 class 0x088000\n[    0.733350] pci 0000:5d:05.2: [8086:2035] type 00 class 0x088000\n[    0.733421] pci 0000:5d:05.4: [8086:2036] type 00 class 0x080020\n[    0.733429] pci 0000:5d:05.4: reg 0x10: [mem 0xb8800000-0xb8800fff]\n[    0.733503] pci 0000:5d:0e.0: [8086:2058] type 00 class 0x110100\n[    0.733563] pci 0000:5d:0e.1: [8086:2059] type 00 class 0x088000\n[    0.733621] pci 0000:5d:0f.0: [8086:2058] type 00 class 0x110100\n[    0.733681] pci 0000:5d:0f.1: [8086:2059] type 00 class 0x088000\n[    0.733739] pci 0000:5d:12.0: [8086:204c] type 00 class 0x110100\n[    0.733796] pci 0000:5d:12.1: [8086:204d] type 00 class 0x110100\n[    0.733848] pci 0000:5d:12.2: [8086:204e] type 00 class 0x088000\n[    0.733895] pci 0000:5d:15.0: [8086:2018] type 00 class 0x088000\n[    0.733944] pci 0000:5d:15.1: [8086:2088] type 00 class 0x110100\n[    0.733991] pci 0000:5d:16.0: [8086:2018] type 00 class 0x088000\n[    0.734041] pci 0000:5d:16.1: [8086:2088] type 00 class 0x110100\n[    0.734085] pci 0000:5d:16.4: [8086:2018] type 00 class 0x088000\n[    0.734131] pci 0000:5d:16.5: [8086:2088] type 00 class 0x110100\n[    0.734179] pci_bus 0000:5d: on NUMA node 0\n[    0.734328] ACPI: PCI Root Bridge [PC06] (domain 0000 [bus 80-84])\n[    0.734330] acpi PNP0A08:06: _OSC: OS supports [ExtendedConfig ASPM ClockPM Segments MSI HPX-Type3]\n[    0.734368] acpi PNP0A08:06: PCIe AER handled by firmware\n[    0.734416] acpi PNP0A08:06: _OSC: platform does not support [SHPCHotplug LTR]\n[    0.734502] acpi PNP0A08:06: _OSC: OS now controls [PCIeHotplug PME PCIeCapability]\n[    0.734503] acpi PNP0A08:06: FADT indicates ASPM is unsupported, using BIOS configuration\n[    0.734537] acpi PNP0A08:06: host bridge window [io  0x0000 window] (ignored, not CPU addressable)\n[    0.734613] PCI host bridge to bus 0000:80\n[    0.734614] pci_bus 0000:80: root bus resource [mem 0xc6000000-0xd37fffff window]\n[    0.734615] pci_bus 0000:80: root bus resource [mem 0x384000000000-0x384fffffffff window]\n[    0.734616] pci_bus 0000:80: root bus resource [bus 80-84]\n[    0.734631] pci 0000:80:05.0: [8086:2024] type 00 class 0x088000\n[    0.734711] pci 0000:80:05.2: [8086:2025] type 00 class 0x088000\n[    0.734785] pci 0000:80:05.4: [8086:2026] type 00 class 0x080020\n[    0.734794] pci 0000:80:05.4: reg 0x10: [mem 0xc6000000-0xc6000fff]\n[    0.734874] pci 0000:80:08.0: [8086:2014] type 00 class 0x088000\n[    0.734938] pci 0000:80:08.1: [8086:2015] type 00 class 0x110100\n[    0.734988] pci 0000:80:08.2: [8086:2016] type 00 class 0x088000\n[    0.735058] pci_bus 0000:80: on NUMA node 1\n[    0.735123] ACPI: PCI Root Bridge [PC07] (domain 0000 [bus 85-ad])\n[    0.735125] acpi PNP0A08:07: _OSC: OS supports [ExtendedConfig ASPM ClockPM Segments MSI HPX-Type3]\n[    0.735164] acpi PNP0A08:07: PCIe AER handled by firmware\n[    0.735211] acpi PNP0A08:07: _OSC: platform does not support [SHPCHotplug LTR]\n[    0.735297] acpi PNP0A08:07: _OSC: OS now controls [PCIeHotplug PME PCIeCapability]\n[    0.735298] acpi PNP0A08:07: FADT indicates ASPM is unsupported, using BIOS configuration\n[    0.735497] PCI host bridge to bus 0000:85\n[    0.735498] pci_bus 0000:85: root bus resource [io  0xa000-0xbfff window]\n[    0.735499] pci_bus 0000:85: root bus resource [mem 0xd3800000-0xe0ffffff window]\n[    0.735500] pci_bus 0000:85: root bus resource [mem 0x385000000000-0x385fffffffff window]\n[    0.735501] pci_bus 0000:85: root bus resource [bus 85-ad]\n[    0.735510] pci 0000:85:02.0: [8086:2032] type 01 class 0x060400\n[    0.735569] pci 0000:85:02.0: PME# supported from D0 D3hot D3cold\n[    0.735686] pci 0000:85:05.0: [8086:2034] type 00 class 0x088000\n[    0.735766] pci 0000:85:05.2: [8086:2035] type 00 class 0x088000\n[    0.735848] pci 0000:85:05.4: [8086:2036] type 00 class 0x080020\n[    0.735856] pci 0000:85:05.4: reg 0x10: [mem 0xd3900000-0xd3900fff]\n[    0.735937] pci 0000:85:08.0: [8086:208d] type 00 class 0x088000\n[    0.735997] pci 0000:85:08.1: [8086:208d] type 00 class 0x088000\n[    0.736054] pci 0000:85:08.2: [8086:208d] type 00 class 0x088000\n[    0.736110] pci 0000:85:08.3: [8086:208d] type 00 class 0x088000\n[    0.736164] pci 0000:85:08.4: [8086:208d] type 00 class 0x088000\n[    0.736218] pci 0000:85:08.5: [8086:208d] type 00 class 0x088000\n[    0.736272] pci 0000:85:08.6: [8086:208d] type 00 class 0x088000\n[    0.736326] pci 0000:85:08.7: [8086:208d] type 00 class 0x088000\n[    0.736381] pci 0000:85:09.0: [8086:208d] type 00 class 0x088000\n[    0.736441] pci 0000:85:09.1: [8086:208d] type 00 class 0x088000\n[    0.736502] pci 0000:85:0e.0: [8086:208e] type 00 class 0x088000\n[    0.736559] pci 0000:85:0e.1: [8086:208e] type 00 class 0x088000\n[    0.736613] pci 0000:85:0e.2: [8086:208e] type 00 class 0x088000\n[    0.736667] pci 0000:85:0e.3: [8086:208e] type 00 class 0x088000\n[    0.736720] pci 0000:85:0e.4: [8086:208e] type 00 class 0x088000\n[    0.736773] pci 0000:85:0e.5: [8086:208e] type 00 class 0x088000\n[    0.736826] pci 0000:85:0e.6: [8086:208e] type 00 class 0x088000\n[    0.736880] pci 0000:85:0e.7: [8086:208e] type 00 class 0x088000\n[    0.736934] pci 0000:85:0f.0: [8086:208e] type 00 class 0x088000\n[    0.736990] pci 0000:85:0f.1: [8086:208e] type 00 class 0x088000\n[    0.737056] pci 0000:85:1d.0: [8086:2054] type 00 class 0x088000\n[    0.737113] pci 0000:85:1d.1: [8086:2055] type 00 class 0x088000\n[    0.737167] pci 0000:85:1d.2: [8086:2056] type 00 class 0x088000\n[    0.737222] pci 0000:85:1d.3: [8086:2057] type 00 class 0x088000\n[    0.737278] pci 0000:85:1e.0: [8086:2080] type 00 class 0x088000\n[    0.737337] pci 0000:85:1e.1: [8086:2081] type 00 class 0x088000\n[    0.737392] pci 0000:85:1e.2: [8086:2082] type 00 class 0x088000\n[    0.737447] pci 0000:85:1e.3: [8086:2083] type 00 class 0x088000\n[    0.737502] pci 0000:85:1e.4: [8086:2084] type 00 class 0x088000\n[    0.737557] pci 0000:85:1e.5: [8086:2085] type 00 class 0x088000\n[    0.737612] pci 0000:85:1e.6: [8086:2086] type 00 class 0x088000\n[    0.737720] pci 0000:86:00.0: [00fa:00ce] type 00 class 0x010802\n[    0.737765] pci 0000:86:00.0: reg 0x10: [mem 0xd3800000-0xd3803fff 64bit]\n[    0.737789] pci 0000:86:00.0: reg 0x18: [mem 0xd3804000-0xd3807fff 64bit]\n[    0.737812] pci 0000:86:00.0: reg 0x20: [mem 0xd3808000-0xd380bfff 64bit]\n[    0.741018] pci 0000:85:02.0: PCI bridge to [bus 86]\n[    0.741022] pci 0000:85:02.0:   bridge window [mem 0xd3800000-0xd38fffff]\n[    0.741030] pci_bus 0000:85: on NUMA node 1\n[    0.741116] ACPI: PCI Root Bridge [PC08] (domain 0000 [bus ae-d6])\n[    0.741118] acpi PNP0A08:08: _OSC: OS supports [ExtendedConfig ASPM ClockPM Segments MSI HPX-Type3]\n[    0.741155] acpi PNP0A08:08: PCIe AER handled by firmware\n[    0.741203] acpi PNP0A08:08: _OSC: platform does not support [SHPCHotplug LTR]\n[    0.741289] acpi PNP0A08:08: _OSC: OS now controls [PCIeHotplug PME PCIeCapability]\n[    0.741290] acpi PNP0A08:08: FADT indicates ASPM is unsupported, using BIOS configuration\n[    0.741426] PCI host bridge to bus 0000:ae\n[    0.741428] pci_bus 0000:ae: root bus resource [io  0xc000-0xdfff window]\n[    0.741429] pci_bus 0000:ae: root bus resource [mem 0xe1000000-0xee7fffff window]\n[    0.741429] pci_bus 0000:ae: root bus resource [mem 0x386000000000-0x386fffffffff window]\n[    0.741430] pci_bus 0000:ae: root bus resource [bus ae-d6]\n[    0.741439] pci 0000:ae:00.0: [8086:2030] type 01 class 0x060400\n[    0.741497] pci 0000:ae:00.0: PME# supported from D0 D3hot D3cold\n[    0.741611] pci 0000:ae:05.0: [8086:2034] type 00 class 0x088000\n[    0.741685] pci 0000:ae:05.2: [8086:2035] type 00 class 0x088000\n[    0.741757] pci 0000:ae:05.4: [8086:2036] type 00 class 0x080020\n[    0.741766] pci 0000:ae:05.4: reg 0x10: [mem 0xe1100000-0xe1100fff]\n[    0.741840] pci 0000:ae:08.0: [8086:2066] type 00 class 0x088000\n[    0.741907] pci 0000:ae:09.0: [8086:2066] type 00 class 0x088000\n[    0.741972] pci 0000:ae:0a.0: [8086:2040] type 00 class 0x088000\n[    0.742040] pci 0000:ae:0a.1: [8086:2041] type 00 class 0x088000\n[    0.742102] pci 0000:ae:0a.2: [8086:2042] type 00 class 0x088000\n[    0.742165] pci 0000:ae:0a.3: [8086:2043] type 00 class 0x088000\n[    0.742226] pci 0000:ae:0a.4: [8086:2044] type 00 class 0x088000\n[    0.742287] pci 0000:ae:0a.5: [8086:2045] type 00 class 0x088000\n[    0.742348] pci 0000:ae:0a.6: [8086:2046] type 00 class 0x088000\n[    0.742410] pci 0000:ae:0a.7: [8086:2047] type 00 class 0x088000\n[    0.742472] pci 0000:ae:0b.0: [8086:2048] type 00 class 0x088000\n[    0.742536] pci 0000:ae:0b.1: [8086:2049] type 00 class 0x088000\n[    0.742597] pci 0000:ae:0b.2: [8086:204a] type 00 class 0x088000\n[    0.742660] pci 0000:ae:0b.3: [8086:204b] type 00 class 0x088000\n[    0.742723] pci 0000:ae:0c.0: [8086:2040] type 00 class 0x088000\n[    0.742788] pci 0000:ae:0c.1: [8086:2041] type 00 class 0x088000\n[    0.742850] pci 0000:ae:0c.2: [8086:2042] type 00 class 0x088000\n[    0.742911] pci 0000:ae:0c.3: [8086:2043] type 00 class 0x088000\n[    0.742973] pci 0000:ae:0c.4: [8086:2044] type 00 class 0x088000\n[    0.743038] pci 0000:ae:0c.5: [8086:2045] type 00 class 0x088000\n[    0.743100] pci 0000:ae:0c.6: [8086:2046] type 00 class 0x088000\n[    0.743162] pci 0000:ae:0c.7: [8086:2047] type 00 class 0x088000\n[    0.743224] pci 0000:ae:0d.0: [8086:2048] type 00 class 0x088000\n[    0.743290] pci 0000:ae:0d.1: [8086:2049] type 00 class 0x088000\n[    0.743353] pci 0000:ae:0d.2: [8086:204a] type 00 class 0x088000\n[    0.743416] pci 0000:ae:0d.3: [8086:204b] type 00 class 0x088000\n[    0.743537] pci 0000:af:00.0: [00fa:00ce] type 00 class 0x010802\n[    0.743583] pci 0000:af:00.0: reg 0x10: [mem 0xe1000000-0xe1003fff 64bit]\n[    0.743606] pci 0000:af:00.0: reg 0x18: [mem 0xe1004000-0xe1007fff 64bit]\n[    0.743630] pci 0000:af:00.0: reg 0x20: [mem 0xe1008000-0xe100bfff 64bit]\n[    0.747018] pci 0000:ae:00.0: PCI bridge to [bus af]\n[    0.747021] pci 0000:ae:00.0:   bridge window [mem 0xe1000000-0xe10fffff]\n[    0.747029] pci_bus 0000:ae: on NUMA node 1\n[    0.747136] ACPI: PCI Root Bridge [PC09] (domain 0000 [bus d7-ff])\n[    0.747138] acpi PNP0A08:09: _OSC: OS supports [ExtendedConfig ASPM ClockPM Segments MSI HPX-Type3]\n[    0.747175] acpi PNP0A08:09: PCIe AER handled by firmware\n[    0.747223] acpi PNP0A08:09: _OSC: platform does not support [SHPCHotplug LTR]\n[    0.747309] acpi PNP0A08:09: _OSC: OS now controls [PCIeHotplug PME PCIeCapability]\n[    0.747310] acpi PNP0A08:09: FADT indicates ASPM is unsupported, using BIOS configuration\n[    0.747444] PCI host bridge to bus 0000:d7\n[    0.747446] pci_bus 0000:d7: root bus resource [io  0xe000-0xffff window]\n[    0.747447] pci_bus 0000:d7: root bus resource [mem 0xee800000-0xfbffffff window]\n[    0.747447] pci_bus 0000:d7: root bus resource [mem 0x387000000000-0x387fffffffff window]\n[    0.747448] pci_bus 0000:d7: root bus resource [bus d7-ff]\n[    0.747458] pci 0000:d7:05.0: [8086:2034] type 00 class 0x088000\n[    0.747534] pci 0000:d7:05.2: [8086:2035] type 00 class 0x088000\n[    0.747609] pci 0000:d7:05.4: [8086:2036] type 00 class 0x080020\n[    0.747618] pci 0000:d7:05.4: reg 0x10: [mem 0xee800000-0xee800fff]\n[    0.747697] pci 0000:d7:0e.0: [8086:2058] type 00 class 0x110100\n[    0.747765] pci 0000:d7:0e.1: [8086:2059] type 00 class 0x088000\n[    0.747827] pci 0000:d7:0f.0: [8086:2058] type 00 class 0x110100\n[    0.747891] pci 0000:d7:0f.1: [8086:2059] type 00 class 0x088000\n[    0.747954] pci 0000:d7:12.0: [8086:204c] type 00 class 0x110100\n[    0.748018] pci 0000:d7:12.1: [8086:204d] type 00 class 0x110100\n[    0.748067] pci 0000:d7:12.2: [8086:204e] type 00 class 0x088000\n[    0.748119] pci 0000:d7:15.0: [8086:2018] type 00 class 0x088000\n[    0.748169] pci 0000:d7:15.1: [8086:2088] type 00 class 0x110100\n[    0.748219] pci 0000:d7:16.0: [8086:2018] type 00 class 0x088000\n[    0.748269] pci 0000:d7:16.1: [8086:2088] type 00 class 0x110100\n[    0.748316] pci 0000:d7:16.4: [8086:2018] type 00 class 0x088000\n[    0.748363] pci 0000:d7:16.5: [8086:2088] type 00 class 0x110100\n[    0.748414] pci_bus 0000:d7: on NUMA node 1\n[    0.749082] iommu: Default domain type: Passthrough \n[    0.749082] pci 0000:03:00.0: vgaarb: setting as boot VGA device\n[    0.749082] pci 0000:03:00.0: vgaarb: VGA device added: decodes=io+mem,owns=io+mem,locks=none\n[    0.749082] pci 0000:03:00.0: vgaarb: bridge control possible\n[    0.749082] vgaarb: loaded\n[    0.749179] SCSI subsystem initialized\n[    0.749196] ACPI: bus type USB registered\n[    0.749210] usbcore: registered new interface driver usbfs\n[    0.749216] usbcore: registered new interface driver hub\n[    0.750012] usbcore: registered new device driver usb\n[    0.750012] pps_core: LinuxPPS API ver. 1 registered\n[    0.750012] pps_core: Software ver. 5.3.6 - Copyright 2005-2007 Rodolfo Giometti <giometti@linux.it>\n[    0.750012] PTP clock support registered\n[    0.750072] EDAC MC: Ver: 3.0.0\n[    0.750290] Registered efivars operations\n[    0.782416] PCI: Using ACPI for IRQ routing\n[    0.786251] PCI: pci_cache_line_size set to 64 bytes\n[    0.786461] e820: reserve RAM buffer [mem 0x4ff1c020-0x4fffffff]\n[    0.786462] e820: reserve RAM buffer [mem 0x4ff4c020-0x4fffffff]\n[    0.786463] e820: reserve RAM buffer [mem 0x4ff7c020-0x4fffffff]\n[    0.786464] e820: reserve RAM buffer [mem 0x4ffc2020-0x4fffffff]\n[    0.786465] e820: reserve RAM buffer [mem 0x4ffcb020-0x4fffffff]\n[    0.786465] e820: reserve RAM buffer [mem 0x4fffe020-0x4fffffff]\n[    0.786466] e820: reserve RAM buffer [mem 0x682ff000-0x6bffffff]\n[    0.786658] NetLabel: Initializing\n[    0.786659] NetLabel:  domain hash size = 128\n[    0.786659] NetLabel:  protocols = UNLABELED CIPSOv4 CALIPSO\n[    0.786674] NetLabel:  unlabeled traffic allowed by default\n[    0.786677] hpet0: at MMIO 0xfed00000, IRQs 2, 8, 0, 0, 0, 0, 0, 0\n[    0.786677] hpet0: 8 comparators, 64-bit 24.000000 MHz counter\n[    0.788097] clocksource: Switched to clocksource tsc-early\n[    0.800933] VFS: Disk quotas dquot_6.6.0\n[    0.800958] VFS: Dquot-cache hash table entries: 512 (order 0, 4096 bytes)\n[    0.801078] pnp: PnP ACPI init\n[    0.804512] pnp 00:00: Plug and Play ACPI device, IDs PNP0b00 (active)\n[    0.804618] system 00:01: [io  0x0500-0x05fe] has been reserved\n[    0.804619] system 00:01: [io  0x0400-0x047f] has been reserved\n[    0.804621] system 00:01: [io  0x0600-0x061f] has been reserved\n[    0.804622] system 00:01: [io  0x0ca0-0x0ca5] has been reserved\n[    0.804624] system 00:01: [io  0x0880-0x0883] has been reserved\n[    0.804625] system 00:01: [io  0x0800-0x081f] has been reserved\n[    0.804627] system 00:01: [mem 0xfed1c000-0xfed3ffff] has been reserved\n[    0.804628] system 00:01: [mem 0xfed45000-0xfed8bfff] has been reserved\n[    0.804629] system 00:01: [mem 0xff000000-0xffffffff] has been reserved\n[    0.804630] system 00:01: [mem 0xfee00000-0xfeefffff] has been reserved\n[    0.804631] system 00:01: [mem 0xfed12000-0xfed1200f] has been reserved\n[    0.804632] system 00:01: [mem 0xfed12010-0xfed1201f] has been reserved\n[    0.804633] system 00:01: [mem 0xfed1b000-0xfed1bfff] has been reserved\n[    0.804637] system 00:01: Plug and Play ACPI device, IDs PNP0c02 (active)\n[    0.804819] pnp 00:02: Plug and Play ACPI device, IDs PNP0501 (active)\n[    0.804968] pnp 00:03: Plug and Play ACPI device, IDs PNP0501 (active)\n[    0.805060] system 00:04: [mem 0xfd000000-0xfdabffff] has been reserved\n[    0.805062] system 00:04: [mem 0xfdad0000-0xfdadffff] has been reserved\n[    0.805064] system 00:04: [mem 0xfdb00000-0xfdffffff] has been reserved\n[    0.805065] system 00:04: [mem 0xfe000000-0xfe00ffff] has been reserved\n[    0.805066] system 00:04: [mem 0xfe011000-0xfe01ffff] has been reserved\n[    0.805067] system 00:04: [mem 0xfe036000-0xfe03bfff] has been reserved\n[    0.805068] system 00:04: [mem 0xfe03d000-0xfe3fffff] has been reserved\n[    0.805069] system 00:04: [mem 0xfe410000-0xfe7fffff] has been reserved\n[    0.805071] system 00:04: Plug and Play ACPI device, IDs PNP0c02 (active)\n[    0.805309] system 00:05: [io  0x1000-0x10fe] has been reserved\n[    0.805311] system 00:05: Plug and Play ACPI device, IDs PNP0c02 (active)\n[    0.805942] pnp: PnP ACPI: found 6 devices\n[    0.811427] clocksource: acpi_pm: mask: 0xffffff max_cycles: 0xffffff, max_idle_ns: 2085701024 ns\n[    0.811453] pci 0000:01:00.0: can't claim BAR 6 [mem 0xfffc0000-0xffffffff pref]: no compatible bridge window\n[    0.811455] pci 0000:01:00.1: can't claim BAR 6 [mem 0xfffc0000-0xffffffff pref]: no compatible bridge window\n[    0.811456] pci 0000:18:00.0: can't claim BAR 6 [mem 0xfff00000-0xffffffff pref]: no compatible bridge window\n[    0.811458] pci 0000:19:00.0: can't claim BAR 6 [mem 0xfff80000-0xffffffff pref]: no compatible bridge window\n[    0.811459] pci 0000:19:00.1: can't claim BAR 6 [mem 0xfff80000-0xffffffff pref]: no compatible bridge window\n[    0.811473] pci 0000:00:1c.0: BAR 14: assigned [mem 0x90000000-0x900fffff]\n[    0.811476] pci 0000:01:00.0: BAR 6: assigned [mem 0x90000000-0x9003ffff pref]\n[    0.811477] pci 0000:01:00.1: BAR 6: assigned [mem 0x90040000-0x9007ffff pref]\n[    0.811479] pci 0000:00:1c.0: PCI bridge to [bus 01]\n[    0.811482] pci 0000:00:1c.0:   bridge window [mem 0x90000000-0x900fffff]\n[    0.811484] pci 0000:00:1c.0:   bridge window [mem 0x92900000-0x929fffff 64bit pref]\n[    0.811488] pci 0000:02:00.0: PCI bridge to [bus 03]\n[    0.811493] pci 0000:02:00.0:   bridge window [mem 0x92000000-0x928fffff]\n[    0.811496] pci 0000:02:00.0:   bridge window [mem 0x91000000-0x91ffffff 64bit pref]\n[    0.811501] pci 0000:00:1c.4: PCI bridge to [bus 02-03]\n[    0.811504] pci 0000:00:1c.4:   bridge window [mem 0x92000000-0x928fffff]\n[    0.811506] pci 0000:00:1c.4:   bridge window [mem 0x91000000-0x91ffffff 64bit pref]\n[    0.811510] pci_bus 0000:00: resource 4 [io  0x0000-0x0cf7 window]\n[    0.811511] pci_bus 0000:00: resource 5 [io  0x1000-0x3fff window]\n[    0.811512] pci_bus 0000:00: resource 6 [mem 0x000a0000-0x000bffff window]\n[    0.811513] pci_bus 0000:00: resource 7 [mem 0x000c4000-0x000c7fff window]\n[    0.811514] pci_bus 0000:00: resource 8 [mem 0xfe010000-0xfe010fff window]\n[    0.811514] pci_bus 0000:00: resource 9 [mem 0x90000000-0x9d7fffff window]\n[    0.811515] pci_bus 0000:00: resource 10 [mem 0x380000000000-0x380fffffffff window]\n[    0.811516] pci_bus 0000:01: resource 1 [mem 0x90000000-0x900fffff]\n[    0.811517] pci_bus 0000:01: resource 2 [mem 0x92900000-0x929fffff 64bit pref]\n[    0.811518] pci_bus 0000:02: resource 1 [mem 0x92000000-0x928fffff]\n[    0.811519] pci_bus 0000:02: resource 2 [mem 0x91000000-0x91ffffff 64bit pref]\n[    0.811520] pci_bus 0000:03: resource 1 [mem 0x92000000-0x928fffff]\n[    0.811521] pci_bus 0000:03: resource 2 [mem 0x91000000-0x91ffffff 64bit pref]\n[    0.811609] pci 0000:17:02.0: BAR 14: assigned [mem 0x9de00000-0x9defffff]\n[    0.811611] pci 0000:18:00.0: BAR 6: no space for [mem size 0x00100000 pref]\n[    0.811613] pci 0000:18:00.0: BAR 6: failed to assign [mem size 0x00100000 pref]\n[    0.811614] pci 0000:18:00.0: BAR 9: no space for [mem size 0x01000000 64bit]\n[    0.811615] pci 0000:18:00.0: BAR 9: failed to assign [mem size 0x01000000 64bit]\n[    0.811616] pci 0000:18:00.0: BAR 7: no space for [mem size 0x00100000 64bit]\n[    0.811617] pci 0000:18:00.0: BAR 7: failed to assign [mem size 0x00100000 64bit]\n[    0.811618] pci 0000:17:00.0: PCI bridge to [bus 18]\n[    0.811619] pci 0000:17:00.0:   bridge window [io  0x4000-0x4fff]\n[    0.811622] pci 0000:17:00.0:   bridge window [mem 0x9db00000-0x9dcfffff]\n[    0.811626] pci 0000:19:00.0: BAR 6: assigned [mem 0x9de00000-0x9de7ffff pref]\n[    0.811627] pci 0000:19:00.1: BAR 6: assigned [mem 0x9de80000-0x9defffff pref]\n[    0.811628] pci 0000:17:02.0: PCI bridge to [bus 19]\n[    0.811630] pci 0000:17:02.0:   bridge window [mem 0x9de00000-0x9defffff]\n[    0.811632] pci 0000:17:02.0:   bridge window [mem 0x9d800000-0x9dafffff 64bit pref]\n[    0.811635] pci_bus 0000:17: Some PCI device resources are unassigned, try booting with pci=realloc\n[    0.811636] pci_bus 0000:17: resource 4 [io  0x4000-0x5fff window]\n[    0.811637] pci_bus 0000:17: resource 5 [mem 0x9d800000-0xaaffffff window]\n[    0.811638] pci_bus 0000:17: resource 6 [mem 0x381000000000-0x381fffffffff window]\n[    0.811639] pci_bus 0000:18: resource 0 [io  0x4000-0x4fff]\n[    0.811639] pci_bus 0000:18: resource 1 [mem 0x9db00000-0x9dcfffff]\n[    0.811640] pci_bus 0000:19: resource 1 [mem 0x9de00000-0x9defffff]\n[    0.811641] pci_bus 0000:19: resource 2 [mem 0x9d800000-0x9dafffff 64bit pref]\n[    0.811659] pci_bus 0000:3a: resource 4 [io  0x6000-0x7fff window]\n[    0.811660] pci_bus 0000:3a: resource 5 [mem 0xab000000-0xb87fffff window]\n[    0.811661] pci_bus 0000:3a: resource 6 [mem 0x382000000000-0x382fffffffff window]\n[    0.811673] pci_bus 0000:5d: resource 4 [io  0x8000-0x9fff window]\n[    0.811674] pci_bus 0000:5d: resource 5 [mem 0xb8800000-0xc5ffffff window]\n[    0.811674] pci_bus 0000:5d: resource 6 [mem 0x383000000000-0x383fffffffff window]\n[    0.811691] pci_bus 0000:80: resource 4 [mem 0xc6000000-0xd37fffff window]\n[    0.811692] pci_bus 0000:80: resource 5 [mem 0x384000000000-0x384fffffffff window]\n[    0.811702] pci 0000:85:02.0: PCI bridge to [bus 86]\n[    0.811704] pci 0000:85:02.0:   bridge window [mem 0xd3800000-0xd38fffff]\n[    0.811709] pci_bus 0000:85: resource 4 [io  0xa000-0xbfff window]\n[    0.811710] pci_bus 0000:85: resource 5 [mem 0xd3800000-0xe0ffffff window]\n[    0.811711] pci_bus 0000:85: resource 6 [mem 0x385000000000-0x385fffffffff window]\n[    0.811712] pci_bus 0000:86: resource 1 [mem 0xd3800000-0xd38fffff]\n[    0.811725] pci 0000:ae:00.0: PCI bridge to [bus af]\n[    0.811727] pci 0000:ae:00.0:   bridge window [mem 0xe1000000-0xe10fffff]\n[    0.811732] pci_bus 0000:ae: resource 4 [io  0xc000-0xdfff window]\n[    0.811733] pci_bus 0000:ae: resource 5 [mem 0xe1000000-0xee7fffff window]\n[    0.811733] pci_bus 0000:ae: resource 6 [mem 0x386000000000-0x386fffffffff window]\n[    0.811734] pci_bus 0000:af: resource 1 [mem 0xe1000000-0xe10fffff]\n[    0.811757] pci_bus 0000:d7: resource 4 [io  0xe000-0xffff window]\n[    0.811758] pci_bus 0000:d7: resource 5 [mem 0xee800000-0xfbffffff window]\n[    0.811759] pci_bus 0000:d7: resource 6 [mem 0x387000000000-0x387fffffffff window]\n[    0.811834] NET: Registered protocol family 2\n[    0.812135] tcp_listen_portaddr_hash hash table entries: 32768 (order: 7, 524288 bytes)\n[    0.812315] TCP established hash table entries: 524288 (order: 10, 4194304 bytes)\n[    0.812845] TCP bind hash table entries: 65536 (order: 8, 1048576 bytes)\n[    0.812969] TCP: Hash tables configured (established 524288 bind 65536)\n[    0.813107] UDP hash table entries: 32768 (order: 8, 1048576 bytes)\n[    0.813266] UDP-Lite hash table entries: 32768 (order: 8, 1048576 bytes)\n[    0.813541] NET: Registered protocol family 1\n[    0.813546] NET: Registered protocol family 44\n[    0.813838] pci 0000:03:00.0: Video device with shadowed ROM at [mem 0x000c0000-0x000dffff]\n[    0.814041] PCI: CLS 0 bytes, default 64\n[    0.814074] Unpacking initramfs...\n[    1.497707] Freeing initrd memory: 51960K\n[    1.498456] DMAR: dmar4: Using Queued invalidation\n[    1.498462] DMAR: dmar2: Using Queued invalidation\n[    1.498467] DMAR: dmar1: Using Queued invalidation\n[    1.498473] DMAR: dmar7: Using Queued invalidation\n[    1.499144] pci 0000:00:00.0: Adding to iommu group 0\n[    1.499229] pci 0000:00:05.0: Adding to iommu group 1\n[    1.499253] pci 0000:00:05.2: Adding to iommu group 1\n[    1.499277] pci 0000:00:05.4: Adding to iommu group 1\n[    1.499351] pci 0000:00:08.0: Adding to iommu group 2\n[    1.499374] pci 0000:00:08.1: Adding to iommu group 2\n[    1.499396] pci 0000:00:08.2: Adding to iommu group 2\n[    1.499454] pci 0000:00:11.0: Adding to iommu group 3\n[    1.499479] pci 0000:00:11.5: Adding to iommu group 3\n[    1.499537] pci 0000:00:14.0: Adding to iommu group 4\n[    1.499561] pci 0000:00:14.2: Adding to iommu group 4\n[    1.499637] pci 0000:00:16.0: Adding to iommu group 5\n[    1.499660] pci 0000:00:16.1: Adding to iommu group 5\n[    1.499684] pci 0000:00:16.4: Adding to iommu group 5\n[    1.499709] pci 0000:00:17.0: Adding to iommu group 6\n[    1.499738] pci 0000:00:1c.0: Adding to iommu group 7\n[    1.499766] pci 0000:00:1c.4: Adding to iommu group 8\n[    1.499859] pci 0000:00:1f.0: Adding to iommu group 9\n[    1.499883] pci 0000:00:1f.2: Adding to iommu group 9\n[    1.499907] pci 0000:00:1f.4: Adding to iommu group 9\n[    1.499932] pci 0000:00:1f.5: Adding to iommu group 9\n[    1.500009] pci 0000:01:00.0: Adding to iommu group 10\n[    1.500049] pci 0000:01:00.1: Adding to iommu group 10\n[    1.500080] pci 0000:02:00.0: Adding to iommu group 11\n[    1.500545] pci 0000:02:00.0: Using iommu dma mapping\n[    1.500552] pci 0000:03:00.0: Adding to iommu group 11\n[    1.500599] pci 0000:17:00.0: Adding to iommu group 12\n[    1.500627] pci 0000:17:02.0: Adding to iommu group 13\n[    1.500706] pci 0000:17:05.0: Adding to iommu group 14\n[    1.500732] pci 0000:17:05.2: Adding to iommu group 14\n[    1.500758] pci 0000:17:05.4: Adding to iommu group 14\n[    1.500916] pci 0000:17:08.0: Adding to iommu group 15\n[    1.500941] pci 0000:17:08.1: Adding to iommu group 15\n[    1.500967] pci 0000:17:08.2: Adding to iommu group 15\n[    1.500993] pci 0000:17:08.3: Adding to iommu group 15\n[    1.501025] pci 0000:17:08.4: Adding to iommu group 15\n[    1.501051] pci 0000:17:08.5: Adding to iommu group 15\n[    1.501076] pci 0000:17:08.6: Adding to iommu group 15\n[    1.501101] pci 0000:17:08.7: Adding to iommu group 15\n[    1.501159] pci 0000:17:09.0: Adding to iommu group 16\n[    1.501186] pci 0000:17:09.1: Adding to iommu group 16\n[    1.501345] pci 0000:17:0e.0: Adding to iommu group 17\n[    1.501370] pci 0000:17:0e.1: Adding to iommu group 17\n[    1.501396] pci 0000:17:0e.2: Adding to iommu group 17\n[    1.501422] pci 0000:17:0e.3: Adding to iommu group 17\n[    1.501448] pci 0000:17:0e.4: Adding to iommu group 17\n[    1.501474] pci 0000:17:0e.5: Adding to iommu group 17\n[    1.501502] pci 0000:17:0e.6: Adding to iommu group 17\n[    1.501528] pci 0000:17:0e.7: Adding to iommu group 17\n[    1.501587] pci 0000:17:0f.0: Adding to iommu group 18\n[    1.501614] pci 0000:17:0f.1: Adding to iommu group 18\n[    1.501706] pci 0000:17:1d.0: Adding to iommu group 19\n[    1.501734] pci 0000:17:1d.1: Adding to iommu group 19\n[    1.501759] pci 0000:17:1d.2: Adding to iommu group 19\n[    1.501786] pci 0000:17:1d.3: Adding to iommu group 19\n[    1.501929] pci 0000:17:1e.0: Adding to iommu group 20\n[    1.501955] pci 0000:17:1e.1: Adding to iommu group 20\n[    1.501982] pci 0000:17:1e.2: Adding to iommu group 20\n[    1.502035] pci 0000:17:1e.3: Adding to iommu group 20\n[    1.502065] pci 0000:17:1e.4: Adding to iommu group 20\n[    1.502092] pci 0000:17:1e.5: Adding to iommu group 20\n[    1.502119] pci 0000:17:1e.6: Adding to iommu group 20\n[    1.502148] pci 0000:18:00.0: Adding to iommu group 21\n[    1.502222] pci 0000:19:00.0: Adding to iommu group 22\n[    1.502264] pci 0000:19:00.1: Adding to iommu group 22\n[    1.502342] pci 0000:3a:05.0: Adding to iommu group 23\n[    1.502370] pci 0000:3a:05.2: Adding to iommu group 23\n[    1.502398] pci 0000:3a:05.4: Adding to iommu group 23\n[    1.502439] pci 0000:3a:08.0: Adding to iommu group 24\n[    1.502481] pci 0000:3a:09.0: Adding to iommu group 25\n[    1.502641] pci 0000:3a:0a.0: Adding to iommu group 26\n[    1.502669] pci 0000:3a:0a.1: Adding to iommu group 26\n[    1.502702] pci 0000:3a:0a.2: Adding to iommu group 26\n[    1.502731] pci 0000:3a:0a.3: Adding to iommu group 26\n[    1.502759] pci 0000:3a:0a.4: Adding to iommu group 26\n[    1.502789] pci 0000:3a:0a.5: Adding to iommu group 26\n[    1.502818] pci 0000:3a:0a.6: Adding to iommu group 26\n[    1.502846] pci 0000:3a:0a.7: Adding to iommu group 26\n[    1.502937] pci 0000:3a:0b.0: Adding to iommu group 27\n[    1.502966] pci 0000:3a:0b.1: Adding to iommu group 27\n[    1.502995] pci 0000:3a:0b.2: Adding to iommu group 27\n[    1.503026] pci 0000:3a:0b.3: Adding to iommu group 27\n[    1.503188] pci 0000:3a:0c.0: Adding to iommu group 28\n[    1.503217] pci 0000:3a:0c.1: Adding to iommu group 28\n[    1.503246] pci 0000:3a:0c.2: Adding to iommu group 28\n[    1.503276] pci 0000:3a:0c.3: Adding to iommu group 28\n[    1.503307] pci 0000:3a:0c.4: Adding to iommu group 28\n[    1.503337] pci 0000:3a:0c.5: Adding to iommu group 28\n[    1.503367] pci 0000:3a:0c.6: Adding to iommu group 28\n[    1.503396] pci 0000:3a:0c.7: Adding to iommu group 28\n[    1.503488] pci 0000:3a:0d.0: Adding to iommu group 29\n[    1.503518] pci 0000:3a:0d.1: Adding to iommu group 29\n[    1.503548] pci 0000:3a:0d.2: Adding to iommu group 29\n[    1.503578] pci 0000:3a:0d.3: Adding to iommu group 29\n[    1.503655] pci 0000:5d:05.0: Adding to iommu group 30\n[    1.503686] pci 0000:5d:05.2: Adding to iommu group 30\n[    1.503716] pci 0000:5d:05.4: Adding to iommu group 30\n[    1.503775] pci 0000:5d:0e.0: Adding to iommu group 31\n[    1.503806] pci 0000:5d:0e.1: Adding to iommu group 31\n[    1.503867] pci 0000:5d:0f.0: Adding to iommu group 32\n[    1.503897] pci 0000:5d:0f.1: Adding to iommu group 32\n[    1.503971] pci 0000:5d:12.0: Adding to iommu group 33\n[    1.504004] pci 0000:5d:12.1: Adding to iommu group 33\n[    1.504035] pci 0000:5d:12.2: Adding to iommu group 33\n[    1.504092] pci 0000:5d:15.0: Adding to iommu group 34\n[    1.504124] pci 0000:5d:15.1: Adding to iommu group 34\n[    1.504214] pci 0000:5d:16.0: Adding to iommu group 35\n[    1.504245] pci 0000:5d:16.1: Adding to iommu group 35\n[    1.504277] pci 0000:5d:16.4: Adding to iommu group 35\n[    1.504308] pci 0000:5d:16.5: Adding to iommu group 35\n[    1.504386] pci 0000:80:05.0: Adding to iommu group 36\n[    1.504419] pci 0000:80:05.2: Adding to iommu group 36\n[    1.504451] pci 0000:80:05.4: Adding to iommu group 36\n[    1.504526] pci 0000:80:08.0: Adding to iommu group 37\n[    1.504558] pci 0000:80:08.1: Adding to iommu group 37\n[    1.504590] pci 0000:80:08.2: Adding to iommu group 37\n[    1.504619] pci 0000:85:02.0: Adding to iommu group 38\n[    1.504696] pci 0000:85:05.0: Adding to iommu group 39\n[    1.504729] pci 0000:85:05.2: Adding to iommu group 39\n[    1.504761] pci 0000:85:05.4: Adding to iommu group 39\n[    1.504920] pci 0000:85:08.0: Adding to iommu group 40\n[    1.504953] pci 0000:85:08.1: Adding to iommu group 40\n[    1.504986] pci 0000:85:08.2: Adding to iommu group 40\n[    1.505020] pci 0000:85:08.3: Adding to iommu group 40\n[    1.505053] pci 0000:85:08.4: Adding to iommu group 40\n[    1.505085] pci 0000:85:08.5: Adding to iommu group 40\n[    1.505120] pci 0000:85:08.6: Adding to iommu group 40\n[    1.505152] pci 0000:85:08.7: Adding to iommu group 40\n[    1.505212] pci 0000:85:09.0: Adding to iommu group 41\n[    1.505246] pci 0000:85:09.1: Adding to iommu group 41\n[    1.505405] pci 0000:85:0e.0: Adding to iommu group 42\n[    1.505438] pci 0000:85:0e.1: Adding to iommu group 42\n[    1.505471] pci 0000:85:0e.2: Adding to iommu group 42\n[    1.505503] pci 0000:85:0e.3: Adding to iommu group 42\n[    1.505537] pci 0000:85:0e.4: Adding to iommu group 42\n[    1.505570] pci 0000:85:0e.5: Adding to iommu group 42\n[    1.505602] pci 0000:85:0e.6: Adding to iommu group 42\n[    1.505634] pci 0000:85:0e.7: Adding to iommu group 42\n[    1.505691] pci 0000:85:0f.0: Adding to iommu group 43\n[    1.505725] pci 0000:85:0f.1: Adding to iommu group 43\n[    1.505817] pci 0000:85:1d.0: Adding to iommu group 44\n[    1.505851] pci 0000:85:1d.1: Adding to iommu group 44\n[    1.505885] pci 0000:85:1d.2: Adding to iommu group 44\n[    1.505920] pci 0000:85:1d.3: Adding to iommu group 44\n[    1.506064] pci 0000:85:1e.0: Adding to iommu group 45\n[    1.506098] pci 0000:85:1e.1: Adding to iommu group 45\n[    1.506134] pci 0000:85:1e.2: Adding to iommu group 45\n[    1.506168] pci 0000:85:1e.3: Adding to iommu group 45\n[    1.506202] pci 0000:85:1e.4: Adding to iommu group 45\n[    1.506236] pci 0000:85:1e.5: Adding to iommu group 45\n[    1.506271] pci 0000:85:1e.6: Adding to iommu group 45\n[    1.506299] pci 0000:86:00.0: Adding to iommu group 46\n[    1.506328] pci 0000:ae:00.0: Adding to iommu group 47\n[    1.506406] pci 0000:ae:05.0: Adding to iommu group 48\n[    1.506442] pci 0000:ae:05.2: Adding to iommu group 48\n[    1.506477] pci 0000:ae:05.4: Adding to iommu group 48\n[    1.506517] pci 0000:ae:08.0: Adding to iommu group 49\n[    1.506559] pci 0000:ae:09.0: Adding to iommu group 50\n[    1.506718] pci 0000:ae:0a.0: Adding to iommu group 51\n[    1.506754] pci 0000:ae:0a.1: Adding to iommu group 51\n[    1.506789] pci 0000:ae:0a.2: Adding to iommu group 51\n[    1.506826] pci 0000:ae:0a.3: Adding to iommu group 51\n[    1.506862] pci 0000:ae:0a.4: Adding to iommu group 51\n[    1.506898] pci 0000:ae:0a.5: Adding to iommu group 51\n[    1.506933] pci 0000:ae:0a.6: Adding to iommu group 51\n[    1.506969] pci 0000:ae:0a.7: Adding to iommu group 51\n[    1.507062] pci 0000:ae:0b.0: Adding to iommu group 52\n[    1.507098] pci 0000:ae:0b.1: Adding to iommu group 52\n[    1.507134] pci 0000:ae:0b.2: Adding to iommu group 52\n[    1.507172] pci 0000:ae:0b.3: Adding to iommu group 52\n[    1.507331] pci 0000:ae:0c.0: Adding to iommu group 53\n[    1.507372] pci 0000:ae:0c.1: Adding to iommu group 53\n[    1.507409] pci 0000:ae:0c.2: Adding to iommu group 53\n[    1.507445] pci 0000:ae:0c.3: Adding to iommu group 53\n[    1.507481] pci 0000:ae:0c.4: Adding to iommu group 53\n[    1.507518] pci 0000:ae:0c.5: Adding to iommu group 53\n[    1.507556] pci 0000:ae:0c.6: Adding to iommu group 53\n[    1.507592] pci 0000:ae:0c.7: Adding to iommu group 53\n[    1.507684] pci 0000:ae:0d.0: Adding to iommu group 54\n[    1.507721] pci 0000:ae:0d.1: Adding to iommu group 54\n[    1.507759] pci 0000:ae:0d.2: Adding to iommu group 54\n[    1.507797] pci 0000:ae:0d.3: Adding to iommu group 54\n[    1.507826] pci 0000:af:00.0: Adding to iommu group 55\n[    1.507902] pci 0000:d7:05.0: Adding to iommu group 56\n[    1.507941] pci 0000:d7:05.2: Adding to iommu group 56\n[    1.507979] pci 0000:d7:05.4: Adding to iommu group 56\n[    1.508039] pci 0000:d7:0e.0: Adding to iommu group 57\n[    1.508078] pci 0000:d7:0e.1: Adding to iommu group 57\n[    1.508137] pci 0000:d7:0f.0: Adding to iommu group 58\n[    1.508175] pci 0000:d7:0f.1: Adding to iommu group 58\n[    1.508249] pci 0000:d7:12.0: Adding to iommu group 59\n[    1.508287] pci 0000:d7:12.1: Adding to iommu group 59\n[    1.508326] pci 0000:d7:12.2: Adding to iommu group 59\n[    1.508384] pci 0000:d7:15.0: Adding to iommu group 60\n[    1.508423] pci 0000:d7:15.1: Adding to iommu group 60\n[    1.508513] pci 0000:d7:16.0: Adding to iommu group 61\n[    1.508552] pci 0000:d7:16.1: Adding to iommu group 61\n[    1.508591] pci 0000:d7:16.4: Adding to iommu group 61\n[    1.508631] pci 0000:d7:16.5: Adding to iommu group 61\n[    1.508643] DMAR: Intel(R) Virtualization Technology for Directed I/O\n[    1.525882] Initialise system trusted keyrings\n[    1.525890] Key type blacklist registered\n[    1.525939] workingset: timestamp_bits=36 max_order=24 bucket_order=0\n[    1.527203] zbud: loaded\n[    1.527446] pstore: using deflate compression\n[    1.527806] Platform Keyring initialized\n[    1.604954] NET: Registered protocol family 38\n[    1.604957] Key type asymmetric registered\n[    1.604958] Asymmetric key parser 'x509' registered\n[    1.604966] Block layer SCSI generic (bsg) driver version 0.4 loaded (major 246)\n[    1.605064] io scheduler mq-deadline registered\n[    1.605065] io scheduler kyber registered\n[    1.605094] io scheduler bfq registered\n[    1.605408] atomic64_test: passed for x86-64 platform with CX8 and with SSE\n[    1.605852] pcieport 0000:00:1c.0: Signaling with IRQ 24\n[    1.606029] pcieport 0000:00:1c.4: Signaling with IRQ 25\n[    1.606298] pcieport 0000:17:00.0: Signaling with IRQ 27\n[    1.606505] pcieport 0000:17:02.0: Signaling with IRQ 28\n[    1.606950] pcieport 0000:85:02.0: Signaling with IRQ 30\n[    1.607232] pcieport 0000:ae:00.0: Signaling with IRQ 32\n[    1.607328] shpchp: Standard Hot Plug PCI Controller Driver version: 0.4\n[    1.607371] efifb: probing for efifb\n[    1.607390] efifb: framebuffer at 0x91000000, using 3072k, total 3072k\n[    1.607391] efifb: mode is 1024x768x32, linelength=4096, pages=1\n[    1.607392] efifb: scrolling: redraw\n[    1.607393] efifb: Truecolor: size=8:8:8:8, shift=24:16:8:0\n[    1.607476] Console: switching to colour frame buffer device 128x48\n[    1.623058] fb0: EFI VGA frame buffer device\n[    1.623066] intel_idle: MWAIT substates: 0x2020\n[    1.623067] intel_idle: v0.4.1 model 0x55\n[    1.624419] intel_idle: lapic_timer_reliable_states 0xffffffff\n[    1.624779] input: Power Button as /devices/LNXSYSTM:00/LNXPWRBN:00/input/input0\n[    1.624803] ACPI: Power Button [PWRF]\n[    1.626751] ERST: Error Record Serialization Table (ERST) support is initialized.\n[    1.626867] pstore: Registered erst as persistent store backend\n[    1.627444] GHES: APEI firmware first mode is enabled by APEI bit and WHEA _OSC.\n[    1.627551] Serial: 8250/16550 driver, 4 ports, IRQ sharing enabled\n[    1.648276] 00:02: ttyS1 at I/O 0x2f8 (irq = 3, base_baud = 115200) is a 16550A\n[    1.669003] 00:03: ttyS0 at I/O 0x3f8 (irq = 4, base_baud = 115200) is a 16550A\n[    1.669524] Non-volatile memory driver v1.3\n[    1.673812] rdac: device handler registered\n[    1.673944] hp_sw: device handler registered\n[    1.673945] emc: device handler registered\n[    1.674089] alua: device handler registered\n[    1.674128] libphy: Fixed MDIO Bus: probed\n[    1.674185] ehci_hcd: USB 2.0 'Enhanced' Host Controller (EHCI) Driver\n[    1.674188] ehci-pci: EHCI PCI platform driver\n[    1.674204] ohci_hcd: USB 1.1 'Open' Host Controller (OHCI) Driver\n[    1.674206] ohci-pci: OHCI PCI platform driver\n[    1.674222] uhci_hcd: USB Universal Host Controller Interface driver\n[    1.674405] xhci_hcd 0000:00:14.0: xHCI Host Controller\n[    1.674441] xhci_hcd 0000:00:14.0: new USB bus registered, assigned bus number 1\n[    1.675546] xhci_hcd 0000:00:14.0: hcc params 0x200077c1 hci version 0x100 quirks 0x0000000000009810\n[    1.675550] xhci_hcd 0000:00:14.0: cache line size of 64 is not supported\n[    1.675755] usb usb1: New USB device found, idVendor=1d6b, idProduct=0002, bcdDevice= 4.18\n[    1.675756] usb usb1: New USB device strings: Mfr=3, Product=2, SerialNumber=1\n[    1.675757] usb usb1: Product: xHCI Host Controller\n[    1.675758] usb usb1: Manufacturer: Linux 4.18.0-193.el8.x86_64 xhci-hcd\n[    1.675759] usb usb1: SerialNumber: 0000:00:14.0\n[    1.675840] hub 1-0:1.0: USB hub found\n[    1.675857] hub 1-0:1.0: 16 ports detected\n[    1.676764] xhci_hcd 0000:00:14.0: xHCI Host Controller\n[    1.676786] xhci_hcd 0000:00:14.0: new USB bus registered, assigned bus number 2\n[    1.676788] xhci_hcd 0000:00:14.0: Host supports USB 3.0  SuperSpeed\n[    1.676816] usb usb2: New USB device found, idVendor=1d6b, idProduct=0003, bcdDevice= 4.18\n[    1.676817] usb usb2: New USB device strings: Mfr=3, Product=2, SerialNumber=1\n[    1.676818] usb usb2: Product: xHCI Host Controller\n[    1.676819] usb usb2: Manufacturer: Linux 4.18.0-193.el8.x86_64 xhci-hcd\n[    1.676819] usb usb2: SerialNumber: 0000:00:14.0\n[    1.676881] hub 2-0:1.0: USB hub found\n[    1.676895] hub 2-0:1.0: 10 ports detected\n[    1.677169] usb: port power management may be unreliable\n[    1.677521] usbcore: registered new interface driver usbserial_generic\n[    1.677526] usbserial: USB Serial support registered for generic\n[    1.677563] i8042: PNP: No PS/2 controller found.\n[    1.677588] mousedev: PS/2 mouse device common for all mice\n[    1.677647] rtc_cmos 00:00: RTC can wake from S4\n[    1.677902] rtc_cmos 00:00: registered as rtc0\n[    1.677914] rtc_cmos 00:00: alarms up to one month, y3k, 114 bytes nvram, hpet irqs\n[    1.677925] intel_pstate: Intel P-state driver initializing\n[    1.681073] EFI Variables Facility v0.08 2004-May-17\n[    1.719989] hidraw: raw HID events driver (C) Jiri Kosina\n[    1.720026] usbcore: registered new interface driver usbhid\n[    1.720027] usbhid: USB HID core driver\n[    1.720175] drop_monitor: Initializing network drop monitor service\n[    1.720272] Initializing XFRM netlink socket\n[    1.720459] NET: Registered protocol family 10\n[    1.720880] Segment Routing with IPv6\n[    1.720893] NET: Registered protocol family 17\n[    1.720923] mpls_gso: MPLS GSO support\n[    1.731231] core: Using 20 MCE banks\n[    1.731292] microcode: sig=0x50657, pf=0x1, revision=0x5003003\n[    1.732045] microcode: Microcode Update Driver: v2.2.\n[    1.732656] resctrl: MB allocation detected\n[    1.732656] resctrl: L3 monitoring detected\n[    1.732664] AVX2 version of gcm_enc/dec engaged.\n[    1.732665] AES CTR mode by8 optimization enabled\n[    1.763369] sched_clock: Marking stable (1763364306, 0)->(2109522306, -346158000)\n[    1.763589] registered taskstats version 1\n[    1.763600] Loading compiled-in X.509 certificates\n[    1.793054] Loaded X.509 cert 'CentOS Linux kernel signing key: 5e845a6615b39bf1de63e0d9551f41c3de386d7f'\n[    1.793072] Loaded X.509 cert 'CentOS Linux Driver update signing key: 29bd4c0d06d2e9911044b5dc973309139b51d6d5'\n[    1.793083] Loaded X.509 cert 'CentOS Linux kpatch signing key: b49f086205909dc4da2cfa99376fb191d2f09e78'\n[    1.793137] zswap: loaded using pool lzo/zbud\n[    1.799010] Key type big_key registered\n[    1.801798] Key type encrypted registered\n[    1.803063] integrity: Loading X.509 certificate: UEFI:db\n[    1.803081] integrity: Loaded X.509 cert 'Microsoft Corporation UEFI CA 2011: 13adbf4309bd82709c8cd54f316ed522988a1bd4'\n[    1.803081] integrity: Loading X.509 certificate: UEFI:db\n[    1.803093] integrity: Loaded X.509 cert 'Microsoft Windows Production PCA 2011: a92902398e16c49778cd90f99e4f9ae17c55af53'\n[    1.803094] integrity: Loading X.509 certificate: UEFI:db\n[    1.803131] integrity: Loaded X.509 cert 'VMware, Inc.: 4ad8ba0472073d28127706ddc6ccb9050441bbc7'\n[    1.803132] integrity: Loading X.509 certificate: UEFI:db\n[    1.803304] integrity: Loaded X.509 cert 'VMware, Inc.: VMware Secure Boot Signing: 04597f3e1ffb240bba0ff0f05d5eb05f3e15f6d7'\n[    1.804123] integrity: Loading X.509 certificate: UEFI:MokListRT\n[    1.804131] integrity: Loaded X.509 cert 'CentOS Secure Boot (key 1): f037c6eaec36d4057a526c0ec6d5a95b324ee129'\n[    1.805114] ima: No TPM chip found, activating TPM-bypass!\n[    1.805117] ima: Allocated hash algorithm: sha1\n[    1.805130] evm: Initialising EVM extended attributes:\n[    1.805130] evm: security.selinux\n[    1.805131] evm: security.ima\n[    1.805131] evm: security.capability\n[    1.805132] evm: HMAC attrs: 0x1\n[    1.806903] rtc_cmos 00:00: setting system clock to 2021-07-16 09:15:47 UTC (1626426947)\n[    1.809298] Freeing unused decrypted memory: 2040K\n[    1.810249] Freeing unused kernel memory: 2404K\n[    1.818043] Write protecting the kernel read-only data: 18432k\n[    1.819225] Freeing unused kernel memory: 2020K\n[    1.819365] Freeing unused kernel memory: 248K\n[    1.904751] systemd[1]: systemd 239 running in system mode. (+PAM +AUDIT +SELINUX +IMA -APPARMOR +SMACK +SYSVINIT +UTMP +LIBCRYPTSETUP +GCRYPT +GNUTLS +ACL +XZ +LZ4 +SECCOMP +BLKID +ELFUTILS +KMOD +IDN2 -IDN +PCRE2 default-hierarchy=legacy)\n[    1.916203] systemd[1]: Detected architecture x86-64.\n[    1.916209] systemd[1]: Running in initial RAM disk.\n[    1.918212] systemd[1]: Set hostname to <localhost.localdomain>.\n[    1.958062] random: systemd: uninitialized urandom read (16 bytes read)\n[    1.958070] systemd[1]: Reached target Slices.\n[    1.958107] random: systemd: uninitialized urandom read (16 bytes read)\n[    1.958150] systemd[1]: Listening on udev Kernel Socket.\n[    1.958156] random: systemd: uninitialized urandom read (16 bytes read)\n[    1.958850] systemd[1]: Created slice system-systemd\\x2dhibernate\\x2dresume.slice.\n[    1.958920] systemd[1]: Listening on udev Control Socket.\n[    1.958993] systemd[1]: Listening on Journal Socket.\n[    1.959593] systemd[1]: Starting Apply Kernel Variables...\n[    2.006020] usb 1-10: new high-speed USB device number 2 using xhci_hcd\n[    2.128160] device-mapper: uevent: version 1.0.3\n[    2.128219] device-mapper: ioctl: 4.39.0-ioctl (2018-04-03) initialised: dm-devel@redhat.com\n[    2.134825] usb 1-10: New USB device found, idVendor=0781, idProduct=5567, bcdDevice= 1.00\n[    2.134827] usb 1-10: New USB device strings: Mfr=1, Product=2, SerialNumber=3\n[    2.134828] usb 1-10: Product: Cruzer Blade\n[    2.134829] usb 1-10: Manufacturer: SanDisk\n[    2.134830] usb 1-10: SerialNumber: 04009018102720184000\n[    2.250005] usb 1-11: new low-speed USB device number 3 using xhci_hcd\n[    2.359556] usb-storage 1-10:1.0: USB Mass Storage device detected\n[    2.359667] scsi host0: usb-storage 1-10:1.0\n[    2.359820] usbcore: registered new interface driver usb-storage\n[    2.361845] usbcore: registered new interface driver uas\n[    2.380328] usb 1-11: New USB device found, idVendor=046d, idProduct=c077, bcdDevice=72.00\n[    2.380329] usb 1-11: New USB device strings: Mfr=1, Product=2, SerialNumber=0\n[    2.380330] usb 1-11: Product: USB Optical Mouse\n[    2.380331] usb 1-11: Manufacturer: Logitech\n[    2.382267] input: Logitech USB Optical Mouse as /devices/pci0000:00/0000:00:14.0/usb1/1-11/1-11:1.0/0003:046D:C077.0001/input/input1\n[    2.382337] hid-generic 0003:046D:C077.0001: input,hidraw0: USB HID v1.11 Mouse [Logitech USB Optical Mouse] on usb-0000:00:14.0-11/input0\n[    2.498008] usb 1-13: new low-speed USB device number 4 using xhci_hcd\n[    2.526773] mpt3sas version 32.100.00.00 loaded\n[    2.527101] mpt3sas_cm0: 63 BIT PCI BUS DMA ADDRESSING SUPPORTED, total mem (65471020 kB)\n[    2.527689] libata version 3.00 loaded.\n[    2.528017] tsc: Refined TSC clocksource calibration: 2194.843 MHz\n[    2.528035] clocksource: tsc: mask: 0xffffffffffffffff max_cycles: 0x1fa32b623c0, max_idle_ns: 440795289684 ns\n[    2.528500] clocksource: Switched to clocksource tsc\n[    2.533474] ahci 0000:00:11.5: version 3.0\n[    2.533829] ahci 0000:00:11.5: AHCI 0001.0301 32 slots 6 ports 6 Gbps 0x3f impl SATA mode\n[    2.533832] ahci 0000:00:11.5: flags: 64bit ncq sntf pm led clo only pio slum part ems deso sadm sds apst \n[    2.554036] scsi host2: ahci\n[    2.555310] scsi host3: ahci\n[    2.555653] scsi host4: ahci\n[    2.555756] scsi host5: ahci\n[    2.555881] scsi host6: ahci\n[    2.556034] scsi host7: ahci\n[    2.556089] ata1: SATA max UDMA/133 abar m524288@0x92a80000 port 0x92a80100 irq 35\n[    2.556091] ata2: SATA max UDMA/133 abar m524288@0x92a80000 port 0x92a80180 irq 35\n[    2.556092] ata3: SATA max UDMA/133 abar m524288@0x92a80000 port 0x92a80200 irq 35\n[    2.556094] ata4: SATA max UDMA/133 abar m524288@0x92a80000 port 0x92a80280 irq 35\n[    2.556095] ata5: SATA max UDMA/133 abar m524288@0x92a80000 port 0x92a80300 irq 35\n[    2.556096] ata6: SATA max UDMA/133 abar m524288@0x92a80000 port 0x92a80380 irq 35\n[    2.556390] ahci 0000:00:17.0: AHCI 0001.0301 32 slots 8 ports 6 Gbps 0xff impl SATA mode\n[    2.556392] ahci 0000:00:17.0: flags: 64bit ncq sntf pm led clo only pio slum part ems deso sadm sds apst \n[    2.558944] checking generic (91000000 300000) vs hw (91000000 1000000)\n[    2.558945] fb: switching to mgag200drmfb from EFI VGA\n[    2.558970] Console: switching to colour dummy device 80x25\n[    2.559030] mgag200 0000:03:00.0: vgaarb: deactivate vga console\n[    2.563517] [TTM] Zone  kernel: Available graphics memory: 32735510 KiB\n[    2.563518] [TTM] Zone   dma32: Available graphics memory: 2097152 KiB\n[    2.563519] [TTM] Initializing pool allocator\n[    2.563522] [TTM] Initializing DMA pool allocator\n[    2.582623] scsi host8: ahci\n[    2.582845] scsi host9: ahci\n[    2.582994] scsi host10: ahci\n[    2.583110] scsi host11: ahci\n[    2.583208] scsi host12: ahci\n[    2.583297] scsi host13: ahci\n[    2.583437] scsi host14: ahci\n[    2.583543] scsi host15: ahci\n[    2.583588] ata7: SATA max UDMA/133 abar m524288@0x92a00000 port 0x92a00100 irq 36\n[    2.583590] ata8: SATA max UDMA/133 abar m524288@0x92a00000 port 0x92a00180 irq 36\n[    2.583591] ata9: SATA max UDMA/133 abar m524288@0x92a00000 port 0x92a00200 irq 36\n[    2.583592] ata10: SATA max UDMA/133 abar m524288@0x92a00000 port 0x92a00280 irq 36\n[    2.583594] ata11: SATA max UDMA/133 abar m524288@0x92a00000 port 0x92a00300 irq 36\n[    2.583595] ata12: SATA max UDMA/133 abar m524288@0x92a00000 port 0x92a00380 irq 36\n[    2.583596] ata13: SATA max UDMA/133 abar m524288@0x92a00000 port 0x92a00400 irq 36\n[    2.583598] ata14: SATA max UDMA/133 abar m524288@0x92a00000 port 0x92a00480 irq 36\n[    2.623513] mpt3sas_cm0: CurrentHostPageSize is 0: Setting default host page size to 4k\n[    2.623531] mpt3sas_cm0: MSI-X vectors supported: 96\n[    2.623531] \t no of cores: 40, max_msix_vectors: -1\n[    2.623532] mpt3sas_cm0:  0 40\n[    2.624306] mpt3sas_cm0: High IOPs queues : disabled\n[    2.624307] mpt3sas0-msix0: PCI-MSI-X enabled: IRQ 37\n[    2.624307] mpt3sas0-msix1: PCI-MSI-X enabled: IRQ 38\n[    2.624308] mpt3sas0-msix2: PCI-MSI-X enabled: IRQ 39\n[    2.624308] mpt3sas0-msix3: PCI-MSI-X enabled: IRQ 40\n[    2.624309] mpt3sas0-msix4: PCI-MSI-X enabled: IRQ 41\n[    2.624309] mpt3sas0-msix5: PCI-MSI-X enabled: IRQ 42\n[    2.624310] mpt3sas0-msix6: PCI-MSI-X enabled: IRQ 43\n[    2.624310] mpt3sas0-msix7: PCI-MSI-X enabled: IRQ 44\n[    2.624311] mpt3sas0-msix8: PCI-MSI-X enabled: IRQ 45\n[    2.624311] mpt3sas0-msix9: PCI-MSI-X enabled: IRQ 