{
  "daemon_logs": "-- Logs begin at Fri 2021-07-23 05:25:03 UTC, end at Fri 2021-07-23 05:25:51 UTC. --\nJul 23 05:25:23 r740-alpha systemd[1]: Started Magic Eraser Daemon.\nJul 23 05:25:24 r740-alpha magiceraser-daemon[1924]: [2021-07-23 01:25:24 -0400] [1924] [INFO] Starting gunicorn 20.1.0\nJul 23 05:25:24 r740-alpha magiceraser-daemon[1924]: [2021-07-23 01:25:24 -0400] [1924] [INFO] Listening at: unix:/run/magiceraser.socket (1924)\nJul 23 05:25:24 r740-alpha magiceraser-daemon[1924]: [2021-07-23 01:25:24 -0400] [1924] [INFO] Using worker: sync\nJul 23 05:25:24 r740-alpha magiceraser-daemon[1924]: [2021-07-23 01:25:24 -0400] [2518] [INFO] Booting worker with pid: 2518\nJul 23 05:25:42 r740-alpha magiceraser-daemon[1924]: [2021-07-23 01:25:42,662|magiceraser.daemon/__init__] INFO: Starting daemon.\nJul 23 05:25:42 r740-alpha magiceraser-daemon[1924]: [2021-07-23 01:25:42,669|magiceraser.daemon/__init__] INFO: Listing available devices\nJul 23 05:25:43 r740-alpha magiceraser-daemon[1924]: [2021-07-23 01:25:43,708|magiceraser.daemon/__init__] INFO: Listing available devices\nJul 23 05:25:44 r740-alpha magiceraser-daemon[1924]: [2021-07-23 01:25:44,733|magiceraser.daemon/__init__] INFO: Listing available devices\nJul 23 05:25:45 r740-alpha magiceraser-daemon[1924]: [2021-07-23 01:25:45,752|magiceraser.daemon/__init__] INFO: Listing available devices\nJul 23 05:25:46 r740-alpha magiceraser-daemon[1924]: [2021-07-23 01:25:46,773|magiceraser.daemon/__init__] INFO: Listing available devices\nJul 23 05:25:47 r740-alpha magiceraser-daemon[1924]: [2021-07-23 01:25:47,794|magiceraser.daemon/__init__] INFO: Listing available devices\nJul 23 05:25:48 r740-alpha magiceraser-daemon[1924]: [2021-07-23 01:25:48,817|magiceraser.daemon/__init__] INFO: Listing available devices\nJul 23 05:25:49 r740-alpha magiceraser-daemon[1924]: [2021-07-23 01:25:49,839|magiceraser.daemon/__init__] INFO: Listing available devices\nJul 23 05:25:50 r740-alpha magiceraser-daemon[1924]: [2021-07-23 01:25:50,860|magiceraser.daemon/__init__] INFO: Listing available devices\nJul 23 05:25:51 r740-alpha magiceraser-daemon[1924]: [2021-07-23 01:25:51,882|magiceraser.daemon/__init__] INFO: Listing available devices\n",
  "dmesg": "[    0.000000] Linux version 4.18.0-193.el8.x86_64 (mockbuild@kbuilder.bsys.centos.org) (gcc version 8.3.1 20191121 (Red Hat 8.3.1-5) (GCC)) #1 SMP Fri May 8 10:59:10 UTC 2020\n[    0.000000] Command line: BOOT_IMAGE=(hd0,gpt2)/vmlinuz-4.18.0-193.el8.x86_64 root=/dev/mapper/cs-root ro crashkernel=auto resume=/dev/mapper/cs-swap rd.lvm.lv=cs/root rd.lvm.lv=cs/swap rhgb quiet intel_iommu=on\n[    0.000000] x86/fpu: Supporting XSAVE feature 0x001: 'x87 floating point registers'\n[    0.000000] x86/fpu: Supporting XSAVE feature 0x002: 'SSE registers'\n[    0.000000] x86/fpu: Supporting XSAVE feature 0x004: 'AVX registers'\n[    0.000000] x86/fpu: Supporting XSAVE feature 0x008: 'MPX bounds registers'\n[    0.000000] x86/fpu: Supporting XSAVE feature 0x010: 'MPX CSR'\n[    0.000000] x86/fpu: Supporting XSAVE feature 0x020: 'AVX-512 opmask'\n[    0.000000] x86/fpu: Supporting XSAVE feature 0x040: 'AVX-512 Hi256'\n[    0.000000] x86/fpu: Supporting XSAVE feature 0x080: 'AVX-512 ZMM_Hi256'\n[    0.000000] x86/fpu: Supporting XSAVE feature 0x200: 'Protection Keys User registers'\n[    0.000000] x86/fpu: xstate_offset[2]:  576, xstate_sizes[2]:  256\n[    0.000000] x86/fpu: xstate_offset[3]:  832, xstate_sizes[3]:   64\n[    0.000000] x86/fpu: xstate_offset[4]:  896, xstate_sizes[4]:   64\n[    0.000000] x86/fpu: xstate_offset[5]:  960, xstate_sizes[5]:   64\n[    0.000000] x86/fpu: xstate_offset[6]: 1024, xstate_sizes[6]:  512\n[    0.000000] x86/fpu: xstate_offset[7]: 1536, xstate_sizes[7]: 1024\n[    0.000000] x86/fpu: xstate_offset[9]: 2560, xstate_sizes[9]:    8\n[    0.000000] x86/fpu: Enabled xstate features 0x2ff, context size is 2568 bytes, using 'compacted' format.\n[    0.000000] BIOS-provided physical RAM map:\n[    0.000000] BIOS-e820: [mem 0x0000000000000000-0x000000000009ffff] usable\n[    0.000000] BIOS-e820: [mem 0x00000000000a0000-0x00000000000fffff] reserved\n[    0.000000] BIOS-e820: [mem 0x0000000000100000-0x00000000682fefff] usable\n[    0.000000] BIOS-e820: [mem 0x00000000682ff000-0x000000006ebfefff] reserved\n[    0.000000] BIOS-e820: [mem 0x000000006ebff000-0x000000006f9fefff] ACPI NVS\n[    0.000000] BIOS-e820: [mem 0x000000006f9ff000-0x000000006fffefff] ACPI data\n[    0.000000] BIOS-e820: [mem 0x000000006ffff000-0x000000006fffffff] usable\n[    0.000000] BIOS-e820: [mem 0x0000000070000000-0x000000008fffffff] reserved\n[    0.000000] BIOS-e820: [mem 0x00000000fe000000-0x00000000fe010fff] reserved\n[    0.000000] BIOS-e820: [mem 0x0000000100000000-0x000000107fffffff] usable\n[    0.000000] NX (Execute Disable) protection: active\n[    0.000000] e820: update [mem 0x4fffe020-0x5003005f] usable ==> usable\n[    0.000000] e820: update [mem 0x4fffe020-0x5003005f] usable ==> usable\n[    0.000000] e820: update [mem 0x4ffcb020-0x4fffd05f] usable ==> usable\n[    0.000000] e820: update [mem 0x4ffcb020-0x4fffd05f] usable ==> usable\n[    0.000000] e820: update [mem 0x4ffc2020-0x4ffca05f] usable ==> usable\n[    0.000000] e820: update [mem 0x4ffc2020-0x4ffca05f] usable ==> usable\n[    0.000000] e820: update [mem 0x4ff7c020-0x4ffc1e5f] usable ==> usable\n[    0.000000] e820: update [mem 0x4ff7c020-0x4ffc1e5f] usable ==> usable\n[    0.000000] e820: update [mem 0x4ff4c020-0x4ff7b45f] usable ==> usable\n[    0.000000] e820: update [mem 0x4ff4c020-0x4ff7b45f] usable ==> usable\n[    0.000000] e820: update [mem 0x4ff1c020-0x4ff4b45f] usable ==> usable\n[    0.000000] e820: update [mem 0x4ff1c020-0x4ff4b45f] usable ==> usable\n[    0.000000] extended physical RAM map:\n[    0.000000] reserve setup_data: [mem 0x0000000000000000-0x000000000009ffff] usable\n[    0.000000] reserve setup_data: [mem 0x00000000000a0000-0x00000000000fffff] reserved\n[    0.000000] reserve setup_data: [mem 0x0000000000100000-0x000000004ff1c01f] usable\n[    0.000000] reserve setup_data: [mem 0x000000004ff1c020-0x000000004ff4b45f] usable\n[    0.000000] reserve setup_data: [mem 0x000000004ff4b460-0x000000004ff4c01f] usable\n[    0.000000] reserve setup_data: [mem 0x000000004ff4c020-0x000000004ff7b45f] usable\n[    0.000000] reserve setup_data: [mem 0x000000004ff7b460-0x000000004ff7c01f] usable\n[    0.000000] reserve setup_data: [mem 0x000000004ff7c020-0x000000004ffc1e5f] usable\n[    0.000000] reserve setup_data: [mem 0x000000004ffc1e60-0x000000004ffc201f] usable\n[    0.000000] reserve setup_data: [mem 0x000000004ffc2020-0x000000004ffca05f] usable\n[    0.000000] reserve setup_data: [mem 0x000000004ffca060-0x000000004ffcb01f] usable\n[    0.000000] reserve setup_data: [mem 0x000000004ffcb020-0x000000004fffd05f] usable\n[    0.000000] reserve setup_data: [mem 0x000000004fffd060-0x000000004fffe01f] usable\n[    0.000000] reserve setup_data: [mem 0x000000004fffe020-0x000000005003005f] usable\n[    0.000000] reserve setup_data: [mem 0x0000000050030060-0x00000000682fefff] usable\n[    0.000000] reserve setup_data: [mem 0x00000000682ff000-0x000000006ebfefff] reserved\n[    0.000000] reserve setup_data: [mem 0x000000006ebff000-0x000000006f9fefff] ACPI NVS\n[    0.000000] reserve setup_data: [mem 0x000000006f9ff000-0x000000006fffefff] ACPI data\n[    0.000000] reserve setup_data: [mem 0x000000006ffff000-0x000000006fffffff] usable\n[    0.000000] reserve setup_data: [mem 0x0000000070000000-0x000000008fffffff] reserved\n[    0.000000] reserve setup_data: [mem 0x00000000fe000000-0x00000000fe010fff] reserved\n[    0.000000] reserve setup_data: [mem 0x0000000100000000-0x000000107fffffff] usable\n[    0.000000] efi: EFI v2.70 by Dell Inc.\n[    0.000000] efi:  ACPI=0x6fffe000  ACPI 2.0=0x6fffe014  SMBIOS=0x68e3b000  SMBIOS 3.0=0x68e39000  MEMATTR=0x6521d020 \n[    0.000000] secureboot: Secure boot disabled\n[    0.000000] SMBIOS 3.2.0 present.\n[    0.000000] DMI: Dell Inc. PowerEdge R740xd/0WRPXK, BIOS 2.9.4 11/06/2020\n[    0.000000] tsc: Detected 2200.000 MHz processor\n[    0.000000] e820: update [mem 0x00000000-0x00000fff] usable ==> reserved\n[    0.000000] e820: remove [mem 0x000a0000-0x000fffff] usable\n[    0.000000] last_pfn = 0x1080000 max_arch_pfn = 0x400000000\n[    0.000000] MTRR default type: uncachable\n[    0.000000] MTRR fixed ranges enabled:\n[    0.000000]   00000-9FFFF write-back\n[    0.000000]   A0000-BFFFF uncachable\n[    0.000000]   C0000-FFFFF write-protect\n[    0.000000] MTRR variable ranges enabled:\n[    0.000000]   0 base 000000000000 mask 3FF000000000 write-back\n[    0.000000]   1 base 001000000000 mask 3FFF80000000 write-back\n[    0.000000]   2 base 000080000000 mask 3FFF80000000 uncachable\n[    0.000000]   3 base 000070000000 mask 3FFFFC000000 uncachable\n[    0.000000]   4 disabled\n[    0.000000]   5 disabled\n[    0.000000]   6 disabled\n[    0.000000]   7 disabled\n[    0.000000]   8 disabled\n[    0.000000]   9 disabled\n[    0.000000] x86/PAT: Configuration [0-7]: WB  WC  UC- UC  WB  WP  UC- WT  \n[    0.000000] total RAM covered: 65472M\n[    0.000000] Found optimal setting for mtrr clean up\n[    0.000000]  gran_size: 64K \tchunk_size: 512M \tnum_reg: 7  \tlose cover RAM: 0G\n[    0.000000] e820: update [mem 0x70000000-0x73ffffff] usable ==> reserved\n[    0.000000] e820: update [mem 0x80000000-0xffffffff] usable ==> reserved\n[    0.000000] x2apic: enabled by BIOS, switching to x2apic ops\n[    0.000000] last_pfn = 0x70000 max_arch_pfn = 0x400000000\n[    0.000000] kexec: Reserving the low 1M of memory for crashkernel\n[    0.000000] Using GB pages for direct mapping\n[    0.000000] BRK [0xb6e601000, 0xb6e601fff] PGTABLE\n[    0.000000] BRK [0xb6e602000, 0xb6e602fff] PGTABLE\n[    0.000000] BRK [0xb6e603000, 0xb6e603fff] PGTABLE\n[    0.000000] BRK [0xb6e604000, 0xb6e604fff] PGTABLE\n[    0.000000] BRK [0xb6e605000, 0xb6e605fff] PGTABLE\n[    0.000000] BRK [0xb6e606000, 0xb6e606fff] PGTABLE\n[    0.000000] BRK [0xb6e607000, 0xb6e607fff] PGTABLE\n[    0.000000] RAMDISK: [mem 0x2badf000-0x2ed9cfff]\n[    0.000000] ACPI: Early table checksum verification disabled\n[    0.000000] ACPI: RSDP 0x000000006FFFE014 000024 (v02 DELL  )\n[    0.000000] ACPI: XSDT 0x000000006FC0F188 0000EC (v01 DELL   PE_SC3   00000000      01000013)\n[    0.000000] ACPI: FACP 0x000000006FFF9000 000114 (v06 DELL   PE_SC3   00000000 DELL 00000001)\n[    0.000000] ACPI: DSDT 0x000000006FCFB000 2EE3DC (v02 DELL   PE_SC3   00000003 DELL 00000001)\n[    0.000000] ACPI: FACS 0x000000006F46E000 000040\n[    0.000000] ACPI: SSDT 0x000000006FFFC000 00046C (v02 INTEL  ADDRXLAT 00000001 INTL 20180508)\n[    0.000000] ACPI: WD__ 0x000000006FFFB000 000134 (v01 DELL   PE_SC3   00000001 DELL 00000001)\n[    0.000000] ACPI: SLIC 0x000000006FFFA000 000024 (v01 DELL   PE_SC3   00000001 DELL 00000001)\n[    0.000000] ACPI: HPET 0x000000006FFF8000 000038 (v01 DELL   PE_SC3   00000001 DELL 00000001)\n[    0.000000] ACPI: APIC 0x000000006FFF6000 0016DE (v04 DELL   PE_SC3   00000000 DELL 00000001)\n[    0.000000] ACPI: MCFG 0x000000006FFF5000 00003C (v01 DELL   PE_SC3   00000001 DELL 00000001)\n[    0.000000] ACPI: MIGT 0x000000006FFF4000 000040 (v01 DELL   PE_SC3   00000000 DELL 00000001)\n[    0.000000] ACPI: MSCT 0x000000006FFF3000 000090 (v01 DELL   PE_SC3   00000001 DELL 00000001)\n[    0.000000] ACPI: PCAT 0x000000006FFF2000 000088 (v02 DELL   PE_SC3   00000002 DELL 00000001)\n[    0.000000] ACPI: PCCT 0x000000006FFF1000 00006E (v01 DELL   PE_SC3   00000002 DELL 00000001)\n[    0.000000] ACPI: RASF 0x000000006FFF0000 000030 (v01 DELL   PE_SC3   00000001 DELL 00000001)\n[    0.000000] ACPI: SLIT 0x000000006FFEF000 00042C (v01 DELL   PE_SC3   00000001 DELL 00000001)\n[    0.000000] ACPI: SRAT 0x000000006FFEC000 002D30 (v03 DELL   PE_SC3   00000002 DELL 00000001)\n[    0.000000] ACPI: SVOS 0x000000006FFEB000 000032 (v01 DELL   PE_SC3   00000000 DELL 00000001)\n[    0.000000] ACPI: WSMT 0x000000006FFEA000 000028 (v01 DELL   PE_SC3   00000000 DELL 00000001)\n[    0.000000] ACPI: OEM4 0x000000006FC4D000 0AD1C1 (v02 INTEL  CPU  CST 00003000 INTL 20180508)\n[    0.000000] ACPI: SSDT 0x000000006FC15000 037465 (v02 INTEL  SSDT  PM 00004000 INTL 20180508)\n[    0.000000] ACPI: SSDT 0x000000006FBFB000 000A1F (v02 DELL   PE_SC3   00000000 DELL 00000001)\n[    0.000000] ACPI: SSDT 0x000000006FC11000 00357F (v02 INTEL  SpsNm    00000002 INTL 20180508)\n[    0.000000] ACPI: DMAR 0x000000006FC10000 0001B0 (v01 DELL   PE_SC3   00000001 DELL 00000001)\n[    0.000000] ACPI: HEST 0x000000006FFFD000 00017C (v01 DELL   PE_SC3   00000002 DELL 00000001)\n[    0.000000] ACPI: BERT 0x000000006FC0E000 000030 (v01 DELL   PE_SC3   00000002 DELL 00000001)\n[    0.000000] ACPI: ERST 0x000000006FC0D000 000230 (v01 DELL   PE_SC3   00000002 DELL 00000001)\n[    0.000000] ACPI: EINJ 0x000000006FC0C000 000150 (v01 DELL   PE_SC3   00000002 DELL 00000001)\n[    0.000000] ACPI: Local APIC address 0xfee00000\n[    0.000000] Setting APIC routing to cluster x2apic.\n[    0.000000] SRAT: PXM 0 -> APIC 0x0000 -> Node 0\n[    0.000000] SRAT: PXM 1 -> APIC 0x0020 -> Node 1\n[    0.000000] SRAT: PXM 0 -> APIC 0x0008 -> Node 0\n[    0.000000] SRAT: PXM 1 -> APIC 0x0028 -> Node 1\n[    0.000000] SRAT: PXM 0 -> APIC 0x0002 -> Node 0\n[    0.000000] SRAT: PXM 1 -> APIC 0x0022 -> Node 1\n[    0.000000] SRAT: PXM 0 -> APIC 0x0006 -> Node 0\n[    0.000000] SRAT: PXM 1 -> APIC 0x0026 -> Node 1\n[    0.000000] SRAT: PXM 0 -> APIC 0x0004 -> Node 0\n[    0.000000] SRAT: PXM 1 -> APIC 0x0024 -> Node 1\n[    0.000000] SRAT: PXM 0 -> APIC 0x0018 -> Node 0\n[    0.000000] SRAT: PXM 1 -> APIC 0x0038 -> Node 1\n[    0.000000] SRAT: PXM 0 -> APIC 0x0010 -> Node 0\n[    0.000000] SRAT: PXM 1 -> APIC 0x0030 -> Node 1\n[    0.000000] SRAT: PXM 0 -> APIC 0x0016 -> Node 0\n[    0.000000] SRAT: PXM 1 -> APIC 0x0036 -> Node 1\n[    0.000000] SRAT: PXM 0 -> APIC 0x0012 -> Node 0\n[    0.000000] SRAT: PXM 1 -> APIC 0x0032 -> Node 1\n[    0.000000] SRAT: PXM 0 -> APIC 0x0014 -> Node 0\n[    0.000000] SRAT: PXM 1 -> APIC 0x0034 -> Node 1\n[    0.000000] SRAT: PXM 0 -> APIC 0x0001 -> Node 0\n[    0.000000] SRAT: PXM 1 -> APIC 0x0021 -> Node 1\n[    0.000000] SRAT: PXM 0 -> APIC 0x0009 -> Node 0\n[    0.000000] SRAT: PXM 1 -> APIC 0x0029 -> Node 1\n[    0.000000] SRAT: PXM 0 -> APIC 0x0003 -> Node 0\n[    0.000000] SRAT: PXM 1 -> APIC 0x0023 -> Node 1\n[    0.000000] SRAT: PXM 0 -> APIC 0x0007 -> Node 0\n[    0.000000] SRAT: PXM 1 -> APIC 0x0027 -> Node 1\n[    0.000000] SRAT: PXM 0 -> APIC 0x0005 -> Node 0\n[    0.000000] SRAT: PXM 1 -> APIC 0x0025 -> Node 1\n[    0.000000] SRAT: PXM 0 -> APIC 0x0019 -> Node 0\n[    0.000000] SRAT: PXM 1 -> APIC 0x0039 -> Node 1\n[    0.000000] SRAT: PXM 0 -> APIC 0x0011 -> Node 0\n[    0.000000] SRAT: PXM 1 -> APIC 0x0031 -> Node 1\n[    0.000000] SRAT: PXM 0 -> APIC 0x0017 -> Node 0\n[    0.000000] SRAT: PXM 1 -> APIC 0x0037 -> Node 1\n[    0.000000] SRAT: PXM 0 -> APIC 0x0013 -> Node 0\n[    0.000000] SRAT: PXM 1 -> APIC 0x0033 -> Node 1\n[    0.000000] SRAT: PXM 0 -> APIC 0x0015 -> Node 0\n[    0.000000] SRAT: PXM 1 -> APIC 0x0035 -> Node 1\n[    0.000000] ACPI: SRAT: Node 0 PXM 0 [mem 0x00000000-0x7fffffff]\n[    0.000000] ACPI: SRAT: Node 0 PXM 0 [mem 0x100000000-0x87fffffff]\n[    0.000000] ACPI: SRAT: Node 1 PXM 1 [mem 0x880000000-0x107fffffff]\n[    0.000000] NUMA: Initialized distance table, cnt=2\n[    0.000000] NUMA: Node 0 [mem 0x00000000-0x7fffffff] + [mem 0x100000000-0x87fffffff] -> [mem 0x00000000-0x87fffffff]\n[    0.000000] NODE_DATA(0) allocated [mem 0x87ffd6000-0x87fffffff]\n[    0.000000] NODE_DATA(1) allocated [mem 0x107ffd5000-0x107fffefff]\n[    0.000000] Using crashkernel=auto, the size chosen is a best effort estimation.\n[    0.000000] Reserving 160MB of memory at 1456MB for crashkernel (System RAM: 65154MB)\n[    0.000000] Zone ranges:\n[    0.000000]   DMA      [mem 0x0000000000001000-0x0000000000ffffff]\n[    0.000000]   DMA32    [mem 0x0000000001000000-0x00000000ffffffff]\n[    0.000000]   Normal   [mem 0x0000000100000000-0x000000107fffffff]\n[    0.000000]   Device   empty\n[    0.000000] Movable zone start for each node\n[    0.000000] Early memory node ranges\n[    0.000000]   node   0: [mem 0x0000000000001000-0x000000000009ffff]\n[    0.000000]   node   0: [mem 0x0000000000100000-0x00000000682fefff]\n[    0.000000]   node   0: [mem 0x000000006ffff000-0x000000006fffffff]\n[    0.000000]   node   0: [mem 0x0000000100000000-0x000000087fffffff]\n[    0.000000]   node   1: [mem 0x0000000880000000-0x000000107fffffff]\n[    0.000000] Zeroed struct page in unavailable ranges: 32097 pages\n[    0.000000] Initmem setup node 0 [mem 0x0000000000001000-0x000000087fffffff]\n[    0.000000] On node 0 totalpages: 8290975\n[    0.000000]   DMA zone: 64 pages used for memmap\n[    0.000000]   DMA zone: 1183 pages reserved\n[    0.000000]   DMA zone: 3999 pages, LIFO batch:0\n[    0.000000]   DMA32 zone: 6604 pages used for memmap\n[    0.000000]   DMA32 zone: 422656 pages, LIFO batch:31\n[    0.000000]   Normal zone: 122880 pages used for memmap\n[    0.000000]   Normal zone: 7864320 pages, LIFO batch:31\n[    0.000000] Initmem setup node 1 [mem 0x0000000880000000-0x000000107fffffff]\n[    0.000000] On node 1 totalpages: 8388608\n[    0.000000]   Normal zone: 131072 pages used for memmap\n[    0.000000]   Normal zone: 8388608 pages, LIFO batch:31\n[    0.000000] ACPI: PM-Timer IO Port: 0x508\n[    0.000000] ACPI: Local APIC address 0xfee00000\n[    0.000000] ACPI: X2APIC_NMI (uid[0xffffffff] high level lint[0x1])\n[    0.000000] ACPI: LAPIC_NMI (acpi_id[0xff] high level lint[0x1])\n[    0.000000] IOAPIC[0]: apic_id 8, version 32, address 0xfec00000, GSI 0-23\n[    0.000000] IOAPIC[1]: apic_id 9, version 32, address 0xfec01000, GSI 24-31\n[    0.000000] IOAPIC[2]: apic_id 10, version 32, address 0xfec08000, GSI 32-39\n[    0.000000] IOAPIC[3]: apic_id 11, version 32, address 0xfec10000, GSI 40-47\n[    0.000000] IOAPIC[4]: apic_id 12, version 32, address 0xfec18000, GSI 48-55\n[    0.000000] IOAPIC[5]: apic_id 15, version 32, address 0xfec20000, GSI 72-79\n[    0.000000] IOAPIC[6]: apic_id 16, version 32, address 0xfec28000, GSI 80-87\n[    0.000000] IOAPIC[7]: apic_id 17, version 32, address 0xfec30000, GSI 88-95\n[    0.000000] IOAPIC[8]: apic_id 18, version 32, address 0xfec38000, GSI 96-103\n[    0.000000] ACPI: INT_SRC_OVR (bus 0 bus_irq 0 global_irq 2 dfl dfl)\n[    0.000000] ACPI: INT_SRC_OVR (bus 0 bus_irq 9 global_irq 9 high level)\n[    0.000000] ACPI: IRQ0 used by override.\n[    0.000000] ACPI: IRQ9 used by override.\n[    0.000000] Using ACPI (MADT) for SMP configuration information\n[    0.000000] ACPI: HPET id: 0x8086a701 base: 0xfed00000\n[    0.000000] smpboot: Allowing 40 CPUs, 0 hotplug CPUs\n[    0.000000] PM: Registered nosave memory: [mem 0x00000000-0x00000fff]\n[    0.000000] PM: Registered nosave memory: [mem 0x000a0000-0x000fffff]\n[    0.000000] PM: Registered nosave memory: [mem 0x4ff1c000-0x4ff1cfff]\n[    0.000000] PM: Registered nosave memory: [mem 0x4ff4b000-0x4ff4bfff]\n[    0.000000] PM: Registered nosave memory: [mem 0x4ff4c000-0x4ff4cfff]\n[    0.000000] PM: Registered nosave memory: [mem 0x4ff7b000-0x4ff7bfff]\n[    0.000000] PM: Registered nosave memory: [mem 0x4ff7c000-0x4ff7cfff]\n[    0.000000] PM: Registered nosave memory: [mem 0x4ffc1000-0x4ffc1fff]\n[    0.000000] PM: Registered nosave memory: [mem 0x4ffc2000-0x4ffc2fff]\n[    0.000000] PM: Registered nosave memory: [mem 0x4ffca000-0x4ffcafff]\n[    0.000000] PM: Registered nosave memory: [mem 0x4ffcb000-0x4ffcbfff]\n[    0.000000] PM: Registered nosave memory: [mem 0x4fffd000-0x4fffdfff]\n[    0.000000] PM: Registered nosave memory: [mem 0x4fffe000-0x4fffefff]\n[    0.000000] PM: Registered nosave memory: [mem 0x50030000-0x50030fff]\n[    0.000000] PM: Registered nosave memory: [mem 0x682ff000-0x6ebfefff]\n[    0.000000] PM: Registered nosave memory: [mem 0x6ebff000-0x6f9fefff]\n[    0.000000] PM: Registered nosave memory: [mem 0x6f9ff000-0x6fffefff]\n[    0.000000] PM: Registered nosave memory: [mem 0x70000000-0x8fffffff]\n[    0.000000] PM: Registered nosave memory: [mem 0x90000000-0xfdffffff]\n[    0.000000] PM: Registered nosave memory: [mem 0xfe000000-0xfe010fff]\n[    0.000000] PM: Registered nosave memory: [mem 0xfe011000-0xffffffff]\n[    0.000000] [mem 0x90000000-0xfdffffff] available for PCI devices\n[    0.000000] Booting paravirtualized kernel on bare hardware\n[    0.000000] clocksource: refined-jiffies: mask: 0xffffffff max_cycles: 0xffffffff, max_idle_ns: 1910969940391419 ns\n[    0.000000] setup_percpu: NR_CPUS:8192 nr_cpumask_bits:40 nr_cpu_ids:40 nr_node_ids:2\n[    0.000000] percpu: Embedded 53 pages/cpu s180224 r8192 d28672 u262144\n[    0.000000] pcpu-alloc: s180224 r8192 d28672 u262144 alloc=1*2097152\n[    0.000000] pcpu-alloc: [0] 00 02 04 06 08 10 12 14 [0] 16 18 20 22 24 26 28 30 \n[    0.000000] pcpu-alloc: [0] 32 34 36 38 -- -- -- -- [1] 01 03 05 07 09 11 13 15 \n[    0.000000] pcpu-alloc: [1] 17 19 21 23 25 27 29 31 [1] 33 35 37 39 -- -- -- -- \n[    0.000000] Built 2 zonelists, mobility grouping on.  Total pages: 16417780\n[    0.000000] Policy zone: Normal\n[    0.000000] Kernel command line: BOOT_IMAGE=(hd0,gpt2)/vmlinuz-4.18.0-193.el8.x86_64 root=/dev/mapper/cs-root ro crashkernel=auto resume=/dev/mapper/cs-swap rd.lvm.lv=cs/root rd.lvm.lv=cs/swap rhgb quiet intel_iommu=on\n[    0.000000] Specific versions of hardware are certified with Red Hat Enterprise Linux 8. Please see the list of hardware certified with Red Hat Enterprise Linux 8 at https://access.redhat.com/ecosystem.\n[    0.000000] DMAR: IOMMU enabled\n[    0.000000] Memory: 1584144K/66718332K available (12292K kernel code, 2151K rwdata, 3848K rodata, 2404K init, 6476K bss, 1473660K reserved, 0K cma-reserved)\n[    0.000000] SLUB: HWalign=64, Order=0-3, MinObjects=0, CPUs=40, Nodes=2\n[    0.000000] ftrace: allocating 36334 entries in 142 pages\n[    0.001000] rcu: Hierarchical RCU implementation.\n[    0.001000] rcu: \tRCU restricting CPUs from NR_CPUS=8192 to nr_cpu_ids=40.\n[    0.001000] rcu: RCU calculated value of scheduler-enlistment delay is 100 jiffies.\n[    0.001000] rcu: Adjusting geometry for rcu_fanout_leaf=16, nr_cpu_ids=40\n[    0.001000] NR_IRQS: 524544, nr_irqs: 2104, preallocated irqs: 16\n[    0.001000] random: get_random_bytes called from start_kernel+0x36b/0x55b with crng_init=0\n[    0.001000] Console: colour dummy device 80x25\n[    0.001000] printk: console [tty0] enabled\n[    0.001000] mempolicy: Enabling automatic NUMA balancing. Configure with numa_balancing= or the kernel.numa_balancing sysctl\n[    0.001000] ACPI: Core revision 20190703\n[    0.001000] clocksource: hpet: mask: 0xffffffff max_cycles: 0xffffffff, max_idle_ns: 79635855245 ns\n[    0.001000] hpet clockevent registered\n[    0.001007] APIC: Switch to symmetric I/O mode setup\n[    0.001010] DMAR: Host address width 46\n[    0.001011] DMAR: DRHD base: 0x000000d37fc000 flags: 0x0\n[    0.001016] DMAR: dmar0: reg_base_addr d37fc000 ver 1:0 cap 8d2078c106f0466 ecap f020df\n[    0.001017] DMAR: DRHD base: 0x000000e0ffc000 flags: 0x0\n[    0.001021] DMAR: dmar1: reg_base_addr e0ffc000 ver 1:0 cap 8d2078c106f0466 ecap f020df\n[    0.001022] DMAR: DRHD base: 0x000000ee7fc000 flags: 0x0\n[    0.001026] DMAR: dmar2: reg_base_addr ee7fc000 ver 1:0 cap 8d2078c106f0466 ecap f020df\n[    0.001027] DMAR: DRHD base: 0x000000fbffc000 flags: 0x0\n[    0.001030] DMAR: dmar3: reg_base_addr fbffc000 ver 1:0 cap 8d2078c106f0466 ecap f020df\n[    0.001031] DMAR: DRHD base: 0x000000aaffc000 flags: 0x0\n[    0.001036] DMAR: dmar4: reg_base_addr aaffc000 ver 1:0 cap 8d2078c106f0466 ecap f020df\n[    0.001037] DMAR: DRHD base: 0x000000b87fc000 flags: 0x0\n[    0.001040] DMAR: dmar5: reg_base_addr b87fc000 ver 1:0 cap 8d2078c106f0466 ecap f020df\n[    0.001040] DMAR: DRHD base: 0x000000c5ffc000 flags: 0x0\n[    0.001043] DMAR: dmar6: reg_base_addr c5ffc000 ver 1:0 cap 8d2078c106f0466 ecap f020df\n[    0.001044] DMAR: DRHD base: 0x0000009d7fc000 flags: 0x1\n[    0.001047] DMAR: dmar7: reg_base_addr 9d7fc000 ver 1:0 cap 8d2078c106f0466 ecap f020df\n[    0.001048] DMAR: RMRR base: 0x0000006f460000 end: 0x0000006f462fff\n[    0.001049] DMAR: ATSR flags: 0x0\n[    0.001050] DMAR: ATSR flags: 0x0\n[    0.001052] DMAR-IR: IOAPIC id 12 under DRHD base  0xc5ffc000 IOMMU 6\n[    0.001053] DMAR-IR: IOAPIC id 11 under DRHD base  0xb87fc000 IOMMU 5\n[    0.001053] DMAR-IR: IOAPIC id 10 under DRHD base  0xaaffc000 IOMMU 4\n[    0.001054] DMAR-IR: IOAPIC id 18 under DRHD base  0xfbffc000 IOMMU 3\n[    0.001055] DMAR-IR: IOAPIC id 17 under DRHD base  0xee7fc000 IOMMU 2\n[    0.001055] DMAR-IR: IOAPIC id 16 under DRHD base  0xe0ffc000 IOMMU 1\n[    0.001056] DMAR-IR: IOAPIC id 15 under DRHD base  0xd37fc000 IOMMU 0\n[    0.001057] DMAR-IR: IOAPIC id 8 under DRHD base  0x9d7fc000 IOMMU 7\n[    0.001058] DMAR-IR: IOAPIC id 9 under DRHD base  0x9d7fc000 IOMMU 7\n[    0.001059] DMAR-IR: HPET id 0 under DRHD base 0x9d7fc000\n[    0.001060] DMAR-IR: Queued invalidation will be enabled to support x2apic and Intr-remapping.\n[    0.002728] DMAR-IR: Enabled IRQ remapping in x2apic mode\n[    0.003824] ..TIMER: vector=0x30 apic1=0 pin1=2 apic2=-1 pin2=-1\n[    0.008008] clocksource: tsc-early: mask: 0xffffffffffffffff max_cycles: 0x1fb633008a4, max_idle_ns: 440795292230 ns\n[    0.008011] Calibrating delay loop (skipped), value calculated using timer frequency.. 4400.00 BogoMIPS (lpj=2200000)\n[    0.008013] pid_max: default: 40960 minimum: 320\n[    0.009058] Security Framework initialized\n[    0.009059] Yama: becoming mindful.\n[    0.009065] SELinux:  Initializing.\n[    0.020250] Dentry cache hash table entries: 8388608 (order: 14, 67108864 bytes)\n[    0.025515] Inode-cache hash table entries: 4194304 (order: 13, 33554432 bytes)\n[    0.025744] Mount-cache hash table entries: 131072 (order: 8, 1048576 bytes)\n[    0.025908] Mountpoint-cache hash table entries: 131072 (order: 8, 1048576 bytes)\n[    0.026424] ENERGY_PERF_BIAS: Set to 'normal', was 'performance'\n[    0.026425] ENERGY_PERF_BIAS: View and update with x86_energy_perf_policy(8)\n[    0.026520] CPU0: Thermal monitoring enabled (TM1)\n[    0.026652] process: using mwait in idle threads\n[    0.026656] Last level iTLB entries: 4KB 64, 2MB 8, 4MB 8\n[    0.026657] Last level dTLB entries: 4KB 64, 2MB 0, 4MB 0, 1GB 4\n[    0.026659] FEATURE SPEC_CTRL Present\n[    0.026660] FEATURE IBPB_SUPPORT Present\n[    0.026660] Spectre V1 : Mitigation: usercopy/swapgs barriers and __user pointer sanitization\n[    0.026662] Spectre V2 : Mitigation: Enhanced IBRS\n[    0.026663] Spectre V2 : Spectre v2 / SpectreRSB mitigation: Filling RSB on context switch\n[    0.026665] Spectre V2 : mitigation: Enabling conditional Indirect Branch Prediction Barrier\n[    0.026667] Speculative Store Bypass: Mitigation: Speculative Store Bypass disabled via prctl and seccomp\n[    0.026670] TAA: Mitigation: Clear CPU buffers\n[    0.027070] Freeing SMP alternatives memory: 32K\n[    0.033360] TSC deadline timer enabled\n[    0.033367] smpboot: CPU0: Intel(R) Xeon(R) Silver 4210 CPU @ 2.20GHz (family: 0x6, model: 0x55, stepping: 0x7)\n[    0.033522] Performance Events: PEBS fmt3+, Skylake events, 32-deep LBR, full-width counters, Intel PMU driver.\n[    0.033529] ... version:                4\n[    0.033529] ... bit width:              48\n[    0.033529] ... generic registers:      4\n[    0.033530] ... value mask:             0000ffffffffffff\n[    0.033531] ... max period:             00007fffffffffff\n[    0.033531] ... fixed-purpose events:   3\n[    0.033532] ... event mask:             000000070000000f\n[    0.033612] rcu: Hierarchical SRCU implementation.\n[    0.037329] NMI watchdog: Enabled. Permanently consumes one hw-PMU counter.\n[    0.037346] smp: Bringing up secondary CPUs ...\n[    0.037469] x86: Booting SMP configuration:\n[    0.037470] .... node  #1, CPUs:        #1\n[    0.001000] smpboot: CPU 1 Converting physical 0 to logical die 1\n[    0.099116] .... node  #0, CPUs:    #2\n[    0.100730] .... node  #1, CPUs:    #3\n[    0.102320] .... node  #0, CPUs:    #4\n[    0.104067] .... node  #1, CPUs:    #5\n[    0.105390] .... node  #0, CPUs:    #6\n[    0.107129] .... node  #1, CPUs:    #7\n[    0.108451] .... node  #0, CPUs:    #8\n[    0.110172] .... node  #1, CPUs:    #9\n[    0.111554] .... node  #0, CPUs:   #10\n[    0.113179] .... node  #1, CPUs:   #11\n[    0.114773] .... node  #0, CPUs:   #12\n[    0.116327] .... node  #1, CPUs:   #13\n[    0.118112] .... node  #0, CPUs:   #14\n[    0.119457] .... node  #1, CPUs:   #15\n[    0.121119] .... node  #0, CPUs:   #16\n[    0.122540] .... node  #1, CPUs:   #17\n[    0.124122] .... node  #0, CPUs:   #18\n[    0.125617] .... node  #1, CPUs:   #19\n[    0.127167] .... node  #0, CPUs:   #20\n[    0.128217] TAA CPU bug present and SMT on, data leak possible. See https://www.kernel.org/doc/html/latest/admin-guide/hw-vuln/tsx_async_abort.html for more details.\n[    0.128217] .... node  #1, CPUs:   #21\n[    0.130062] .... node  #0, CPUs:   #22\n[    0.131444] .... node  #1, CPUs:   #23\n[    0.133126] .... node  #0, CPUs:   #24\n[    0.134599] .... node  #1, CPUs:   #25\n[    0.136157] .... node  #0, CPUs:   #26\n[    0.137687] .... node  #1, CPUs:   #27\n[    0.139244] .... node  #0, CPUs:   #28\n[    0.141041] .... node  #1, CPUs:   #29\n[    0.142387] .... node  #0, CPUs:   #30\n[    0.144174] .... node  #1, CPUs:   #31\n[    0.145640] .... node  #0, CPUs:   #32\n[    0.147227] .... node  #1, CPUs:   #33\n[    0.149050] .... node  #0, CPUs:   #34\n[    0.150393] .... node  #1, CPUs:   #35\n[    0.152124] .... node  #0, CPUs:   #36\n[    0.153525] .... node  #1, CPUs:   #37\n[    0.155126] .... node  #0, CPUs:   #38\n[    0.156641] .... node  #1, CPUs:   #39\n[    0.158224] smp: Brought up 2 nodes, 40 CPUs\n[    0.158224] smpboot: Max logical packages: 2\n[    0.158224] smpboot: Total of 40 processors activated (176098.88 BogoMIPS)\n[    0.433013] node 0 initialised, 7700348 pages in 273ms\n[    0.453012] node 1 initialised, 8214784 pages in 292ms\n[    0.455083] devtmpfs: initialized\n[    0.455083] x86/mm: Memory block size: 2048MB\n[    0.456046] PM: Registering ACPI NVS region [mem 0x6ebff000-0x6f9fefff] (14680064 bytes)\n[    0.456396] clocksource: jiffies: mask: 0xffffffff max_cycles: 0xffffffff, max_idle_ns: 1911260446275000 ns\n[    0.456466] futex hash table entries: 16384 (order: 8, 1048576 bytes)\n[    0.457003] pinctrl core: initialized pinctrl subsystem\n[    0.457003] NET: Registered protocol family 16\n[    0.457003] audit: initializing netlink subsys (disabled)\n[    0.457044] audit: type=2000 audit(1627017901.457:1): state=initialized audit_enabled=0 res=1\n[    0.457092] cpuidle: using governor menu\n[    0.457092] Detected 1 PCC Subspaces\n[    0.457092] Registering PCC driver as Mailbox controller\n[    0.457107] ACPI FADT declares the system doesn't support PCIe ASPM, so disable it\n[    0.457107] ACPI: bus type PCI registered\n[    0.457107] acpiphp: ACPI Hot Plug PCI Controller Driver version: 0.5\n[    0.457194] PCI: MMCONFIG for domain 0000 [bus 00-ff] at [mem 0x80000000-0x8fffffff] (base 0x80000000)\n[    0.458013] PCI: MMCONFIG at [mem 0x80000000-0x8fffffff] reserved in E820\n[    0.458022] PCI: Using configuration type 1 for base access\n[    0.458032] PCI: Dell System detected, enabling pci=bfsort.\n[    0.460090] HugeTLB registered 1.00 GiB page size, pre-allocated 0 pages\n[    0.460090] HugeTLB registered 2.00 MiB page size, pre-allocated 0 pages\n[    0.460090] cryptd: max_cpu_qlen set to 1000\n[    0.461207] ACPI: Added _OSI(Module Device)\n[    0.461208] ACPI: Added _OSI(Processor Device)\n[    0.461208] ACPI: Added _OSI(3.0 _SCP Extensions)\n[    0.461209] ACPI: Added _OSI(Processor Aggregator Device)\n[    0.461210] ACPI: Added _OSI(Linux-Dell-Video)\n[    0.461211] ACPI: Added _OSI(Linux-Lenovo-NV-HDMI-Audio)\n[    0.461212] ACPI: Added _OSI(Linux-HPI-Hybrid-Graphics)\n[    0.530892] ACPI: 5 ACPI AML tables successfully acquired and loaded\n[    0.538419] ACPI: [Firmware Bug]: BIOS _OSI(Linux) query ignored\n[    0.544708] ACPI: Dynamic OEM Table Load:\n[    0.653169] ACPI: Interpreter enabled\n[    0.653191] ACPI: (supports S0 S5)\n[    0.653192] ACPI: Using IOAPIC for interrupt routing\n[    0.653260] HEST: Table parsing has been initialized.\n[    0.653262] PCI: Using host bridge windows from ACPI; if necessary, use \"pci=nocrs\" and report a bug\n[    0.661249] ACPI: Enabled 5 GPEs in block 00 to 7F\n[    0.708912] ACPI: PCI Root Bridge [PC00] (domain 0000 [bus 00-16])\n[    0.708917] acpi PNP0A08:00: _OSC: OS supports [ExtendedConfig ASPM ClockPM Segments MSI HPX-Type3]\n[    0.708950] acpi PNP0A08:00: PCIe AER handled by firmware\n[    0.708981] acpi PNP0A08:00: _OSC: platform does not support [SHPCHotplug LTR]\n[    0.709036] acpi PNP0A08:00: _OSC: OS now controls [PCIeHotplug PME PCIeCapability]\n[    0.709037] acpi PNP0A08:00: FADT indicates ASPM is unsupported, using BIOS configuration\n[    0.710535] PCI host bridge to bus 0000:00\n[    0.710537] pci_bus 0000:00: root bus resource [io  0x0000-0x0cf7 window]\n[    0.710538] pci_bus 0000:00: root bus resource [io  0x1000-0x3fff window]\n[    0.710539] pci_bus 0000:00: root bus resource [mem 0x000a0000-0x000bffff window]\n[    0.710540] pci_bus 0000:00: root bus resource [mem 0x000c4000-0x000c7fff window]\n[    0.710541] pci_bus 0000:00: root bus resource [mem 0xfe010000-0xfe010fff window]\n[    0.710542] pci_bus 0000:00: root bus resource [mem 0x90000000-0x9d7fffff window]\n[    0.710543] pci_bus 0000:00: root bus resource [mem 0x380000000000-0x380fffffffff window]\n[    0.710544] pci_bus 0000:00: root bus resource [bus 00-16]\n[    0.710554] pci 0000:00:00.0: [8086:2020] type 00 class 0x060000\n[    0.711242] pci 0000:00:05.0: [8086:2024] type 00 class 0x088000\n[    0.711891] pci 0000:00:05.2: [8086:2025] type 00 class 0x088000\n[    0.712539] pci 0000:00:05.4: [8086:2026] type 00 class 0x080020\n[    0.712547] pci 0000:00:05.4: reg 0x10: [mem 0x92b20000-0x92b20fff]\n[    0.713195] pci 0000:00:08.0: [8086:2014] type 00 class 0x088000\n[    0.713827] pci 0000:00:08.1: [8086:2015] type 00 class 0x110100\n[    0.714451] pci 0000:00:08.2: [8086:2016] type 00 class 0x088000\n[    0.715096] pci 0000:00:11.0: [8086:a1ec] type 00 class 0xff0000\n[    0.715805] pci 0000:00:11.5: [8086:a1d2] type 00 class 0x010601\n[    0.715821] pci 0000:00:11.5: reg 0x10: [mem 0x92b16000-0x92b17fff]\n[    0.715827] pci 0000:00:11.5: reg 0x14: [mem 0x92b1f000-0x92b1f0ff]\n[    0.715833] pci 0000:00:11.5: reg 0x18: [io  0x2068-0x206f]\n[    0.715840] pci 0000:00:11.5: reg 0x1c: [io  0x2074-0x2077]\n[    0.715846] pci 0000:00:11.5: reg 0x20: [io  0x2040-0x205f]\n[    0.715852] pci 0000:00:11.5: reg 0x24: [mem 0x92a80000-0x92afffff]\n[    0.715887] pci 0000:00:11.5: PME# supported from D3hot\n[    0.716545] pci 0000:00:14.0: [8086:a1af] type 00 class 0x0c0330\n[    0.716564] pci 0000:00:14.0: reg 0x10: [mem 0x92b00000-0x92b0ffff 64bit]\n[    0.716622] pci 0000:00:14.0: PME# supported from D3hot D3cold\n[    0.717280] pci 0000:00:14.2: [8086:a1b1] type 00 class 0x118000\n[    0.717299] pci 0000:00:14.2: reg 0x10: [mem 0x92b1c000-0x92b1cfff 64bit]\n[    0.717985] pci 0000:00:16.0: [8086:a1ba] type 00 class 0x078000\n[    0.718011] pci 0000:00:16.0: reg 0x10: [mem 0x92b1b000-0x92b1bfff 64bit]\n[    0.718090] pci 0000:00:16.0: PME# supported from D3hot\n[    0.718719] pci 0000:00:16.1: [8086:a1bb] type 00 class 0x078000\n[    0.718745] pci 0000:00:16.1: reg 0x10: [mem 0x92b1a000-0x92b1afff 64bit]\n[    0.718823] pci 0000:00:16.1: PME# supported from D3hot\n[    0.719463] pci 0000:00:16.4: [8086:a1be] type 00 class 0x078000\n[    0.719489] pci 0000:00:16.4: reg 0x10: [mem 0x92b19000-0x92b19fff 64bit]\n[    0.719567] pci 0000:00:16.4: PME# supported from D3hot\n[    0.720199] pci 0000:00:17.0: [8086:a182] type 00 class 0x010601\n[    0.720214] pci 0000:00:17.0: reg 0x10: [mem 0x92b14000-0x92b15fff]\n[    0.720220] pci 0000:00:17.0: reg 0x14: [mem 0x92b1e000-0x92b1e0ff]\n[    0.720227] pci 0000:00:17.0: reg 0x18: [io  0x2060-0x2067]\n[    0.720233] pci 0000:00:17.0: reg 0x1c: [io  0x2070-0x2073]\n[    0.720239] pci 0000:00:17.0: reg 0x20: [io  0x2020-0x203f]\n[    0.720245] pci 0000:00:17.0: reg 0x24: [mem 0x92a00000-0x92a7ffff]\n[    0.720280] pci 0000:00:17.0: PME# supported from D3hot\n[    0.720933] pci 0000:00:1c.0: [8086:a190] type 01 class 0x060400\n[    0.721002] pci 0000:00:1c.0: PME# supported from D0 D3hot D3cold\n[    0.721682] pci 0000:00:1c.4: [8086:a194] type 01 class 0x060400\n[    0.721747] pci 0000:00:1c.4: PME# supported from D0 D3hot D3cold\n[    0.722427] pci 0000:00:1f.0: [8086:a1c1] type 00 class 0x060100\n[    0.723171] pci 0000:00:1f.2: [8086:a1a1] type 00 class 0x058000\n[    0.723185] pci 0000:00:1f.2: reg 0x10: [mem 0x92b10000-0x92b13fff]\n[    0.723870] pci 0000:00:1f.4: [8086:a1a3] type 00 class 0x0c0500\n[    0.723889] pci 0000:00:1f.4: reg 0x10: [mem 0x92b18000-0x92b180ff 64bit]\n[    0.723909] pci 0000:00:1f.4: reg 0x20: [io  0x2000-0x201f]\n[    0.724545] pci 0000:00:1f.5: [8086:a1a4] type 00 class 0x0c8000\n[    0.724560] pci 0000:00:1f.5: reg 0x10: [mem 0xfe010000-0xfe010fff]\n[    0.725282] pci 0000:01:00.0: [14e4:165f] type 00 class 0x020000\n[    0.725312] pci 0000:01:00.0: reg 0x10: [mem 0x92930000-0x9293ffff 64bit pref]\n[    0.725326] pci 0000:01:00.0: reg 0x18: [mem 0x92940000-0x9294ffff 64bit pref]\n[    0.725340] pci 0000:01:00.0: reg 0x20: [mem 0x92950000-0x9295ffff 64bit pref]\n[    0.725349] pci 0000:01:00.0: reg 0x30: [mem 0xfffc0000-0xffffffff pref]\n[    0.725433] pci 0000:01:00.0: PME# supported from D0 D3hot D3cold\n[    0.725528] pci 0000:01:00.1: [14e4:165f] type 00 class 0x020000\n[    0.725557] pci 0000:01:00.1: reg 0x10: [mem 0x92900000-0x9290ffff 64bit pref]\n[    0.725571] pci 0000:01:00.1: reg 0x18: [mem 0x92910000-0x9291ffff 64bit pref]\n[    0.725584] pci 0000:01:00.1: reg 0x20: [mem 0x92920000-0x9292ffff 64bit pref]\n[    0.725594] pci 0000:01:00.1: reg 0x30: [mem 0xfffc0000-0xffffffff pref]\n[    0.725676] pci 0000:01:00.1: PME# supported from D0 D3hot D3cold\n[    0.725764] pci 0000:00:1c.0: PCI bridge to [bus 01]\n[    0.725770] pci 0000:00:1c.0:   bridge window [mem 0x92900000-0x929fffff 64bit pref]\n[    0.725813] pci 0000:02:00.0: [1556:be00] type 01 class 0x060400\n[    0.729013] pci 0000:00:1c.4: PCI bridge to [bus 02-03]\n[    0.729016] pci 0000:00:1c.4:   bridge window [mem 0x92000000-0x928fffff]\n[    0.729020] pci 0000:00:1c.4:   bridge window [mem 0x91000000-0x91ffffff 64bit pref]\n[    0.729050] pci_bus 0000:03: extended config space not accessible\n[    0.729067] pci 0000:03:00.0: [102b:0536] type 00 class 0x030000\n[    0.729085] pci 0000:03:00.0: reg 0x10: [mem 0x91000000-0x91ffffff pref]\n[    0.729094] pci 0000:03:00.0: reg 0x14: [mem 0x92808000-0x9280bfff]\n[    0.729104] pci 0000:03:00.0: reg 0x18: [mem 0x92000000-0x927fffff]\n[    0.729149] pci 0000:03:00.0: BAR 0: assigned to efifb\n[    0.729243] pci 0000:02:00.0: PCI bridge to [bus 03]\n[    0.729250] pci 0000:02:00.0:   bridge window [mem 0x92000000-0x928fffff]\n[    0.729256] pci 0000:02:00.0:   bridge window [mem 0x91000000-0x91ffffff 64bit pref]\n[    0.729270] pci_bus 0000:00: on NUMA node 0\n[    0.729539] ACPI: PCI Interrupt Link [LNKA] (IRQs 3 4 5 6 10 *11 12 14 15)\n[    0.729613] ACPI: PCI Interrupt Link [LNKB] (IRQs 3 4 5 *6 10 11 12 14 15)\n[    0.729685] ACPI: PCI Interrupt Link [LNKC] (IRQs 3 4 *5 6 10 11 12 14 15)\n[    0.729756] ACPI: PCI Interrupt Link [LNKD] (IRQs 3 4 5 6 10 *11 12 14 15)\n[    0.729828] ACPI: PCI Interrupt Link [LNKE] (IRQs 3 4 5 6 10 *11 12 14 15)\n[    0.729899] ACPI: PCI Interrupt Link [LNKF] (IRQs 3 4 5 *6 10 11 12 14 15)\n[    0.729970] ACPI: PCI Interrupt Link [LNKG] (IRQs 3 4 *5 6 10 11 12 14 15)\n[    0.730043] ACPI: PCI Interrupt Link [LNKH] (IRQs 3 4 5 6 10 *11 12 14 15)\n[    0.730343] ACPI: PCI Root Bridge [PC01] (domain 0000 [bus 17-39])\n[    0.730346] acpi PNP0A08:01: _OSC: OS supports [ExtendedConfig ASPM ClockPM Segments MSI HPX-Type3]\n[    0.730383] acpi PNP0A08:01: PCIe AER handled by firmware\n[    0.730442] acpi PNP0A08:01: _OSC: platform does not support [SHPCHotplug LTR]\n[    0.730549] acpi PNP0A08:01: _OSC: OS now controls [PCIeHotplug PME PCIeCapability]\n[    0.730550] acpi PNP0A08:01: FADT indicates ASPM is unsupported, using BIOS configuration\n[    0.730725] PCI host bridge to bus 0000:17\n[    0.730726] pci_bus 0000:17: root bus resource [io  0x4000-0x5fff window]\n[    0.730727] pci_bus 0000:17: root bus resource [mem 0x9d800000-0xaaffffff window]\n[    0.730728] pci_bus 0000:17: root bus resource [mem 0x381000000000-0x381fffffffff window]\n[    0.730729] pci_bus 0000:17: root bus resource [bus 17-39]\n[    0.730737] pci 0000:17:00.0: [8086:2030] type 01 class 0x060400\n[    0.730789] pci 0000:17:00.0: PME# supported from D0 D3hot D3cold\n[    0.730899] pci 0000:17:02.0: [8086:2032] type 01 class 0x060400\n[    0.730948] pci 0000:17:02.0: PME# supported from D0 D3hot D3cold\n[    0.731011] pci 0000:17:05.0: [8086:2034] type 00 class 0x088000\n[    0.731088] pci 0000:17:05.2: [8086:2035] type 00 class 0x088000\n[    0.731161] pci 0000:17:05.4: [8086:2036] type 00 class 0x080020\n[    0.731169] pci 0000:17:05.4: reg 0x10: [mem 0x9dd00000-0x9dd00fff]\n[    0.731245] pci 0000:17:08.0: [8086:208d] type 00 class 0x088000\n[    0.731301] pci 0000:17:08.1: [8086:208d] type 00 class 0x088000\n[    0.731354] pci 0000:17:08.2: [8086:208d] type 00 class 0x088000\n[    0.731405] pci 0000:17:08.3: [8086:208d] type 00 class 0x088000\n[    0.731455] pci 0000:17:08.4: [8086:208d] type 00 class 0x088000\n[    0.731506] pci 0000:17:08.5: [8086:208d] type 00 class 0x088000\n[    0.731557] pci 0000:17:08.6: [8086:208d] type 00 class 0x088000\n[    0.731609] pci 0000:17:08.7: [8086:208d] type 00 class 0x088000\n[    0.731659] pci 0000:17:09.0: [8086:208d] type 00 class 0x088000\n[    0.731712] pci 0000:17:09.1: [8086:208d] type 00 class 0x088000\n[    0.731769] pci 0000:17:0e.0: [8086:208e] type 00 class 0x088000\n[    0.731823] pci 0000:17:0e.1: [8086:208e] type 00 class 0x088000\n[    0.731873] pci 0000:17:0e.2: [8086:208e] type 00 class 0x088000\n[    0.731922] pci 0000:17:0e.3: [8086:208e] type 00 class 0x088000\n[    0.731972] pci 0000:17:0e.4: [8086:208e] type 00 class 0x088000\n[    0.732022] pci 0000:17:0e.5: [8086:208e] type 00 class 0x088000\n[    0.732074] pci 0000:17:0e.6: [8086:208e] type 00 class 0x088000\n[    0.732126] pci 0000:17:0e.7: [8086:208e] type 00 class 0x088000\n[    0.732178] pci 0000:17:0f.0: [8086:208e] type 00 class 0x088000\n[    0.732231] pci 0000:17:0f.1: [8086:208e] type 00 class 0x088000\n[    0.732291] pci 0000:17:1d.0: [8086:2054] type 00 class 0x088000\n[    0.732344] pci 0000:17:1d.1: [8086:2055] type 00 class 0x088000\n[    0.732394] pci 0000:17:1d.2: [8086:2056] type 00 class 0x088000\n[    0.732444] pci 0000:17:1d.3: [8086:2057] type 00 class 0x088000\n[    0.732497] pci 0000:17:1e.0: [8086:2080] type 00 class 0x088000\n[    0.732550] pci 0000:17:1e.1: [8086:2081] type 00 class 0x088000\n[    0.732606] pci 0000:17:1e.2: [8086:2082] type 00 class 0x088000\n[    0.732657] pci 0000:17:1e.3: [8086:2083] type 00 class 0x088000\n[    0.732709] pci 0000:17:1e.4: [8086:2084] type 00 class 0x088000\n[    0.732759] pci 0000:17:1e.5: [8086:2085] type 00 class 0x088000\n[    0.732810] pci 0000:17:1e.6: [8086:2086] type 00 class 0x088000\n[    0.732889] pci 0000:18:00.0: [1000:0097] type 00 class 0x010700\n[    0.732901] pci 0000:18:00.0: reg 0x10: [io  0x4000-0x40ff]\n[    0.732907] pci 0000:18:00.0: reg 0x14: [mem 0x9dc00000-0x9dc0ffff 64bit]\n[    0.732914] pci 0000:18:00.0: reg 0x1c: [mem 0x9db00000-0x9dbfffff 64bit]\n[    0.732922] pci 0000:18:00.0: reg 0x30: [mem 0xfff00000-0xffffffff pref]\n[    0.732926] pci 0000:18:00.0: enabling Extended Tags\n[    0.733007] pci 0000:18:00.0: supports D1 D2\n[    0.733028] pci 0000:18:00.0: reg 0x174: [mem 0x00000000-0x0000ffff 64bit]\n[    0.733029] pci 0000:18:00.0: VF(n) BAR0 space: [mem 0x00000000-0x000fffff 64bit] (contains BAR0 for 16 VFs)\n[    0.733034] pci 0000:18:00.0: reg 0x17c: [mem 0x00000000-0x000fffff 64bit]\n[    0.733036] pci 0000:18:00.0: VF(n) BAR2 space: [mem 0x00000000-0x00ffffff 64bit] (contains BAR2 for 16 VFs)\n[    0.733098] pci 0000:17:00.0: PCI bridge to [bus 18]\n[    0.733100] pci 0000:17:00.0:   bridge window [io  0x4000-0x4fff]\n[    0.733102] pci 0000:17:00.0:   bridge window [mem 0x9db00000-0x9dcfffff]\n[    0.733202] pci 0000:19:00.0: [14e4:16d8] type 00 class 0x020000\n[    0.733225] pci 0000:19:00.0: reg 0x10: [mem 0x9da10000-0x9da1ffff 64bit pref]\n[    0.733234] pci 0000:19:00.0: reg 0x18: [mem 0x9d900000-0x9d9fffff 64bit pref]\n[    0.733243] pci 0000:19:00.0: reg 0x20: [mem 0x9da22000-0x9da23fff 64bit pref]\n[    0.733250] pci 0000:19:00.0: reg 0x30: [mem 0xfff80000-0xffffffff pref]\n[    0.733310] pci 0000:19:00.0: PME# supported from D0 D3hot D3cold\n[    0.733440] pci 0000:19:00.1: [14e4:16d8] type 00 class 0x020000\n[    0.733460] pci 0000:19:00.1: reg 0x10: [mem 0x9da00000-0x9da0ffff 64bit pref]\n[    0.733469] pci 0000:19:00.1: reg 0x18: [mem 0x9d800000-0x9d8fffff 64bit pref]\n[    0.733478] pci 0000:19:00.1: reg 0x20: [mem 0x9da20000-0x9da21fff 64bit pref]\n[    0.733484] pci 0000:19:00.1: reg 0x30: [mem 0xfff80000-0xffffffff pref]\n[    0.733538] pci 0000:19:00.1: PME# supported from D0 D3hot D3cold\n[    0.733644] pci 0000:17:02.0: PCI bridge to [bus 19]\n[    0.733648] pci 0000:17:02.0:   bridge window [mem 0x9d800000-0x9dafffff 64bit pref]\n[    0.733657] pci_bus 0000:17: on NUMA node 0\n[    0.733753] ACPI: PCI Root Bridge [PC02] (domain 0000 [bus 3a-5c])\n[    0.733756] acpi PNP0A08:02: _OSC: OS supports [ExtendedConfig ASPM ClockPM Segments MSI HPX-Type3]\n[    0.733796] acpi PNP0A08:02: PCIe AER handled by firmware\n[    0.733845] acpi PNP0A08:02: _OSC: platform does not support [SHPCHotplug LTR]\n[    0.733931] acpi PNP0A08:02: _OSC: OS now controls [PCIeHotplug PME PCIeCapability]\n[    0.733932] acpi PNP0A08:02: FADT indicates ASPM is unsupported, using BIOS configuration\n[    0.734064] PCI host bridge to bus 0000:3a\n[    0.734065] pci_bus 0000:3a: root bus resource [io  0x6000-0x7fff window]\n[    0.734066] pci_bus 0000:3a: root bus resource [mem 0xab000000-0xb87fffff window]\n[    0.734067] pci_bus 0000:3a: root bus resource [mem 0x382000000000-0x382fffffffff window]\n[    0.734068] pci_bus 0000:3a: root bus resource [bus 3a-5c]\n[    0.734077] pci 0000:3a:05.0: [8086:2034] type 00 class 0x088000\n[    0.734151] pci 0000:3a:05.2: [8086:2035] type 00 class 0x088000\n[    0.734216] pci 0000:3a:05.4: [8086:2036] type 00 class 0x080020\n[    0.734224] pci 0000:3a:05.4: reg 0x10: [mem 0xab000000-0xab000fff]\n[    0.734293] pci 0000:3a:08.0: [8086:2066] type 00 class 0x088000\n[    0.734354] pci 0000:3a:09.0: [8086:2066] type 00 class 0x088000\n[    0.734417] pci 0000:3a:0a.0: [8086:2040] type 00 class 0x088000\n[    0.734476] pci 0000:3a:0a.1: [8086:2041] type 00 class 0x088000\n[    0.734532] pci 0000:3a:0a.2: [8086:2042] type 00 class 0x088000\n[    0.734590] pci 0000:3a:0a.3: [8086:2043] type 00 class 0x088000\n[    0.734646] pci 0000:3a:0a.4: [8086:2044] type 00 class 0x088000\n[    0.734703] pci 0000:3a:0a.5: [8086:2045] type 00 class 0x088000\n[    0.734758] pci 0000:3a:0a.6: [8086:2046] type 00 class 0x088000\n[    0.734815] pci 0000:3a:0a.7: [8086:2047] type 00 class 0x088000\n[    0.734871] pci 0000:3a:0b.0: [8086:2048] type 00 class 0x088000\n[    0.734930] pci 0000:3a:0b.1: [8086:2049] type 00 class 0x088000\n[    0.734986] pci 0000:3a:0b.2: [8086:204a] type 00 class 0x088000\n[    0.735045] pci 0000:3a:0b.3: [8086:204b] type 00 class 0x088000\n[    0.735103] pci 0000:3a:0c.0: [8086:2040] type 00 class 0x088000\n[    0.735162] pci 0000:3a:0c.1: [8086:2041] type 00 class 0x088000\n[    0.735219] pci 0000:3a:0c.2: [8086:2042] type 00 class 0x088000\n[    0.735275] pci 0000:3a:0c.3: [8086:2043] type 00 class 0x088000\n[    0.735331] pci 0000:3a:0c.4: [8086:2044] type 00 class 0x088000\n[    0.735388] pci 0000:3a:0c.5: [8086:2045] type 00 class 0x088000\n[    0.735445] pci 0000:3a:0c.6: [8086:2046] type 00 class 0x088000\n[    0.735504] pci 0000:3a:0c.7: [8086:2047] type 00 class 0x088000\n[    0.735561] pci 0000:3a:0d.0: [8086:2048] type 00 class 0x088000\n[    0.735622] pci 0000:3a:0d.1: [8086:2049] type 00 class 0x088000\n[    0.735679] pci 0000:3a:0d.2: [8086:204a] type 00 class 0x088000\n[    0.735736] pci 0000:3a:0d.3: [8086:204b] type 00 class 0x088000\n[    0.735804] pci_bus 0000:3a: on NUMA node 0\n[    0.735882] ACPI: PCI Root Bridge [PC03] (domain 0000 [bus 5d-7f])\n[    0.735884] acpi PNP0A08:03: _OSC: OS supports [ExtendedConfig ASPM ClockPM Segments MSI HPX-Type3]\n[    0.735920] acpi PNP0A08:03: PCIe AER handled by firmware\n[    0.735968] acpi PNP0A08:03: _OSC: platform does not support [SHPCHotplug LTR]\n[    0.736058] acpi PNP0A08:03: _OSC: OS now controls [PCIeHotplug PME PCIeCapability]\n[    0.736058] acpi PNP0A08:03: FADT indicates ASPM is unsupported, using BIOS configuration\n[    0.736220] PCI host bridge to bus 0000:5d\n[    0.736221] pci_bus 0000:5d: root bus resource [io  0x8000-0x9fff window]\n[    0.736222] pci_bus 0000:5d: root bus resource [mem 0xb8800000-0xc5ffffff window]\n[    0.736223] pci_bus 0000:5d: root bus resource [mem 0x383000000000-0x383fffffffff window]\n[    0.736224] pci_bus 0000:5d: root bus resource [bus 5d-7f]\n[    0.736232] pci 0000:5d:05.0: [8086:2034] type 00 class 0x088000\n[    0.736303] pci 0000:5d:05.2: [8086:2035] type 00 class 0x088000\n[    0.736371] pci 0000:5d:05.4: [8086:2036] type 00 class 0x080020\n[    0.736379] pci 0000:5d:05.4: reg 0x10: [mem 0xb8800000-0xb8800fff]\n[    0.736451] pci 0000:5d:0e.0: [8086:2058] type 00 class 0x110100\n[    0.736512] pci 0000:5d:0e.1: [8086:2059] type 00 class 0x088000\n[    0.736568] pci 0000:5d:0f.0: [8086:2058] type 00 class 0x110100\n[    0.736625] pci 0000:5d:0f.1: [8086:2059] type 00 class 0x088000\n[    0.736682] pci 0000:5d:12.0: [8086:204c] type 00 class 0x110100\n[    0.736741] pci 0000:5d:12.1: [8086:204d] type 00 class 0x110100\n[    0.736790] pci 0000:5d:12.2: [8086:204e] type 00 class 0x088000\n[    0.736836] pci 0000:5d:15.0: [8086:2018] type 00 class 0x088000\n[    0.736883] pci 0000:5d:15.1: [8086:2088] type 00 class 0x110100\n[    0.736928] pci 0000:5d:16.0: [8086:2018] type 00 class 0x088000\n[    0.736973] pci 0000:5d:16.1: [8086:2088] type 00 class 0x110100\n[    0.737018] pci 0000:5d:16.4: [8086:2018] type 00 class 0x088000\n[    0.737063] pci 0000:5d:16.5: [8086:2088] type 00 class 0x110100\n[    0.737110] pci_bus 0000:5d: on NUMA node 0\n[    0.737261] ACPI: PCI Root Bridge [PC06] (domain 0000 [bus 80-84])\n[    0.737263] acpi PNP0A08:06: _OSC: OS supports [ExtendedConfig ASPM ClockPM Segments MSI HPX-Type3]\n[    0.737298] acpi PNP0A08:06: PCIe AER handled by firmware\n[    0.737346] acpi PNP0A08:06: _OSC: platform does not support [SHPCHotplug LTR]\n[    0.737432] acpi PNP0A08:06: _OSC: OS now controls [PCIeHotplug PME PCIeCapability]\n[    0.737433] acpi PNP0A08:06: FADT indicates ASPM is unsupported, using BIOS configuration\n[    0.737467] acpi PNP0A08:06: host bridge window [io  0x0000 window] (ignored, not CPU addressable)\n[    0.737541] PCI host bridge to bus 0000:80\n[    0.737542] pci_bus 0000:80: root bus resource [mem 0xc6000000-0xd37fffff window]\n[    0.737543] pci_bus 0000:80: root bus resource [mem 0x384000000000-0x384fffffffff window]\n[    0.737544] pci_bus 0000:80: root bus resource [bus 80-84]\n[    0.737560] pci 0000:80:05.0: [8086:2024] type 00 class 0x088000\n[    0.737638] pci 0000:80:05.2: [8086:2025] type 00 class 0x088000\n[    0.737710] pci 0000:80:05.4: [8086:2026] type 00 class 0x080020\n[    0.737719] pci 0000:80:05.4: reg 0x10: [mem 0xc6000000-0xc6000fff]\n[    0.737797] pci 0000:80:08.0: [8086:2014] type 00 class 0x088000\n[    0.737859] pci 0000:80:08.1: [8086:2015] type 00 class 0x110100\n[    0.737909] pci 0000:80:08.2: [8086:2016] type 00 class 0x088000\n[    0.737976] pci_bus 0000:80: on NUMA node 1\n[    0.738043] ACPI: PCI Root Bridge [PC07] (domain 0000 [bus 85-ad])\n[    0.738044] acpi PNP0A08:07: _OSC: OS supports [ExtendedConfig ASPM ClockPM Segments MSI HPX-Type3]\n[    0.738083] acpi PNP0A08:07: PCIe AER handled by firmware\n[    0.738131] acpi PNP0A08:07: _OSC: platform does not support [SHPCHotplug LTR]\n[    0.738216] acpi PNP0A08:07: _OSC: OS now controls [PCIeHotplug PME PCIeCapability]\n[    0.738217] acpi PNP0A08:07: FADT indicates ASPM is unsupported, using BIOS configuration\n[    0.738417] PCI host bridge to bus 0000:85\n[    0.738418] pci_bus 0000:85: root bus resource [io  0xa000-0xbfff window]\n[    0.738419] pci_bus 0000:85: root bus resource [mem 0xd3800000-0xe0ffffff window]\n[    0.738420] pci_bus 0000:85: root bus resource [mem 0x385000000000-0x385fffffffff window]\n[    0.738421] pci_bus 0000:85: root bus resource [bus 85-ad]\n[    0.738430] pci 0000:85:02.0: [8086:2032] type 01 class 0x060400\n[    0.738488] pci 0000:85:02.0: PME# supported from D0 D3hot D3cold\n[    0.738602] pci 0000:85:05.0: [8086:2034] type 00 class 0x088000\n[    0.738682] pci 0000:85:05.2: [8086:2035] type 00 class 0x088000\n[    0.738761] pci 0000:85:05.4: [8086:2036] type 00 class 0x080020\n[    0.738770] pci 0000:85:05.4: reg 0x10: [mem 0xd3900000-0xd3900fff]\n[    0.738850] pci 0000:85:08.0: [8086:208d] type 00 class 0x088000\n[    0.738908] pci 0000:85:08.1: [8086:208d] type 00 class 0x088000\n[    0.738963] pci 0000:85:08.2: [8086:208d] type 00 class 0x088000\n[    0.739018] pci 0000:85:08.3: [8086:208d] type 00 class 0x088000\n[    0.739073] pci 0000:85:08.4: [8086:208d] type 00 class 0x088000\n[    0.739126] pci 0000:85:08.5: [8086:208d] type 00 class 0x088000\n[    0.739180] pci 0000:85:08.6: [8086:208d] type 00 class 0x088000\n[    0.739234] pci 0000:85:08.7: [8086:208d] type 00 class 0x088000\n[    0.739288] pci 0000:85:09.0: [8086:208d] type 00 class 0x088000\n[    0.739348] pci 0000:85:09.1: [8086:208d] type 00 class 0x088000\n[    0.739408] pci 0000:85:0e.0: [8086:208e] type 00 class 0x088000\n[    0.739464] pci 0000:85:0e.1: [8086:208e] type 00 class 0x088000\n[    0.739517] pci 0000:85:0e.2: [8086:208e] type 00 class 0x088000\n[    0.739570] pci 0000:85:0e.3: [8086:208e] type 00 class 0x088000\n[    0.739623] pci 0000:85:0e.4: [8086:208e] type 00 class 0x088000\n[    0.739677] pci 0000:85:0e.5: [8086:208e] type 00 class 0x088000\n[    0.739731] pci 0000:85:0e.6: [8086:208e] type 00 class 0x088000\n[    0.739787] pci 0000:85:0e.7: [8086:208e] type 00 class 0x088000\n[    0.739841] pci 0000:85:0f.0: [8086:208e] type 00 class 0x088000\n[    0.739897] pci 0000:85:0f.1: [8086:208e] type 00 class 0x088000\n[    0.739961] pci 0000:85:1d.0: [8086:2054] type 00 class 0x088000\n[    0.740018] pci 0000:85:1d.1: [8086:2055] type 00 class 0x088000\n[    0.740076] pci 0000:85:1d.2: [8086:2056] type 00 class 0x088000\n[    0.740131] pci 0000:85:1d.3: [8086:2057] type 00 class 0x088000\n[    0.740188] pci 0000:85:1e.0: [8086:2080] type 00 class 0x088000\n[    0.740247] pci 0000:85:1e.1: [8086:2081] type 00 class 0x088000\n[    0.740302] pci 0000:85:1e.2: [8086:2082] type 00 class 0x088000\n[    0.740356] pci 0000:85:1e.3: [8086:2083] type 00 class 0x088000\n[    0.740412] pci 0000:85:1e.4: [8086:2084] type 00 class 0x088000\n[    0.740467] pci 0000:85:1e.5: [8086:2085] type 00 class 0x088000\n[    0.740522] pci 0000:85:1e.6: [8086:2086] type 00 class 0x088000\n[    0.740630] pci 0000:86:00.0: [00fa:00ce] type 00 class 0x010802\n[    0.740676] pci 0000:86:00.0: reg 0x10: [mem 0xd3800000-0xd3803fff 64bit]\n[    0.740699] pci 0000:86:00.0: reg 0x18: [mem 0xd3804000-0xd3807fff 64bit]\n[    0.740723] pci 0000:86:00.0: reg 0x20: [mem 0xd3808000-0xd380bfff 64bit]\n[    0.744019] pci 0000:85:02.0: PCI bridge to [bus 86]\n[    0.744022] pci 0000:85:02.0:   bridge window [mem 0xd3800000-0xd38fffff]\n[    0.744030] pci_bus 0000:85: on NUMA node 1\n[    0.744116] ACPI: PCI Root Bridge [PC08] (domain 0000 [bus ae-d6])\n[    0.744118] acpi PNP0A08:08: _OSC: OS supports [ExtendedConfig ASPM ClockPM Segments MSI HPX-Type3]\n[    0.744155] acpi PNP0A08:08: PCIe AER handled by firmware\n[    0.744203] acpi PNP0A08:08: _OSC: platform does not support [SHPCHotplug LTR]\n[    0.744289] acpi PNP0A08:08: _OSC: OS now controls [PCIeHotplug PME PCIeCapability]\n[    0.744290] acpi PNP0A08:08: FADT indicates ASPM is unsupported, using BIOS configuration\n[    0.744427] PCI host bridge to bus 0000:ae\n[    0.744428] pci_bus 0000:ae: root bus resource [io  0xc000-0xdfff window]\n[    0.744429] pci_bus 0000:ae: root bus resource [mem 0xe1000000-0xee7fffff window]\n[    0.744430] pci_bus 0000:ae: root bus resource [mem 0x386000000000-0x386fffffffff window]\n[    0.744431] pci_bus 0000:ae: root bus resource [bus ae-d6]\n[    0.744439] pci 0000:ae:00.0: [8086:2030] type 01 class 0x060400\n[    0.744498] pci 0000:ae:00.0: PME# supported from D0 D3hot D3cold\n[    0.744615] pci 0000:ae:05.0: [8086:2034] type 00 class 0x088000\n[    0.744690] pci 0000:ae:05.2: [8086:2035] type 00 class 0x088000\n[    0.744762] pci 0000:ae:05.4: [8086:2036] type 00 class 0x080020\n[    0.744771] pci 0000:ae:05.4: reg 0x10: [mem 0xe1100000-0xe1100fff]\n[    0.744847] pci 0000:ae:08.0: [8086:2066] type 00 class 0x088000\n[    0.744915] pci 0000:ae:09.0: [8086:2066] type 00 class 0x088000\n[    0.744983] pci 0000:ae:0a.0: [8086:2040] type 00 class 0x088000\n[    0.745052] pci 0000:ae:0a.1: [8086:2041] type 00 class 0x088000\n[    0.745117] pci 0000:ae:0a.2: [8086:2042] type 00 class 0x088000\n[    0.745183] pci 0000:ae:0a.3: [8086:2043] type 00 class 0x088000\n[    0.745246] pci 0000:ae:0a.4: [8086:2044] type 00 class 0x088000\n[    0.745308] pci 0000:ae:0a.5: [8086:2045] type 00 class 0x088000\n[    0.745371] pci 0000:ae:0a.6: [8086:2046] type 00 class 0x088000\n[    0.745434] pci 0000:ae:0a.7: [8086:2047] type 00 class 0x088000\n[    0.745497] pci 0000:ae:0b.0: [8086:2048] type 00 class 0x088000\n[    0.745562] pci 0000:ae:0b.1: [8086:2049] type 00 class 0x088000\n[    0.745625] pci 0000:ae:0b.2: [8086:204a] type 00 class 0x088000\n[    0.745687] pci 0000:ae:0b.3: [8086:204b] type 00 class 0x088000\n[    0.745751] pci 0000:ae:0c.0: [8086:2040] type 00 class 0x088000\n[    0.745817] pci 0000:ae:0c.1: [8086:2041] type 00 class 0x088000\n[    0.745879] pci 0000:ae:0c.2: [8086:2042] type 00 class 0x088000\n[    0.745941] pci 0000:ae:0c.3: [8086:2043] type 00 class 0x088000\n[    0.746005] pci 0000:ae:0c.4: [8086:2044] type 00 class 0x088000\n[    0.746070] pci 0000:ae:0c.5: [8086:2045] type 00 class 0x088000\n[    0.746132] pci 0000:ae:0c.6: [8086:2046] type 00 class 0x088000\n[    0.746196] pci 0000:ae:0c.7: [8086:2047] type 00 class 0x088000\n[    0.746259] pci 0000:ae:0d.0: [8086:2048] type 00 class 0x088000\n[    0.746323] pci 0000:ae:0d.1: [8086:2049] type 00 class 0x088000\n[    0.746387] pci 0000:ae:0d.2: [8086:204a] type 00 class 0x088000\n[    0.746451] pci 0000:ae:0d.3: [8086:204b] type 00 class 0x088000\n[    0.746574] pci 0000:af:00.0: [00fa:00ce] type 00 class 0x010802\n[    0.746619] pci 0000:af:00.0: reg 0x10: [mem 0xe1000000-0xe1003fff 64bit]\n[    0.746642] pci 0000:af:00.0: reg 0x18: [mem 0xe1004000-0xe1007fff 64bit]\n[    0.746666] pci 0000:af:00.0: reg 0x20: [mem 0xe1008000-0xe100bfff 64bit]\n[    0.750018] pci 0000:ae:00.0: PCI bridge to [bus af]\n[    0.750021] pci 0000:ae:00.0:   bridge window [mem 0xe1000000-0xe10fffff]\n[    0.750029] pci_bus 0000:ae: on NUMA node 1\n[    0.750135] ACPI: PCI Root Bridge [PC09] (domain 0000 [bus d7-ff])\n[    0.750137] acpi PNP0A08:09: _OSC: OS supports [ExtendedConfig ASPM ClockPM Segments MSI HPX-Type3]\n[    0.750175] acpi PNP0A08:09: PCIe AER handled by firmware\n[    0.750223] acpi PNP0A08:09: _OSC: platform does not support [SHPCHotplug LTR]\n[    0.750309] acpi PNP0A08:09: _OSC: OS now controls [PCIeHotplug PME PCIeCapability]\n[    0.750310] acpi PNP0A08:09: FADT indicates ASPM is unsupported, using BIOS configuration\n[    0.750444] PCI host bridge to bus 0000:d7\n[    0.750445] pci_bus 0000:d7: root bus resource [io  0xe000-0xffff window]\n[    0.750446] pci_bus 0000:d7: root bus resource [mem 0xee800000-0xfbffffff window]\n[    0.750447] pci_bus 0000:d7: root bus resource [mem 0x387000000000-0x387fffffffff window]\n[    0.750448] pci_bus 0000:d7: root bus resource [bus d7-ff]\n[    0.750457] pci 0000:d7:05.0: [8086:2034] type 00 class 0x088000\n[    0.750535] pci 0000:d7:05.2: [8086:2035] type 00 class 0x088000\n[    0.750609] pci 0000:d7:05.4: [8086:2036] type 00 class 0x080020\n[    0.750618] pci 0000:d7:05.4: reg 0x10: [mem 0xee800000-0xee800fff]\n[    0.750697] pci 0000:d7:0e.0: [8086:2058] type 00 class 0x110100\n[    0.750766] pci 0000:d7:0e.1: [8086:2059] type 00 class 0x088000\n[    0.750830] pci 0000:d7:0f.0: [8086:2058] type 00 class 0x110100\n[    0.750894] pci 0000:d7:0f.1: [8086:2059] type 00 class 0x088000\n[    0.750959] pci 0000:d7:12.0: [8086:204c] type 00 class 0x110100\n[    0.751022] pci 0000:d7:12.1: [8086:204d] type 00 class 0x110100\n[    0.751072] pci 0000:d7:12.2: [8086:204e] type 00 class 0x088000\n[    0.751123] pci 0000:d7:15.0: [8086:2018] type 00 class 0x088000\n[    0.751173] pci 0000:d7:15.1: [8086:2088] type 00 class 0x110100\n[    0.751225] pci 0000:d7:16.0: [8086:2018] type 00 class 0x088000\n[    0.751275] pci 0000:d7:16.1: [8086:2088] type 00 class 0x110100\n[    0.751322] pci 0000:d7:16.4: [8086:2018] type 00 class 0x088000\n[    0.751370] pci 0000:d7:16.5: [8086:2088] type 00 class 0x110100\n[    0.751422] pci_bus 0000:d7: on NUMA node 1\n[    0.752101] iommu: Default domain type: Passthrough \n[    0.752101] pci 0000:03:00.0: vgaarb: setting as boot VGA device\n[    0.752101] pci 0000:03:00.0: vgaarb: VGA device added: decodes=io+mem,owns=io+mem,locks=none\n[    0.752101] pci 0000:03:00.0: vgaarb: bridge control possible\n[    0.752101] vgaarb: loaded\n[    0.752171] SCSI subsystem initialized\n[    0.752190] ACPI: bus type USB registered\n[    0.752205] usbcore: registered new interface driver usbfs\n[    0.752212] usbcore: registered new interface driver hub\n[    0.753011] usbcore: registered new device driver usb\n[    0.753011] pps_core: LinuxPPS API ver. 1 registered\n[    0.753011] pps_core: Software ver. 5.3.6 - Copyright 2005-2007 Rodolfo Giometti <giometti@linux.it>\n[    0.753011] PTP clock support registered\n[    0.753073] EDAC MC: Ver: 3.0.0\n[    0.753288] Registered efivars operations\n[    0.785398] PCI: Using ACPI for IRQ routing\n[    0.787000] PCI: pci_cache_line_size set to 64 bytes\n[    0.788033] e820: reserve RAM buffer [mem 0x4ff1c020-0x4fffffff]\n[    0.788035] e820: reserve RAM buffer [mem 0x4ff4c020-0x4fffffff]\n[    0.788036] e820: reserve RAM buffer [mem 0x4ff7c020-0x4fffffff]\n[    0.788037] e820: reserve RAM buffer [mem 0x4ffc2020-0x4fffffff]\n[    0.788038] e820: reserve RAM buffer [mem 0x4ffcb020-0x4fffffff]\n[    0.788039] e820: reserve RAM buffer [mem 0x4fffe020-0x4fffffff]\n[    0.788039] e820: reserve RAM buffer [mem 0x682ff000-0x6bffffff]\n[    0.788230] NetLabel: Initializing\n[    0.788230] NetLabel:  domain hash size = 128\n[    0.788231] NetLabel:  protocols = UNLABELED CIPSOv4 CALIPSO\n[    0.788248] NetLabel:  unlabeled traffic allowed by default\n[    0.789092] hpet0: at MMIO 0xfed00000, IRQs 2, 8, 0, 0, 0, 0, 0, 0\n[    0.789095] hpet0: 8 comparators, 64-bit 24.000000 MHz counter\n[    0.791086] clocksource: Switched to clocksource tsc-early\n[    0.804168] VFS: Disk quotas dquot_6.6.0\n[    0.804194] VFS: Dquot-cache hash table entries: 512 (order 0, 4096 bytes)\n[    0.804274] pnp: PnP ACPI init\n[    0.807736] pnp 00:00: Plug and Play ACPI device, IDs PNP0b00 (active)\n[    0.807834] system 00:01: [io  0x0500-0x05fe] has been reserved\n[    0.807836] system 00:01: [io  0x0400-0x047f] has been reserved\n[    0.807837] system 00:01: [io  0x0600-0x061f] has been reserved\n[    0.807838] system 00:01: [io  0x0ca0-0x0ca5] has been reserved\n[    0.807840] system 00:01: [io  0x0880-0x0883] has been reserved\n[    0.807841] system 00:01: [io  0x0800-0x081f] has been reserved\n[    0.807843] system 00:01: [mem 0xfed1c000-0xfed3ffff] has been reserved\n[    0.807844] system 00:01: [mem 0xfed45000-0xfed8bfff] has been reserved\n[    0.807845] system 00:01: [mem 0xff000000-0xffffffff] has been reserved\n[    0.807846] system 00:01: [mem 0xfee00000-0xfeefffff] has been reserved\n[    0.807847] system 00:01: [mem 0xfed12000-0xfed1200f] has been reserved\n[    0.807848] system 00:01: [mem 0xfed12010-0xfed1201f] has been reserved\n[    0.807849] system 00:01: [mem 0xfed1b000-0xfed1bfff] has been reserved\n[    0.807852] system 00:01: Plug and Play ACPI device, IDs PNP0c02 (active)\n[    0.808043] pnp 00:02: Plug and Play ACPI device, IDs PNP0501 (active)\n[    0.808195] pnp 00:03: Plug and Play ACPI device, IDs PNP0501 (active)\n[    0.808281] system 00:04: [mem 0xfd000000-0xfdabffff] has been reserved\n[    0.808283] system 00:04: [mem 0xfdad0000-0xfdadffff] has been reserved\n[    0.808285] system 00:04: [mem 0xfdb00000-0xfdffffff] has been reserved\n[    0.808286] system 00:04: [mem 0xfe000000-0xfe00ffff] has been reserved\n[    0.808287] system 00:04: [mem 0xfe011000-0xfe01ffff] has been reserved\n[    0.808288] system 00:04: [mem 0xfe036000-0xfe03bfff] has been reserved\n[    0.808289] system 00:04: [mem 0xfe03d000-0xfe3fffff] has been reserved\n[    0.808290] system 00:04: [mem 0xfe410000-0xfe7fffff] has been reserved\n[    0.808292] system 00:04: Plug and Play ACPI device, IDs PNP0c02 (active)\n[    0.808534] system 00:05: [io  0x1000-0x10fe] has been reserved\n[    0.808537] system 00:05: Plug and Play ACPI device, IDs PNP0c02 (active)\n[    0.809189] pnp: PnP ACPI: found 6 devices\n[    0.814712] clocksource: acpi_pm: mask: 0xffffff max_cycles: 0xffffff, max_idle_ns: 2085701024 ns\n[    0.814737] pci 0000:01:00.0: can't claim BAR 6 [mem 0xfffc0000-0xffffffff pref]: no compatible bridge window\n[    0.814739] pci 0000:01:00.1: can't claim BAR 6 [mem 0xfffc0000-0xffffffff pref]: no compatible bridge window\n[    0.814740] pci 0000:18:00.0: can't claim BAR 6 [mem 0xfff00000-0xffffffff pref]: no compatible bridge window\n[    0.814741] pci 0000:19:00.0: can't claim BAR 6 [mem 0xfff80000-0xffffffff pref]: no compatible bridge window\n[    0.814742] pci 0000:19:00.1: can't claim BAR 6 [mem 0xfff80000-0xffffffff pref]: no compatible bridge window\n[    0.814756] pci 0000:00:1c.0: BAR 14: assigned [mem 0x90000000-0x900fffff]\n[    0.814759] pci 0000:01:00.0: BAR 6: assigned [mem 0x90000000-0x9003ffff pref]\n[    0.814760] pci 0000:01:00.1: BAR 6: assigned [mem 0x90040000-0x9007ffff pref]\n[    0.814762] pci 0000:00:1c.0: PCI bridge to [bus 01]\n[    0.814766] pci 0000:00:1c.0:   bridge window [mem 0x90000000-0x900fffff]\n[    0.814768] pci 0000:00:1c.0:   bridge window [mem 0x92900000-0x929fffff 64bit pref]\n[    0.814772] pci 0000:02:00.0: PCI bridge to [bus 03]\n[    0.814776] pci 0000:02:00.0:   bridge window [mem 0x92000000-0x928fffff]\n[    0.814779] pci 0000:02:00.0:   bridge window [mem 0x91000000-0x91ffffff 64bit pref]\n[    0.814784] pci 0000:00:1c.4: PCI bridge to [bus 02-03]\n[    0.814787] pci 0000:00:1c.4:   bridge window [mem 0x92000000-0x928fffff]\n[    0.814789] pci 0000:00:1c.4:   bridge window [mem 0x91000000-0x91ffffff 64bit pref]\n[    0.814794] pci_bus 0000:00: resource 4 [io  0x0000-0x0cf7 window]\n[    0.814795] pci_bus 0000:00: resource 5 [io  0x1000-0x3fff window]\n[    0.814795] pci_bus 0000:00: resource 6 [mem 0x000a0000-0x000bffff window]\n[    0.814796] pci_bus 0000:00: resource 7 [mem 0x000c4000-0x000c7fff window]\n[    0.814797] pci_bus 0000:00: resource 8 [mem 0xfe010000-0xfe010fff window]\n[    0.814798] pci_bus 0000:00: resource 9 [mem 0x90000000-0x9d7fffff window]\n[    0.814799] pci_bus 0000:00: resource 10 [mem 0x380000000000-0x380fffffffff window]\n[    0.814800] pci_bus 0000:01: resource 1 [mem 0x90000000-0x900fffff]\n[    0.814801] pci_bus 0000:01: resource 2 [mem 0x92900000-0x929fffff 64bit pref]\n[    0.814802] pci_bus 0000:02: resource 1 [mem 0x92000000-0x928fffff]\n[    0.814803] pci_bus 0000:02: resource 2 [mem 0x91000000-0x91ffffff 64bit pref]\n[    0.814803] pci_bus 0000:03: resource 1 [mem 0x92000000-0x928fffff]\n[    0.814804] pci_bus 0000:03: resource 2 [mem 0x91000000-0x91ffffff 64bit pref]\n[    0.814893] pci 0000:17:02.0: BAR 14: assigned [mem 0x9de00000-0x9defffff]\n[    0.814895] pci 0000:18:00.0: BAR 6: no space for [mem size 0x00100000 pref]\n[    0.814896] pci 0000:18:00.0: BAR 6: failed to assign [mem size 0x00100000 pref]\n[    0.814897] pci 0000:18:00.0: BAR 9: no space for [mem size 0x01000000 64bit]\n[    0.814898] pci 0000:18:00.0: BAR 9: failed to assign [mem size 0x01000000 64bit]\n[    0.814900] pci 0000:18:00.0: BAR 7: no space for [mem size 0x00100000 64bit]\n[    0.814900] pci 0000:18:00.0: BAR 7: failed to assign [mem size 0x00100000 64bit]\n[    0.814901] pci 0000:17:00.0: PCI bridge to [bus 18]\n[    0.814903] pci 0000:17:00.0:   bridge window [io  0x4000-0x4fff]\n[    0.814905] pci 0000:17:00.0:   bridge window [mem 0x9db00000-0x9dcfffff]\n[    0.814909] pci 0000:19:00.0: BAR 6: assigned [mem 0x9de00000-0x9de7ffff pref]\n[    0.814910] pci 0000:19:00.1: BAR 6: assigned [mem 0x9de80000-0x9defffff pref]\n[    0.814911] pci 0000:17:02.0: PCI bridge to [bus 19]\n[    0.814913] pci 0000:17:02.0:   bridge window [mem 0x9de00000-0x9defffff]\n[    0.814915] pci 0000:17:02.0:   bridge window [mem 0x9d800000-0x9dafffff 64bit pref]\n[    0.814918] pci_bus 0000:17: Some PCI device resources are unassigned, try booting with pci=realloc\n[    0.814919] pci_bus 0000:17: resource 4 [io  0x4000-0x5fff window]\n[    0.814920] pci_bus 0000:17: resource 5 [mem 0x9d800000-0xaaffffff window]\n[    0.814921] pci_bus 0000:17: resource 6 [mem 0x381000000000-0x381fffffffff window]\n[    0.814922] pci_bus 0000:18: resource 0 [io  0x4000-0x4fff]\n[    0.814923] pci_bus 0000:18: resource 1 [mem 0x9db00000-0x9dcfffff]\n[    0.814924] pci_bus 0000:19: resource 1 [mem 0x9de00000-0x9defffff]\n[    0.814924] pci_bus 0000:19: resource 2 [mem 0x9d800000-0x9dafffff 64bit pref]\n[    0.814943] pci_bus 0000:3a: resource 4 [io  0x6000-0x7fff window]\n[    0.814944] pci_bus 0000:3a: resource 5 [mem 0xab000000-0xb87fffff window]\n[    0.814945] pci_bus 0000:3a: resource 6 [mem 0x382000000000-0x382fffffffff window]\n[    0.814957] pci_bus 0000:5d: resource 4 [io  0x8000-0x9fff window]\n[    0.814957] pci_bus 0000:5d: resource 5 [mem 0xb8800000-0xc5ffffff window]\n[    0.814958] pci_bus 0000:5d: resource 6 [mem 0x383000000000-0x383fffffffff window]\n[    0.814975] pci_bus 0000:80: resource 4 [mem 0xc6000000-0xd37fffff window]\n[    0.814976] pci_bus 0000:80: resource 5 [mem 0x384000000000-0x384fffffffff window]\n[    0.814985] pci 0000:85:02.0: PCI bridge to [bus 86]\n[    0.814988] pci 0000:85:02.0:   bridge window [mem 0xd3800000-0xd38fffff]\n[    0.814993] pci_bus 0000:85: resource 4 [io  0xa000-0xbfff window]\n[    0.814993] pci_bus 0000:85: resource 5 [mem 0xd3800000-0xe0ffffff window]\n[    0.814994] pci_bus 0000:85: resource 6 [mem 0x385000000000-0x385fffffffff window]\n[    0.814995] pci_bus 0000:86: resource 1 [mem 0xd3800000-0xd38fffff]\n[    0.815013] pci 0000:ae:00.0: PCI bridge to [bus af]\n[    0.815015] pci 0000:ae:00.0:   bridge window [mem 0xe1000000-0xe10fffff]\n[    0.815020] pci_bus 0000:ae: resource 4 [io  0xc000-0xdfff window]\n[    0.815021] pci_bus 0000:ae: resource 5 [mem 0xe1000000-0xee7fffff window]\n[    0.815022] pci_bus 0000:ae: resource 6 [mem 0x386000000000-0x386fffffffff window]\n[    0.815022] pci_bus 0000:af: resource 1 [mem 0xe1000000-0xe10fffff]\n[    0.815046] pci_bus 0000:d7: resource 4 [io  0xe000-0xffff window]\n[    0.815047] pci_bus 0000:d7: resource 5 [mem 0xee800000-0xfbffffff window]\n[    0.815047] pci_bus 0000:d7: resource 6 [mem 0x387000000000-0x387fffffffff window]\n[    0.815151] NET: Registered protocol family 2\n[    0.815480] tcp_listen_portaddr_hash hash table entries: 32768 (order: 7, 524288 bytes)\n[    0.815662] TCP established hash table entries: 524288 (order: 10, 4194304 bytes)\n[    0.816205] TCP bind hash table entries: 65536 (order: 8, 1048576 bytes)\n[    0.816326] TCP: Hash tables configured (established 524288 bind 65536)\n[    0.816446] UDP hash table entries: 32768 (order: 8, 1048576 bytes)\n[    0.816606] UDP-Lite hash table entries: 32768 (order: 8, 1048576 bytes)\n[    0.816889] NET: Registered protocol family 1\n[    0.816894] NET: Registered protocol family 44\n[    0.817205] pci 0000:03:00.0: Video device with shadowed ROM at [mem 0x000c0000-0x000dffff]\n[    0.817400] PCI: CLS 0 bytes, default 64\n[    0.817432] Unpacking initramfs...\n[    1.500691] Freeing initrd memory: 51960K\n[    1.501410] DMAR: dmar4: Using Queued invalidation\n[    1.501418] DMAR: dmar2: Using Queued invalidation\n[    1.501424] DMAR: dmar1: Using Queued invalidation\n[    1.501432] DMAR: dmar7: Using Queued invalidation\n[    1.502058] pci 0000:00:00.0: Adding to iommu group 0\n[    1.502137] pci 0000:00:05.0: Adding to iommu group 1\n[    1.502161] pci 0000:00:05.2: Adding to iommu group 1\n[    1.502183] pci 0000:00:05.4: Adding to iommu group 1\n[    1.502257] pci 0000:00:08.0: Adding to iommu group 2\n[    1.502279] pci 0000:00:08.1: Adding to iommu group 2\n[    1.502301] pci 0000:00:08.2: Adding to iommu group 2\n[    1.502360] pci 0000:00:11.0: Adding to iommu group 3\n[    1.502382] pci 0000:00:11.5: Adding to iommu group 3\n[    1.502438] pci 0000:00:14.0: Adding to iommu group 4\n[    1.502460] pci 0000:00:14.2: Adding to iommu group 4\n[    1.502532] pci 0000:00:16.0: Adding to iommu group 5\n[    1.502554] pci 0000:00:16.1: Adding to iommu group 5\n[    1.502578] pci 0000:00:16.4: Adding to iommu group 5\n[    1.502600] pci 0000:00:17.0: Adding to iommu group 6\n[    1.502628] pci 0000:00:1c.0: Adding to iommu group 7\n[    1.502653] pci 0000:00:1c.4: Adding to iommu group 8\n[    1.502744] pci 0000:00:1f.0: Adding to iommu group 9\n[    1.502766] pci 0000:00:1f.2: Adding to iommu group 9\n[    1.502788] pci 0000:00:1f.4: Adding to iommu group 9\n[    1.502811] pci 0000:00:1f.5: Adding to iommu group 9\n[    1.502881] pci 0000:01:00.0: Adding to iommu group 10\n[    1.502919] pci 0000:01:00.1: Adding to iommu group 10\n[    1.502948] pci 0000:02:00.0: Adding to iommu group 11\n[    1.503592] pci 0000:02:00.0: Using iommu dma mapping\n[    1.503599] pci 0000:03:00.0: Adding to iommu group 11\n[    1.503635] pci 0000:17:00.0: Adding to iommu group 12\n[    1.503660] pci 0000:17:02.0: Adding to iommu group 13\n[    1.503736] pci 0000:17:05.0: Adding to iommu group 14\n[    1.503760] pci 0000:17:05.2: Adding to iommu group 14\n[    1.503784] pci 0000:17:05.4: Adding to iommu group 14\n[    1.503941] pci 0000:17:08.0: Adding to iommu group 15\n[    1.503965] pci 0000:17:08.1: Adding to iommu group 15\n[    1.503990] pci 0000:17:08.2: Adding to iommu group 15\n[    1.504020] pci 0000:17:08.3: Adding to iommu group 15\n[    1.504045] pci 0000:17:08.4: Adding to iommu group 15\n[    1.504068] pci 0000:17:08.5: Adding to iommu group 15\n[    1.504091] pci 0000:17:08.6: Adding to iommu group 15\n[    1.504115] pci 0000:17:08.7: Adding to iommu group 15\n[    1.504170] pci 0000:17:09.0: Adding to iommu group 16\n[    1.504195] pci 0000:17:09.1: Adding to iommu group 16\n[    1.504351] pci 0000:17:0e.0: Adding to iommu group 17\n[    1.504375] pci 0000:17:0e.1: Adding to iommu group 17\n[    1.504400] pci 0000:17:0e.2: Adding to iommu group 17\n[    1.504424] pci 0000:17:0e.3: Adding to iommu group 17\n[    1.504448] pci 0000:17:0e.4: Adding to iommu group 17\n[    1.504472] pci 0000:17:0e.5: Adding to iommu group 17\n[    1.504498] pci 0000:17:0e.6: Adding to iommu group 17\n[    1.504523] pci 0000:17:0e.7: Adding to iommu group 17\n[    1.504580] pci 0000:17:0f.0: Adding to iommu group 18\n[    1.504604] pci 0000:17:0f.1: Adding to iommu group 18\n[    1.504693] pci 0000:17:1d.0: Adding to iommu group 19\n[    1.504719] pci 0000:17:1d.1: Adding to iommu group 19\n[    1.504744] pci 0000:17:1d.2: Adding to iommu group 19\n[    1.504769] pci 0000:17:1d.3: Adding to iommu group 19\n[    1.504908] pci 0000:17:1e.0: Adding to iommu group 20\n[    1.504933] pci 0000:17:1e.1: Adding to iommu group 20\n[    1.504958] pci 0000:17:1e.2: Adding to iommu group 20\n[    1.504983] pci 0000:17:1e.3: Adding to iommu group 20\n[    1.505038] pci 0000:17:1e.4: Adding to iommu group 20\n[    1.505065] pci 0000:17:1e.5: Adding to iommu group 20\n[    1.505090] pci 0000:17:1e.6: Adding to iommu group 20\n[    1.505118] pci 0000:18:00.0: Adding to iommu group 21\n[    1.505191] pci 0000:19:00.0: Adding to iommu group 22\n[    1.505232] pci 0000:19:00.1: Adding to iommu group 22\n[    1.505308] pci 0000:3a:05.0: Adding to iommu group 23\n[    1.505336] pci 0000:3a:05.2: Adding to iommu group 23\n[    1.505363] pci 0000:3a:05.4: Adding to iommu group 23\n[    1.505402] pci 0000:3a:08.0: Adding to iommu group 24\n[    1.505443] pci 0000:3a:09.0: Adding to iommu group 25\n[    1.505600] pci 0000:3a:0a.0: Adding to iommu group 26\n[    1.505628] pci 0000:3a:0a.1: Adding to iommu group 26\n[    1.505655] pci 0000:3a:0a.2: Adding to iommu group 26\n[    1.505682] pci 0000:3a:0a.3: Adding to iommu group 26\n[    1.505708] pci 0000:3a:0a.4: Adding to iommu group 26\n[    1.505737] pci 0000:3a:0a.5: Adding to iommu group 26\n[    1.505764] pci 0000:3a:0a.6: Adding to iommu group 26\n[    1.505792] pci 0000:3a:0a.7: Adding to iommu group 26\n[    1.505882] pci 0000:3a:0b.0: Adding to iommu group 27\n[    1.505910] pci 0000:3a:0b.1: Adding to iommu group 27\n[    1.505937] pci 0000:3a:0b.2: Adding to iommu group 27\n[    1.505965] pci 0000:3a:0b.3: Adding to iommu group 27\n[    1.506127] pci 0000:3a:0c.0: Adding to iommu group 28\n[    1.506155] pci 0000:3a:0c.1: Adding to iommu group 28\n[    1.506184] pci 0000:3a:0c.2: Adding to iommu group 28\n[    1.506213] pci 0000:3a:0c.3: Adding to iommu group 28\n[    1.506244] pci 0000:3a:0c.4: Adding to iommu group 28\n[    1.506272] pci 0000:3a:0c.5: Adding to iommu group 28\n[    1.506301] pci 0000:3a:0c.6: Adding to iommu group 28\n[    1.506329] pci 0000:3a:0c.7: Adding to iommu group 28\n[    1.506419] pci 0000:3a:0d.0: Adding to iommu group 29\n[    1.506448] pci 0000:3a:0d.1: Adding to iommu group 29\n[    1.506477] pci 0000:3a:0d.2: Adding to iommu group 29\n[    1.506506] pci 0000:3a:0d.3: Adding to iommu group 29\n[    1.506582] pci 0000:5d:05.0: Adding to iommu group 30\n[    1.506612] pci 0000:5d:05.2: Adding to iommu group 30\n[    1.506642] pci 0000:5d:05.4: Adding to iommu group 30\n[    1.506700] pci 0000:5d:0e.0: Adding to iommu group 31\n[    1.506729] pci 0000:5d:0e.1: Adding to iommu group 31\n[    1.506787] pci 0000:5d:0f.0: Adding to iommu group 32\n[    1.506817] pci 0000:5d:0f.1: Adding to iommu group 32\n[    1.506891] pci 0000:5d:12.0: Adding to iommu group 33\n[    1.506920] pci 0000:5d:12.1: Adding to iommu group 33\n[    1.506950] pci 0000:5d:12.2: Adding to iommu group 33\n[    1.507008] pci 0000:5d:15.0: Adding to iommu group 34\n[    1.507040] pci 0000:5d:15.1: Adding to iommu group 34\n[    1.507129] pci 0000:5d:16.0: Adding to iommu group 35\n[    1.507160] pci 0000:5d:16.1: Adding to iommu group 35\n[    1.507190] pci 0000:5d:16.4: Adding to iommu group 35\n[    1.507220] pci 0000:5d:16.5: Adding to iommu group 35\n[    1.507296] pci 0000:80:05.0: Adding to iommu group 36\n[    1.507328] pci 0000:80:05.2: Adding to iommu group 36\n[    1.507358] pci 0000:80:05.4: Adding to iommu group 36\n[    1.507431] pci 0000:80:08.0: Adding to iommu group 37\n[    1.507462] pci 0000:80:08.1: Adding to iommu group 37\n[    1.507493] pci 0000:80:08.2: Adding to iommu group 37\n[    1.507521] pci 0000:85:02.0: Adding to iommu group 38\n[    1.507596] pci 0000:85:05.0: Adding to iommu group 39\n[    1.507627] pci 0000:85:05.2: Adding to iommu group 39\n[    1.507658] pci 0000:85:05.4: Adding to iommu group 39\n[    1.507815] pci 0000:85:08.0: Adding to iommu group 40\n[    1.507848] pci 0000:85:08.1: Adding to iommu group 40\n[    1.507879] pci 0000:85:08.2: Adding to iommu group 40\n[    1.507910] pci 0000:85:08.3: Adding to iommu group 40\n[    1.507941] pci 0000:85:08.4: Adding to iommu group 40\n[    1.507973] pci 0000:85:08.5: Adding to iommu group 40\n[    1.508007] pci 0000:85:08.6: Adding to iommu group 40\n[    1.508039] pci 0000:85:08.7: Adding to iommu group 40\n[    1.508098] pci 0000:85:09.0: Adding to iommu group 41\n[    1.508132] pci 0000:85:09.1: Adding to iommu group 41\n[    1.508290] pci 0000:85:0e.0: Adding to iommu group 42\n[    1.508323] pci 0000:85:0e.1: Adding to iommu group 42\n[    1.508356] pci 0000:85:0e.2: Adding to iommu group 42\n[    1.508388] pci 0000:85:0e.3: Adding to iommu group 42\n[    1.508422] pci 0000:85:0e.4: Adding to iommu group 42\n[    1.508454] pci 0000:85:0e.5: Adding to iommu group 42\n[    1.508486] pci 0000:85:0e.6: Adding to iommu group 42\n[    1.508519] pci 0000:85:0e.7: Adding to iommu group 42\n[    1.508576] pci 0000:85:0f.0: Adding to iommu group 43\n[    1.508609] pci 0000:85:0f.1: Adding to iommu group 43\n[    1.508701] pci 0000:85:1d.0: Adding to iommu group 44\n[    1.508734] pci 0000:85:1d.1: Adding to iommu group 44\n[    1.508768] pci 0000:85:1d.2: Adding to iommu group 44\n[    1.508801] pci 0000:85:1d.3: Adding to iommu group 44\n[    1.508941] pci 0000:85:1e.0: Adding to iommu group 45\n[    1.508975] pci 0000:85:1e.1: Adding to iommu group 45\n[    1.509013] pci 0000:85:1e.2: Adding to iommu group 45\n[    1.509047] pci 0000:85:1e.3: Adding to iommu group 45\n[    1.509081] pci 0000:85:1e.4: Adding to iommu group 45\n[    1.509115] pci 0000:85:1e.5: Adding to iommu group 45\n[    1.509150] pci 0000:85:1e.6: Adding to iommu group 45\n[    1.509179] pci 0000:86:00.0: Adding to iommu group 46\n[    1.509208] pci 0000:ae:00.0: Adding to iommu group 47\n[    1.509284] pci 0000:ae:05.0: Adding to iommu group 48\n[    1.509320] pci 0000:ae:05.2: Adding to iommu group 48\n[    1.509356] pci 0000:ae:05.4: Adding to iommu group 48\n[    1.509397] pci 0000:ae:08.0: Adding to iommu group 49\n[    1.509440] pci 0000:ae:09.0: Adding to iommu group 50\n[    1.509601] pci 0000:ae:0a.0: Adding to iommu group 51\n[    1.509636] pci 0000:ae:0a.1: Adding to iommu group 51\n[    1.509672] pci 0000:ae:0a.2: Adding to iommu group 51\n[    1.509708] pci 0000:ae:0a.3: Adding to iommu group 51\n[    1.509744] pci 0000:ae:0a.4: Adding to iommu group 51\n[    1.509781] pci 0000:ae:0a.5: Adding to iommu group 51\n[    1.509817] pci 0000:ae:0a.6: Adding to iommu group 51\n[    1.509852] pci 0000:ae:0a.7: Adding to iommu group 51\n[    1.509943] pci 0000:ae:0b.0: Adding to iommu group 52\n[    1.509979] pci 0000:ae:0b.1: Adding to iommu group 52\n[    1.510017] pci 0000:ae:0b.2: Adding to iommu group 52\n[    1.510054] pci 0000:ae:0b.3: Adding to iommu group 52\n[    1.510214] pci 0000:ae:0c.0: Adding to iommu group 53\n[    1.510252] pci 0000:ae:0c.1: Adding to iommu group 53\n[    1.510289] pci 0000:ae:0c.2: Adding to iommu group 53\n[    1.510325] pci 0000:ae:0c.3: Adding to iommu group 53\n[    1.510362] pci 0000:ae:0c.4: Adding to iommu group 53\n[    1.510398] pci 0000:ae:0c.5: Adding to iommu group 53\n[    1.510435] pci 0000:ae:0c.6: Adding to iommu group 53\n[    1.510472] pci 0000:ae:0c.7: Adding to iommu group 53\n[    1.510564] pci 0000:ae:0d.0: Adding to iommu group 54\n[    1.510601] pci 0000:ae:0d.1: Adding to iommu group 54\n[    1.510638] pci 0000:ae:0d.2: Adding to iommu group 54\n[    1.510675] pci 0000:ae:0d.3: Adding to iommu group 54\n[    1.510704] pci 0000:af:00.0: Adding to iommu group 55\n[    1.510780] pci 0000:d7:05.0: Adding to iommu group 56\n[    1.510817] pci 0000:d7:05.2: Adding to iommu group 56\n[    1.510855] pci 0000:d7:05.4: Adding to iommu group 56\n[    1.510912] pci 0000:d7:0e.0: Adding to iommu group 57\n[    1.510951] pci 0000:d7:0e.1: Adding to iommu group 57\n[    1.511010] pci 0000:d7:0f.0: Adding to iommu group 58\n[    1.511049] pci 0000:d7:0f.1: Adding to iommu group 58\n[    1.511125] pci 0000:d7:12.0: Adding to iommu group 59\n[    1.511162] pci 0000:d7:12.1: Adding to iommu group 59\n[    1.511201] pci 0000:d7:12.2: Adding to iommu group 59\n[    1.511259] pci 0000:d7:15.0: Adding to iommu group 60\n[    1.511297] pci 0000:d7:15.1: Adding to iommu group 60\n[    1.511387] pci 0000:d7:16.0: Adding to iommu group 61\n[    1.511425] pci 0000:d7:16.1: Adding to iommu group 61\n[    1.511463] pci 0000:d7:16.4: Adding to iommu group 61\n[    1.511503] pci 0000:d7:16.5: Adding to iommu group 61\n[    1.511514] DMAR: Intel(R) Virtualization Technology for Directed I/O\n[    1.528879] Initialise system trusted keyrings\n[    1.528886] Key type blacklist registered\n[    1.528934] workingset: timestamp_bits=36 max_order=24 bucket_order=0\n[    1.530214] zbud: loaded\n[    1.530441] pstore: using deflate compression\n[    1.530808] Platform Keyring initialized\n[    1.608296] NET: Registered protocol family 38\n[    1.608299] Key type asymmetric registered\n[    1.608300] Asymmetric key parser 'x509' registered\n[    1.608311] Block layer SCSI generic (bsg) driver version 0.4 loaded (major 246)\n[    1.608400] io scheduler mq-deadline registered\n[    1.608400] io scheduler kyber registered\n[    1.608438] io scheduler bfq registered\n[    1.608766] atomic64_test: passed for x86-64 platform with CX8 and with SSE\n[    1.609257] pcieport 0000:00:1c.0: Signaling with IRQ 24\n[    1.609433] pcieport 0000:00:1c.4: Signaling with IRQ 25\n[    1.609722] pcieport 0000:17:00.0: Signaling with IRQ 27\n[    1.609928] pcieport 0000:17:02.0: Signaling with IRQ 28\n[    1.610397] pcieport 0000:85:02.0: Signaling with IRQ 30\n[    1.610664] pcieport 0000:ae:00.0: Signaling with IRQ 32\n[    1.610757] shpchp: Standard Hot Plug PCI Controller Driver version: 0.4\n[    1.610798] efifb: probing for efifb\n[    1.610814] efifb: framebuffer at 0x91000000, using 3072k, total 3072k\n[    1.610815] efifb: mode is 1024x768x32, linelength=4096, pages=1\n[    1.610815] efifb: scrolling: redraw\n[    1.610817] efifb: Truecolor: size=8:8:8:8, shift=24:16:8:0\n[    1.610901] Console: switching to colour frame buffer device 128x48\n[    1.627083] fb0: EFI VGA frame buffer device\n[    1.627090] intel_idle: MWAIT substates: 0x2020\n[    1.627091] intel_idle: v0.4.1 model 0x55\n[    1.628449] intel_idle: lapic_timer_reliable_states 0xffffffff\n[    1.628781] input: Power Button as /devices/LNXSYSTM:00/LNXPWRBN:00/input/input0\n[    1.628802] ACPI: Power Button [PWRF]\n[    1.630469] ERST: Error Record Serialization Table (ERST) support is initialized.\n[    1.630567] pstore: Registered erst as persistent store backend\n[    1.631133] GHES: APEI firmware first mode is enabled by APEI bit and WHEA _OSC.\n[    1.631238] Serial: 8250/16550 driver, 4 ports, IRQ sharing enabled\n[    1.651958] 00:02: ttyS1 at I/O 0x2f8 (irq = 3, base_baud = 115200) is a 16550A\n[    1.672765] 00:03: ttyS0 at I/O 0x3f8 (irq = 4, base_baud = 115200) is a 16550A\n[    1.673304] Non-volatile memory driver v1.3\n[    1.677520] rdac: device handler registered\n[    1.677602] hp_sw: device handler registered\n[    1.677603] emc: device handler registered\n[    1.677720] alua: device handler registered\n[    1.677752] libphy: Fixed MDIO Bus: probed\n[    1.677821] ehci_hcd: USB 2.0 'Enhanced' Host Controller (EHCI) Driver\n[    1.677823] ehci-pci: EHCI PCI platform driver\n[    1.677840] ohci_hcd: USB 1.1 'Open' Host Controller (OHCI) Driver\n[    1.677842] ohci-pci: OHCI PCI platform driver\n[    1.677858] uhci_hcd: USB Universal Host Controller Interface driver\n[    1.678050] xhci_hcd 0000:00:14.0: xHCI Host Controller\n[    1.678086] xhci_hcd 0000:00:14.0: new USB bus registered, assigned bus number 1\n[    1.679195] xhci_hcd 0000:00:14.0: hcc params 0x200077c1 hci version 0x100 quirks 0x0000000000009810\n[    1.679199] xhci_hcd 0000:00:14.0: cache line size of 64 is not supported\n[    1.679416] usb usb1: New USB device found, idVendor=1d6b, idProduct=0002, bcdDevice= 4.18\n[    1.679417] usb usb1: New USB device strings: Mfr=3, Product=2, SerialNumber=1\n[    1.679418] usb usb1: Product: xHCI Host Controller\n[    1.679419] usb usb1: Manufacturer: Linux 4.18.0-193.el8.x86_64 xhci-hcd\n[    1.679420] usb usb1: SerialNumber: 0000:00:14.0\n[    1.679552] hub 1-0:1.0: USB hub found\n[    1.679569] hub 1-0:1.0: 16 ports detected\n[    1.680521] xhci_hcd 0000:00:14.0: xHCI Host Controller\n[    1.680542] xhci_hcd 0000:00:14.0: new USB bus registered, assigned bus number 2\n[    1.680544] xhci_hcd 0000:00:14.0: Host supports USB 3.0  SuperSpeed\n[    1.680571] usb usb2: New USB device found, idVendor=1d6b, idProduct=0003, bcdDevice= 4.18\n[    1.680572] usb usb2: New USB device strings: Mfr=3, Product=2, SerialNumber=1\n[    1.680573] usb usb2: Product: xHCI Host Controller\n[    1.680573] usb usb2: Manufacturer: Linux 4.18.0-193.el8.x86_64 xhci-hcd\n[    1.680574] usb usb2: SerialNumber: 0000:00:14.0\n[    1.680631] hub 2-0:1.0: USB hub found\n[    1.680689] hub 2-0:1.0: 10 ports detected\n[    1.680991] usb: port power management may be unreliable\n[    1.681310] usbcore: registered new interface driver usbserial_generic\n[    1.681314] usbserial: USB Serial support registered for generic\n[    1.681348] i8042: PNP: No PS/2 controller found.\n[    1.681370] mousedev: PS/2 mouse device common for all mice\n[    1.681426] rtc_cmos 00:00: RTC can wake from S4\n[    1.681688] rtc_cmos 00:00: registered as rtc0\n[    1.681700] rtc_cmos 00:00: alarms up to one month, y3k, 114 bytes nvram, hpet irqs\n[    1.681711] intel_pstate: Intel P-state driver initializing\n[    1.683364] EFI Variables Facility v0.08 2004-May-17\n[    1.721580] hidraw: raw HID events driver (C) Jiri Kosina\n[    1.721626] usbcore: registered new interface driver usbhid\n[    1.721627] usbhid: USB HID core driver\n[    1.721789] drop_monitor: Initializing network drop monitor service\n[    1.721892] Initializing XFRM netlink socket\n[    1.722089] NET: Registered protocol family 10\n[    1.722481] Segment Routing with IPv6\n[    1.722495] NET: Registered protocol family 17\n[    1.722527] mpls_gso: MPLS GSO support\n[    1.732836] core: Using 20 MCE banks\n[    1.732926] microcode: sig=0x50657, pf=0x1, revision=0x5003003\n[    1.733799] microcode: Microcode Update Driver: v2.2.\n[    1.734459] resctrl: MB allocation detected\n[    1.734460] resctrl: L3 monitoring detected\n[    1.734467] AVX2 version of gcm_enc/dec engaged.\n[    1.734468] AES CTR mode by8 optimization enabled\n[    1.764336] sched_clock: Marking stable (1764331025, 0)->(2110124626, -345793601)\n[    1.764558] registered taskstats version 1\n[    1.764569] Loading compiled-in X.509 certificates\n[    1.794793] Loaded X.509 cert 'CentOS Linux kernel signing key: 5e845a6615b39bf1de63e0d9551f41c3de386d7f'\n[    1.794811] Loaded X.509 cert 'CentOS Linux Driver update signing key: 29bd4c0d06d2e9911044b5dc973309139b51d6d5'\n[    1.794820] Loaded X.509 cert 'CentOS Linux kpatch signing key: b49f086205909dc4da2cfa99376fb191d2f09e78'\n[    1.794874] zswap: loaded using pool lzo/zbud\n[    1.800587] Key type big_key registered\n[    1.803305] Key type encrypted registered\n[    1.804607] integrity: Loading X.509 certificate: UEFI:db\n[    1.804625] integrity: Loaded X.509 cert 'Microsoft Corporation UEFI CA 2011: 13adbf4309bd82709c8cd54f316ed522988a1bd4'\n[    1.804626] integrity: Loading X.509 certificate: UEFI:db\n[    1.804637] integrity: Loaded X.509 cert 'Microsoft Windows Production PCA 2011: a92902398e16c49778cd90f99e4f9ae17c55af53'\n[    1.804638] integrity: Loading X.509 certificate: UEFI:db\n[    1.804674] integrity: Loaded X.509 cert 'VMware, Inc.: 4ad8ba0472073d28127706ddc6ccb9050441bbc7'\n[    1.804675] integrity: Loading X.509 certificate: UEFI:db\n[    1.804845] integrity: Loaded X.509 cert 'VMware, Inc.: VMware Secure Boot Signing: 04597f3e1ffb240bba0ff0f05d5eb05f3e15f6d7'\n[    1.805619] integrity: Loading X.509 certificate: UEFI:MokListRT\n[    1.805628] integrity: Loaded X.509 cert 'CentOS Secure Boot (key 1): f037c6eaec36d4057a526c0ec6d5a95b324ee129'\n[    1.806602] ima: No TPM chip found, activating TPM-bypass!\n[    1.806606] ima: Allocated hash algorithm: sha1\n[    1.806619] evm: Initialising EVM extended attributes:\n[    1.806620] evm: security.selinux\n[    1.806620] evm: security.ima\n[    1.806621] evm: security.capability\n[    1.806621] evm: HMAC attrs: 0x1\n[    1.808390] rtc_cmos 00:00: setting system clock to 2021-07-23 05:25:03 UTC (1627017903)\n[    1.810844] Freeing unused decrypted memory: 2040K\n[    1.811807] Freeing unused kernel memory: 2404K\n[    1.819043] Write protecting the kernel read-only data: 18432k\n[    1.820206] Freeing unused kernel memory: 2020K\n[    1.820339] Freeing unused kernel memory: 248K\n[    1.904054] systemd[1]: systemd 239 running in system mode. (+PAM +AUDIT +SELINUX +IMA -APPARMOR +SMACK +SYSVINIT +UTMP +LIBCRYPTSETUP +GCRYPT +GNUTLS +ACL +XZ +LZ4 +SECCOMP +BLKID +ELFUTILS +KMOD +IDN2 -IDN +PCRE2 default-hierarchy=legacy)\n[    1.916127] systemd[1]: Detected architecture x86-64.\n[    1.916132] systemd[1]: Running in initial RAM disk.\n[    1.918132] systemd[1]: Set hostname to <localhost.localdomain>.\n[    1.957972] random: systemd: uninitialized urandom read (16 bytes read)\n[    1.958711] systemd[1]: Created slice system-systemd\\x2dhibernate\\x2dresume.slice.\n[    1.958746] random: systemd: uninitialized urandom read (16 bytes read)\n[    1.958791] systemd[1]: Listening on udev Kernel Socket.\n[    1.958800] random: systemd: uninitialized urandom read (16 bytes read)\n[    1.958856] systemd[1]: Listening on Journal Socket (/dev/log).\n[    1.958866] systemd[1]: Reached target Timers.\n[    1.958880] systemd[1]: Reached target Slices.\n[    1.958888] systemd[1]: Reached target Swap.\n[    2.006013] usb 1-14: new high-speed USB device number 2 using xhci_hcd\n[    2.129826] device-mapper: uevent: version 1.0.3\n[    2.129885] device-mapper: ioctl: 4.39.0-ioctl (2018-04-03) initialised: dm-devel@redhat.com\n[    2.133105] usb 1-14: New USB device found, idVendor=1604, idProduct=10c0, bcdDevice= 0.00\n[    2.133106] usb 1-14: New USB device strings: Mfr=0, Product=0, SerialNumber=0\n[    2.133562] hub 1-14:1.0: USB hub found\n[    2.133585] hub 1-14:1.0: 4 ports detected\n[    2.508832] libata version 3.00 loaded.\n[    2.515708] ahci 0000:00:11.5: version 3.0\n[    2.516190] ahci 0000:00:11.5: AHCI 0001.0301 32 slots 6 ports 6 Gbps 0x3f impl SATA mode\n[    2.516193] ahci 0000:00:11.5: flags: 64bit ncq sntf pm led clo only pio slum part ems deso sadm sds apst \n[    2.528016] tsc: Refined TSC clocksource calibration: 2194.843 MHz\n[    2.528036] clocksource: tsc: mask: 0xffffffffffffffff max_cycles: 0x1fa32b623c0, max_idle_ns: 440795289684 ns\n[    2.529229] clocksource: Switched to clocksource tsc\n[    2.531875] mpt3sas version 32.100.00.00 loaded\n[    2.532629] mpt3sas_cm0: 63 BIT PCI BUS DMA ADDRESSING SUPPORTED, total mem (65471020 kB)\n[    2.533158] scsi host1: ahci\n[    2.533352] scsi host2: ahci\n[    2.533441] scsi host3: ahci\n[    2.533524] scsi host4: ahci\n[    2.533639] scsi host5: ahci\n[    2.533724] scsi host6: ahci\n[    2.533782] ata1: SATA max UDMA/133 abar m524288@0x92a80000 port 0x92a80100 irq 34\n[    2.533799] ata2: SATA max UDMA/133 abar m524288@0x92a80000 port 0x92a80180 irq 34\n[    2.533814] ata3: SATA max UDMA/133 abar m524288@0x92a80000 port 0x92a80200 irq 34\n[    2.533830] ata4: SATA max UDMA/133 abar m524288@0x92a80000 port 0x92a80280 irq 34\n[    2.533847] ata5: SATA max UDMA/133 abar m524288@0x92a80000 port 0x92a80300 irq 34\n[    2.533863] ata6: SATA max UDMA/133 abar m524288@0x92a80000 port 0x92a80380 irq 34\n[    2.535742] ahci 0000:00:17.0: AHCI 0001.0301 32 slots 8 ports 6 Gbps 0xff impl SATA mode\n[    2.535744] ahci 0000:00:17.0: flags: 64bit ncq sntf pm led clo only pio slum part ems deso sadm sds apst \n[    2.563598] scsi host7: ahci\n[    2.563756] scsi host8: ahci\n[    2.563834] scsi host9: ahci\n[    2.563911] scsi host10: ahci\n[    2.563982] scsi host11: ahci\n[    2.564076] scsi host12: ahci\n[    2.564172] scsi host13: ahci\n[    2.564253] scsi host14: ahci\n[    2.564293] ata7: SATA max UDMA/133 abar m524288@0x92a00000 port 0x92a00100 irq 36\n[    2.564294] ata8: SATA max UDMA/133 abar m524288@0x92a00000 port 0x92a00180 irq 36\n[    2.564296] ata9: SATA max UDMA/133 abar m524288@0x92a00000 port 0x92a00200 irq 36\n[    2.564297] ata10: SATA max UDMA/133 abar m524288@0x92a00000 port 0x92a00280 irq 36\n[    2.564298] ata11: SATA max UDMA/133 abar m524288@0x92a00000 port 0x92a00300 irq 36\n[    2.564300] ata12: SATA max UDMA/133 abar m524288@0x92a00000 port 0x92a00380 irq 36\n[    2.564301] ata13: SATA max UDMA/133 abar m524288@0x92a00000 port 0x92a00400 irq 36\n[    2.564302] ata14: SATA max UDMA/133 abar m524288@0x92a00000 port 0x92a00480 irq 36\n[    2.571825] checking generic (91000000 300000) vs hw (91000000 1000000)\n[    2.571826] fb: switching to mgag200drmfb from EFI VGA\n[    2.571863] Console: switching to colour dummy device 80x25\n[    2.572029] mgag200 0000:03:00.0: vgaarb: deactivate vga console\n[    2.576456] [TTM] Zone  kernel: Available graphics memory: 32735510 KiB\n[    2.576457] [TTM] Zone   dma32: Available graphics memory: 2097152 KiB\n[    2.576457] [TTM] Initializing pool allocator\n[    2.576460] [TTM] Initializing DMA pool allocator\n[    2.600007] mpt3sas_cm0: CurrentHostPageSize is 0: Setting default host page size to 4k\n[    2.600023] mpt3sas_cm0: MSI-X vectors supported: 96\n[    2.600024] \t no of cores: 40, max_msix_vectors: -1\n[    2.600025] mpt3sas_cm0:  0 40\n[    2.600749] mpt3sas_cm0: High IOPs queues : disabled\n[    2.600750] mpt3sas0-msix0: PCI-MSI-X enabled: IRQ 37\n[    2.600750] mpt3sas0-msix1: PCI-MSI-X enabled: IRQ 38\n[    2.600751] mpt3sas0-msix2: PCI-MSI-X enabled: IRQ 39\n[    2.600751] mpt3sas0-msix3: PCI-MSI-X enabled: IRQ 40\n[    2.600752] mpt3sas0-msix4: PCI-MSI-X enabled: IRQ 41\n[    2.600752] mpt3sas0-msix5: PCI-MSI-X enabled: IRQ 42\n[    2.600753] mpt3sas0-msix6: PCI-MSI-X enabled: IRQ 43\n[    2.600753] mpt3sas0-msix7: PCI-MSI-X enabled: IRQ 44\n[    2.600754] mpt3sas0-msix8: PCI-MSI-X enabled: IRQ 45\n[    2.600754] mpt3sas0-msix9: PCI-MSI-X enabled: IRQ 46\n[    2.600755] mpt3sas0-msix10: PCI-MSI-X enabled: IRQ 47\n[    2.600756] mpt3sas0-msix11: PCI-MSI-X enabled: IRQ 48\n[    2.600756] mpt3sas0-msix12: PCI-MSI-X enabled: IRQ 49\n[    2.600757] mpt3sas0-msix13: PCI-MSI-X enabled: IRQ 50\n[    2.600757] mpt3sas0-msix14: PCI-MSI-X enabled: IRQ 51\n[    2.600757] mpt3sas0-msix15: PCI-MSI-X enabled: IRQ 52\n[    2.600758] mpt3sas0-msix16: PCI-MSI-X enabled: IRQ 53\n[    2.600758] mpt3sas0-msix17: PCI-MSI-X enabled: IRQ 54\n[    2.600759] mpt3sas0-msix18: PCI-MSI-X enabled: IRQ 55\n[    2.600759] mpt3sas0-msix19: PCI-MSI-X enabled: IRQ 56\n[    2.600760] mpt3sas0-msix20: PCI-MSI-X enabled: IRQ 57\n[    2.600760] mpt3sas0-msix21: PCI-MSI-X enabled: IRQ 58\n[    2.600760] mpt3sas0-msix22: PCI-MSI-X enabled: IRQ 59\n[    2.600761] mpt3sas0-msix23: PCI-MSI-X enabled: IRQ 60\n[    2.600761] mpt3sas0-msix24: PCI-MSI-X enabled: IRQ 61\n[    2.600762] mpt3sas0-msix25: PCI-MSI-X enabled: IRQ 62\n[    2.600762] mpt3sas0-msix26: PCI-MSI-X enabled: IRQ 63\n[    2.600763] mpt3sas0-msix27: PCI-MSI-X enabled: IRQ 64\n[    2.600763] mpt3sas0-msix28: PCI-MSI-X enabled: IRQ 65\n[    2.600763] mpt3sas0-msix29: PCI-MSI-X enabled: IRQ 66\n[    2.600764] mpt3sas